Archive member included because of file (symbol)

/Users/vivid/Dropbox/My files/code/BubbleArm/CMSISv2p00_LPC11xx/Debug/libCMSISv2p00_LPC11xx.a(system_LPC11xx.o)
                              ./Source/cr_startup_lpc11.o (SystemInit)
/Applications/lpcxpresso_5.0.12_1041/lpcxpresso/tools/bin/../lib/gcc/arm-none-eabi/4.6.2/../../../../arm-none-eabi/lib/armv6-m/libcr_c.a(memcpy.o)
                              ./Source/FreeRTOS_Source/queue.o (memcpy)
/Applications/lpcxpresso_5.0.12_1041/lpcxpresso/tools/bin/../lib/gcc/arm-none-eabi/4.6.2/../../../../arm-none-eabi/lib/armv6-m/libcr_c.a(memset.o)
                              ./Source/FreeRTOS_Source/tasks.o (memset)
/Applications/lpcxpresso_5.0.12_1041/lpcxpresso/tools/bin/../lib/gcc/arm-none-eabi/4.6.2/../../../../arm-none-eabi/lib/armv6-m/libcr_c.a(__weak__main.o)
                              ./Source/cr_startup_lpc11.o (__main)
/Applications/lpcxpresso_5.0.12_1041/lpcxpresso/tools/bin/../lib/gcc/arm-none-eabi/4.6.2/../../../../arm-none-eabi/lib/armv6-m/libcr_c.a(fpprintf.o)
                              ./Source/FreeRTOS_Source/tasks.o (sprintf)
/Applications/lpcxpresso_5.0.12_1041/lpcxpresso/tools/bin/../lib/gcc/arm-none-eabi/4.6.2/../../../../arm-none-eabi/lib/armv6-m/libcr_c.a(memcmp.o)
                              ./Source/FreeRTOS_Source/tasks.o (memcmp)
/Applications/lpcxpresso_5.0.12_1041/lpcxpresso/tools/bin/../lib/gcc/arm-none-eabi/4.6.2/../../../../arm-none-eabi/lib/armv6-m/libcr_c.a(printf.o)
                              /Applications/lpcxpresso_5.0.12_1041/lpcxpresso/tools/bin/../lib/gcc/arm-none-eabi/4.6.2/../../../../arm-none-eabi/lib/armv6-m/libcr_c.a(fpprintf.o) (__vfprintf)
/Applications/lpcxpresso_5.0.12_1041/lpcxpresso/tools/bin/../lib/gcc/arm-none-eabi/4.6.2/../../../../arm-none-eabi/lib/armv6-m/libcr_c.a(stdio.o)
                              /Applications/lpcxpresso_5.0.12_1041/lpcxpresso/tools/bin/../lib/gcc/arm-none-eabi/4.6.2/../../../../arm-none-eabi/lib/armv6-m/libcr_c.a(fpprintf.o) (__Ciob)
/Applications/lpcxpresso_5.0.12_1041/lpcxpresso/tools/bin/../lib/gcc/arm-none-eabi/4.6.2/../../../../arm-none-eabi/lib/armv6-m/libcr_c.a(strcat.o)
                              ./Source/FreeRTOS_Source/tasks.o (strcat)
/Applications/lpcxpresso_5.0.12_1041/lpcxpresso/tools/bin/../lib/gcc/arm-none-eabi/4.6.2/../../../../arm-none-eabi/lib/armv6-m/libcr_c.a(strlen.o)
                              /Applications/lpcxpresso_5.0.12_1041/lpcxpresso/tools/bin/../lib/gcc/arm-none-eabi/4.6.2/../../../../arm-none-eabi/lib/armv6-m/libcr_c.a(printf.o) (strlen)
/Applications/lpcxpresso_5.0.12_1041/lpcxpresso/tools/bin/../lib/gcc/arm-none-eabi/4.6.2/../../../../arm-none-eabi/lib/armv6-m/libcr_c.a(strncpy.o)
                              ./Source/FreeRTOS_Source/tasks.o (strncpy)
/Applications/lpcxpresso_5.0.12_1041/lpcxpresso/tools/bin/../lib/gcc/arm-none-eabi/4.6.2/../../../../arm-none-eabi/lib/armv6-m/libcr_c.a(__fillbuf.o)
                              /Applications/lpcxpresso_5.0.12_1041/lpcxpresso/tools/bin/../lib/gcc/arm-none-eabi/4.6.2/../../../../arm-none-eabi/lib/armv6-m/libcr_c.a(stdio.o) (__filbuf)
/Applications/lpcxpresso_5.0.12_1041/lpcxpresso/tools/bin/../lib/gcc/arm-none-eabi/4.6.2/../../../../arm-none-eabi/lib/armv6-m/libcr_c.a(_deferredlazyseek.o)
                              /Applications/lpcxpresso_5.0.12_1041/lpcxpresso/tools/bin/../lib/gcc/arm-none-eabi/4.6.2/../../../../arm-none-eabi/lib/armv6-m/libcr_c.a(__fillbuf.o) (_deferredlazyseek)
/Applications/lpcxpresso_5.0.12_1041/lpcxpresso/tools/bin/../lib/gcc/arm-none-eabi/4.6.2/../../../../arm-none-eabi/lib/armv6-m/libcr_c.a(_fflush.o)
                              /Applications/lpcxpresso_5.0.12_1041/lpcxpresso/tools/bin/../lib/gcc/arm-none-eabi/4.6.2/../../../../arm-none-eabi/lib/armv6-m/libcr_c.a(__fillbuf.o) (_fflush)
/Applications/lpcxpresso_5.0.12_1041/lpcxpresso/tools/bin/../lib/gcc/arm-none-eabi/4.6.2/../../../../arm-none-eabi/lib/armv6-m/libcr_c.a(_frexpl.o)
                              /Applications/lpcxpresso_5.0.12_1041/lpcxpresso/tools/bin/../lib/gcc/arm-none-eabi/4.6.2/../../../../arm-none-eabi/lib/armv6-m/libcr_c.a(fpprintf.o) (_frexpl)
/Applications/lpcxpresso_5.0.12_1041/lpcxpresso/tools/bin/../lib/gcc/arm-none-eabi/4.6.2/../../../../arm-none-eabi/lib/armv6-m/libcr_c.a(_ldexpl.o)
                              /Applications/lpcxpresso_5.0.12_1041/lpcxpresso/tools/bin/../lib/gcc/arm-none-eabi/4.6.2/../../../../arm-none-eabi/lib/armv6-m/libcr_c.a(fpprintf.o) (_ldexpl)
/Applications/lpcxpresso_5.0.12_1041/lpcxpresso/tools/bin/../lib/gcc/arm-none-eabi/4.6.2/../../../../arm-none-eabi/lib/armv6-m/libcr_c.a(_writebuf.o)
                              /Applications/lpcxpresso_5.0.12_1041/lpcxpresso/tools/bin/../lib/gcc/arm-none-eabi/4.6.2/../../../../arm-none-eabi/lib/armv6-m/libcr_c.a(_deferredlazyseek.o) (_Cwritebuf)
/Applications/lpcxpresso_5.0.12_1041/lpcxpresso/tools/bin/../lib/gcc/arm-none-eabi/4.6.2/../../../../arm-none-eabi/lib/armv6-m/libcr_c.a(alloc.o)
[...]
Memory Configuration

Name             Origin             Length             Attributes
MFlash24         0x0000000000000000 0x0000000000006000 xr
RamLoc8          0x0000000010000000 0x0000000000002000 xrw
*default*        0x0000000000000000 0xffffffffffffffff

Linker script and memory map

LOAD ./Source/driver/adc.o
LOAD ./Source/driver/can.o
LOAD ./Source/driver/clkconfig.o
LOAD ./Source/driver/crp.o
LOAD ./Source/driver/debug_printf.o
LOAD ./Source/driver/gpio.o
LOAD ./Source/driver/i2c.o
LOAD ./Source/driver/i2cslave.o
LOAD ./Source/driver/lpc_swu.o
LOAD ./Source/driver/rs485.o
LOAD ./Source/driver/small_gpio.o
LOAD ./Source/driver/ssp.o
LOAD ./Source/driver/timer16.o
LOAD ./Source/driver/timer32.o
LOAD ./Source/driver/uart.o
LOAD ./Source/driver/wdt.o
LOAD ./Source/FreeRTOS_Source/portable/MemMang/heap_1.o
LOAD ./Source/FreeRTOS_Source/portable/GCC/ARM_CM0/port.o
LOAD ./Source/FreeRTOS_Source/croutine.o
LOAD ./Source/FreeRTOS_Source/list.o
LOAD ./Source/FreeRTOS_Source/queue.o
LOAD ./Source/FreeRTOS_Source/tasks.o
LOAD ./Source/FreeRTOS_Source/timers.o
LOAD ./Source/UartPacket.o
LOAD ./Source/control.o
LOAD ./Source/cr_startup_lpc11.o
LOAD ./Source/flowrate.o
LOAD ./Source/main.o
LOAD ./Source/pumps.o
LOAD /Users/vivid/Dropbox/My files/code/BubbleArm/CMSISv2p00_LPC11xx/Debug/libCMSISv2p00_LPC11xx.a
START GROUP
LOAD /Applications/lpcxpresso_5.0.12_1041/lpcxpresso/tools/bin/../lib/gcc/arm-none-eabi/4.6.2/../../../../arm-none-eabi/lib/armv6-m/libcr_c.a
LOAD /Applications/lpcxpresso_5.0.12_1041/lpcxpresso/tools/bin/../lib/gcc/arm-none-eabi/4.6.2/armv6-m/libcr_eabihelpers.a
END GROUP
                0x0000000000006000                __top_MFlash24 = 0x6000
                0x0000000010002000                __top_RamLoc8 = 0x10002000

.text           0x0000000000000000     0x3d30
 FILL mask 0xff
 *(.isr_vector)
 .isr_vector    0x0000000000000000       0xc0 ./Source/cr_startup_lpc11.o
                0x0000000000000000                g_pfnVectors
                0x00000000000000c0                . = ALIGN (0x4)
                0x00000000000000c0                __section_table_start = .
                0x00000000000000c0                __data_section_table = .
                0x00000000000000c0        0x4 LONG 0x3d30 LOADADDR (.data)
                0x00000000000000c4        0x4 LONG 0x10000000 ADDR (.data)
                0x00000000000000c8        0x4 LONG 0x10 SIZEOF (.data)
                0x00000000000000cc                __data_section_table_end = .
                0x00000000000000cc                __bss_section_table = .
                0x00000000000000cc        0x4 LONG 0x10000010 ADDR (.bss)
                0x00000000000000d0        0x4 LONG 0x1e00 SIZEOF (.bss)
                0x00000000000000d4                __bss_section_table_end = .
                0x00000000000000d4                __section_table_end = .
 *(.after_vectors*)
 .after_vectors
                0x00000000000000d4       0x9c ./Source/cr_startup_lpc11.o
                0x00000000000000d4                NMI_Handler
                0x00000000000000d8                HardFault_Handler
                0x0000000000000106                data_init
                0x0000000000000118                bss_init
                0x000000000000012a                ResetISR
                0x000000000000016c                SSP0_IRQHandler
                0x000000000000016c                TIMER16_1_IRQHandler
                0x000000000000016c                ADC_IRQHandler
                0x000000000000016c                SSP1_IRQHandler
                0x000000000000016c                BOD_IRQHandler
                0x000000000000016c                WAKEUP_IRQHandler
                0x000000000000016c                PIOINT0_IRQHandler
                0x000000000000016c                WDT_IRQHandler
                0x000000000000016c                TIMER16_0_IRQHandler
                0x000000000000016c                PIOINT3_IRQHandler
                0x000000000000016c                TIMER32_0_IRQHandler
                0x000000000000016c                IntDefaultHandler
                0x000000000000016c                PIOINT1_IRQHandler
                0x000000000000016c                CAN_IRQHandler
 *(.text*)
 .text.GPIOInit
                0x0000000000000170       0x1c ./Source/driver/gpio.o
                0x0000000000000170                GPIOInit
 .text.GPIOSetInterrupt
                0x000000000000018c      0x334 ./Source/driver/gpio.o
                0x000000000000018c                GPIOSetInterrupt
 .text.GPIOIntEnable
                0x00000000000004c0       0xa8 ./Source/driver/gpio.o
                0x00000000000004c0                GPIOIntEnable
 .text.GPIOIntClear
                0x0000000000000568       0xa8 ./Source/driver/gpio.o
                0x0000000000000568                GPIOIntClear
 .text.GPIOSetValue
                0x0000000000000610       0x38 ./Source/driver/gpio.o
                0x0000000000000610                GPIOSetValue
 .text.GPIOToggle
                0x0000000000000648       0x40 ./Source/driver/gpio.o
                0x0000000000000648                GPIOToggle
 .text.GPIOSetDir
                0x0000000000000688       0x74 ./Source/driver/gpio.o
                0x0000000000000688                GPIOSetDir
 .text.NVIC_EnableIRQ
                0x00000000000006fc       0x2c ./Source/driver/i2c.o
 .text.I2C_IRQHandler
                0x0000000000000728      0x204 ./Source/driver/i2c.o
                0x0000000000000728                I2C_IRQHandler
 .text.I2CInit  0x000000000000092c       0xa0 ./Source/driver/i2c.o
                0x000000000000092c                I2CInit
 .text.I2CEngine
                0x00000000000009cc       0x6c ./Source/driver/i2c.o
                0x00000000000009cc                I2CEngine
 .text.NVIC_EnableIRQ
                0x0000000000000a38       0x2c ./Source/driver/uart.o
 .text.NVIC_DisableIRQ
                0x0000000000000a64       0x30 ./Source/driver/uart.o
 .text.UARTInit
                0x0000000000000a94      0x120 ./Source/driver/uart.o
                0x0000000000000a94                UARTInit
 .text.pvPortMalloc
                0x0000000000000bb4       0x7c ./Source/FreeRTOS_Source/portable/MemMang/heap_1.o
                0x0000000000000bb4                pvPortMalloc
 .text.vPortFree
                0x0000000000000c30       0x18 ./Source/FreeRTOS_Source/portable/MemMang/heap_1.o
                0x0000000000000c30                vPortFree
 .text.pxPortInitialiseStack
                0x0000000000000c48       0x44 ./Source/FreeRTOS_Source/portable/GCC/ARM_CM0/port.o
                0x0000000000000c48                pxPortInitialiseStack
 .text.SVCall_Handler
                0x0000000000000c8c       0x28 ./Source/FreeRTOS_Source/portable/GCC/ARM_CM0/port.o
                0x0000000000000c8c                SVCall_Handler
 .text.vPortStartFirstTask
                0x0000000000000cb4       0x10 ./Source/FreeRTOS_Source/portable/GCC/ARM_CM0/port.o
 .text.xPortStartScheduler
                0x0000000000000cc4       0x40 ./Source/FreeRTOS_Source/portable/GCC/ARM_CM0/port.o
                0x0000000000000cc4                xPortStartScheduler
 .text.vPortYieldFromISR
                0x0000000000000d04       0x14 ./Source/FreeRTOS_Source/portable/GCC/ARM_CM0/port.o
                0x0000000000000d04                vPortYieldFromISR
 .text.vPortEnterCritical
                0x0000000000000d18       0x18 ./Source/FreeRTOS_Source/portable/GCC/ARM_CM0/port.o
                0x0000000000000d18                vPortEnterCritical
 .text.vPortExitCritical
                0x0000000000000d30       0x20 ./Source/FreeRTOS_Source/portable/GCC/ARM_CM0/port.o
                0x0000000000000d30                vPortExitCritical
 .text.PendSV_Handler
                0x0000000000000d50       0x44 ./Source/FreeRTOS_Source/portable/GCC/ARM_CM0/port.o
                0x0000000000000d50                PendSV_Handler
 .text.SysTick_Handler
                0x0000000000000d94       0x24 ./Source/FreeRTOS_Source/portable/GCC/ARM_CM0/port.o
                0x0000000000000d94                SysTick_Handler
 .text.prvSetupTimerInterrupt
                0x0000000000000db8       0x30 ./Source/FreeRTOS_Source/portable/GCC/ARM_CM0/port.o
 .text.vListInitialise
                0x0000000000000de8       0x3c ./Source/FreeRTOS_Source/list.o
                0x0000000000000de8                vListInitialise
 .text.vListInitialiseItem
                0x0000000000000e24       0x14 ./Source/FreeRTOS_Source/list.o
                0x0000000000000e24                vListInitialiseItem
 .text.vListInsertEnd
                0x0000000000000e38       0x4c ./Source/FreeRTOS_Source/list.o
                0x0000000000000e38                vListInsertEnd
 .text.vListInsert
                0x0000000000000e84       0x70 ./Source/FreeRTOS_Source/list.o
                0x0000000000000e84                vListInsert
 .text.uxListRemove
                0x0000000000000ef4       0x50 ./Source/FreeRTOS_Source/list.o
                0x0000000000000ef4                uxListRemove
 .text.xQueueGenericReset
                0x0000000000000f44       0xa8 ./Source/FreeRTOS_Source/queue.o
                0x0000000000000f44                xQueueGenericReset
 .text.xQueueGenericCreate
                0x0000000000000fec       0x8c ./Source/FreeRTOS_Source/queue.o
                0x0000000000000fec                xQueueGenericCreate
 .text.xQueueGenericSend
                0x0000000000001078      0x138 ./Source/FreeRTOS_Source/queue.o
                0x0000000000001078                xQueueGenericSend
 .text.xQueueGenericSendFromISR
                0x00000000000011b0       0xa4 ./Source/FreeRTOS_Source/queue.o
                0x00000000000011b0                xQueueGenericSendFromISR
 .text.xQueueGenericReceive
                0x0000000000001254      0x194 ./Source/FreeRTOS_Source/queue.o
                0x0000000000001254                xQueueGenericReceive
 .text.prvCopyDataToQueue
                0x00000000000013e8       0xbc ./Source/FreeRTOS_Source/queue.o
 .text.prvCopyDataFromQueue
                0x00000000000014a4       0x50 ./Source/FreeRTOS_Source/queue.o
 .text.prvUnlockQueue
                0x00000000000014f4       0x94 ./Source/FreeRTOS_Source/queue.o
 .text.prvIsQueueEmpty
                0x0000000000001588       0x24 ./Source/FreeRTOS_Source/queue.o
 .text.prvIsQueueFull
                0x00000000000015ac       0x2c ./Source/FreeRTOS_Source/queue.o
 .text.xTaskGenericCreate
                0x00000000000015d8      0x198 ./Source/FreeRTOS_Source/tasks.o
                0x00000000000015d8                xTaskGenericCreate
 .text.vTaskDelayUntil
                0x0000000000001770       0xb0 ./Source/FreeRTOS_Source/tasks.o
                0x0000000000001770                vTaskDelayUntil
 .text.vTaskStartScheduler
                0x0000000000001820       0x64 ./Source/FreeRTOS_Source/tasks.o
                0x0000000000001820                vTaskStartScheduler
 .text.vTaskSuspendAll
                0x0000000000001884       0x18 ./Source/FreeRTOS_Source/tasks.o
                0x0000000000001884                vTaskSuspendAll
 .text.xTaskResumeAll
                0x000000000000189c      0x104 ./Source/FreeRTOS_Source/tasks.o
                0x000000000000189c                xTaskResumeAll
 .text.xTaskGetTickCount
                0x00000000000019a0       0x24 ./Source/FreeRTOS_Source/tasks.o
                0x00000000000019a0                xTaskGetTickCount
 .text.vTaskIncrementTick
                0x00000000000019c4      0x14c ./Source/FreeRTOS_Source/tasks.o
                0x00000000000019c4                vTaskIncrementTick
 .text.vTaskSwitchContext
                0x0000000000001b10       0xf4 ./Source/FreeRTOS_Source/tasks.o
                0x0000000000001b10                vTaskSwitchContext
 .text.vTaskPlaceOnEventList
                0x0000000000001c04       0x6c ./Source/FreeRTOS_Source/tasks.o
                0x0000000000001c04                vTaskPlaceOnEventList
 .text.xTaskRemoveFromEventList
                0x0000000000001c70       0xb0 ./Source/FreeRTOS_Source/tasks.o
                0x0000000000001c70                xTaskRemoveFromEventList
 .text.vTaskSetTimeOutState
                0x0000000000001d20       0x30 ./Source/FreeRTOS_Source/tasks.o
                0x0000000000001d20                vTaskSetTimeOutState
 .text.xTaskCheckForTimeOut
                0x0000000000001d50       0x9c ./Source/FreeRTOS_Source/tasks.o
                0x0000000000001d50                xTaskCheckForTimeOut
 .text.vTaskMissedYield
                0x0000000000001dec       0x14 ./Source/FreeRTOS_Source/tasks.o
                0x0000000000001dec                vTaskMissedYield
 .text.prvIdleTask
                0x0000000000001e00       0x24 ./Source/FreeRTOS_Source/tasks.o
 .text.prvInitialiseTCBVariables
                0x0000000000001e24       0x70 ./Source/FreeRTOS_Source/tasks.o
 .text.prvInitialiseTaskLists
                0x0000000000001e94       0x88 ./Source/FreeRTOS_Source/tasks.o
 .text.prvCheckTasksWaitingTermination
                0x0000000000001f1c       0x70 ./Source/FreeRTOS_Source/tasks.o
 .text.prvAddCurrentTaskToDelayedList
                0x0000000000001f8c       0x6c ./Source/FreeRTOS_Source/tasks.o
 .text.prvAllocateTCBAndStack
                0x0000000000001ff8       0x70 ./Source/FreeRTOS_Source/tasks.o
 .text.prvDeleteTCB
                0x0000000000002068       0x20 ./Source/FreeRTOS_Source/tasks.o
 .text.xTaskGetCurrentTaskHandle
                0x0000000000002088       0x1c ./Source/FreeRTOS_Source/tasks.o
                0x0000000000002088                xTaskGetCurrentTaskHandle
 .text.vTaskPriorityInherit
                0x00000000000020a4       0xac ./Source/FreeRTOS_Source/tasks.o
                0x00000000000020a4                vTaskPriorityInherit
 .text.vTaskPriorityDisinherit
                0x0000000000002150       0x7c ./Source/FreeRTOS_Source/tasks.o
                0x0000000000002150                vTaskPriorityDisinherit
 .text.prvDataReceiveTask
                0x00000000000021cc      0x174 ./Source/UartPacket.o
                0x00000000000021cc                prvDataReceiveTask
 .text.PacketInit
                0x0000000000002340       0x48 ./Source/UartPacket.o
                0x0000000000002340                PacketInit
 .text.PacketSend
                0x0000000000002388      0x118 ./Source/UartPacket.o
                0x0000000000002388                PacketSend
 .text.UART_IRQHandler
                0x00000000000024a0      0x280 ./Source/UartPacket.o
                0x00000000000024a0                UART_IRQHandler
 .text.prvControlTask
                0x0000000000002720       0x6c ./Source/control.o
                0x0000000000002720                prvControlTask
 .text.abs      0x000000000000278c       0x20 ./Source/control.o
                0x000000000000278c                abs
 .text.PIDCalcu
                0x00000000000027ac       0xfc ./Source/control.o
                0x00000000000027ac                PIDCalcu
 .text.ControlInit
                0x00000000000028a8       0xbc ./Source/control.o
                0x00000000000028a8                ControlInit
 .text.SetSpeeds
                0x0000000000002964       0xa8 ./Source/control.o
                0x0000000000002964                SetSpeeds
 .text.SetTemperatures
                0x0000000000002a0c       0x68 ./Source/control.o
                0x0000000000002a0c                SetTemperatures
 .text.Control  0x0000000000002a74       0xb4 ./Source/control.o
                0x0000000000002a74                Control
 .text.pop_registers_from_fault_stack
                0x0000000000002b28       0x28 ./Source/cr_startup_lpc11.o
                0x0000000000002b28                pop_registers_from_fault_stack
 .text.NVIC_EnableIRQ
                0x0000000000002b50       0x2c ./Source/flowrate.o
 .text.prvDataSendTask
                0x0000000000002b7c       0x94 ./Source/flowrate.o
                0x0000000000002b7c                prvDataSendTask
 .text.FlowrateInit
                0x0000000000002c10      0x21c ./Source/flowrate.o
                0x0000000000002c10                FlowrateInit
 .text.TIMER32_1_IRQHandler
                0x0000000000002e2c      0x148 ./Source/flowrate.o
                0x0000000000002e2c                TIMER32_1_IRQHandler
 .text.PIOINT2_IRQHandler
                0x0000000000002f74      0x248 ./Source/flowrate.o
                0x0000000000002f74                PIOINT2_IRQHandler
 .text.main     0x00000000000031bc       0x90 ./Source/main.o
                0x00000000000031bc                main
 .text.prvSetupHardware
                0x000000000000324c       0x7c ./Source/main.o
 .text.vApplicationMallocFailedHook
                0x00000000000032c8        0x8 ./Source/main.o
                0x00000000000032c8                vApplicationMallocFailedHook
 .text.vApplicationStackOverflowHook
                0x00000000000032d0       0x10 ./Source/main.o
                0x00000000000032d0                vApplicationStackOverflowHook
 .text.vApplicationTickHook
                0x00000000000032e0       0x28 ./Source/main.o
                0x00000000000032e0                vApplicationTickHook
 .text.PumpsInit
                0x0000000000003308      0x170 ./Source/pumps.o
                0x0000000000003308                PumpsInit
 .text.PumpsSetSpeed
                0x0000000000003478      0x16c ./Source/pumps.o
                0x0000000000003478                PumpsSetSpeed
 .text.SystemInit
                0x00000000000035e4       0x90 /Users/vivid/Dropbox/My files/code/BubbleArm/CMSISv2p00_LPC11xx/Debug/libCMSISv2p00_LPC11xx.a(system_LPC11xx.o)
                0x00000000000035e4                SystemInit
 .text.memcpy   0x0000000000003674        0x8 /Applications/lpcxpresso_5.0.12_1041/lpcxpresso/tools/bin/../lib/gcc/arm-none-eabi/4.6.2/../../../../arm-none-eabi/lib/armv6-m/libcr_c.a(memcpy.o)
                0x0000000000003674                memcpy
 .text.memset   0x000000000000367c        0x8 /Applications/lpcxpresso_5.0.12_1041/lpcxpresso/tools/bin/../lib/gcc/arm-none-eabi/4.6.2/../../../../arm-none-eabi/lib/armv6-m/libcr_c.a(memset.o)
                0x000000000000367c                memset
 .text.__weak_main
                0x0000000000003684        0x8 /Applications/lpcxpresso_5.0.12_1041/lpcxpresso/tools/bin/../lib/gcc/arm-none-eabi/4.6.2/../../../../arm-none-eabi/lib/armv6-m/libcr_c.a(__weak__main.o)
                0x0000000000003684                __main
                0x0000000000003684                __weak_main
 .text.memcmp   0x000000000000368c       0x38 /Applications/lpcxpresso_5.0.12_1041/lpcxpresso/tools/bin/../lib/gcc/arm-none-eabi/4.6.2/../../../../arm-none-eabi/lib/armv6-m/libcr_c.a(memcmp.o)
                0x000000000000368c                memcmp
 .text.strncpy  0x00000000000036c4       0x54 /Applications/lpcxpresso_5.0.12_1041/lpcxpresso/tools/bin/../lib/gcc/arm-none-eabi/4.6.2/../../../../arm-none-eabi/lib/armv6-m/libcr_c.a(strncpy.o)
                0x00000000000036c4                strncpy
 .text.__aeabi_division_idivmod
                0x0000000000003718        0x6 /Applications/lpcxpresso_5.0.12_1041/lpcxpresso/tools/bin/../lib/gcc/arm-none-eabi/4.6.2/armv6-m/libcr_eabihelpers.a(division.o)
                0x0000000000003718                __aeabi_idiv
                0x0000000000003718                __aeabi_idivmod
 .text.__aeabi_division_uidivmod
                0x000000000000371e       0x72 /Applications/lpcxpresso_5.0.12_1041/lpcxpresso/tools/bin/../lib/gcc/arm-none-eabi/4.6.2/armv6-m/libcr_eabihelpers.a(division.o)
                0x000000000000371e                __aeabi_uidiv
                0x000000000000371e                __aeabi_uidivmod
 .text.__aeabi_division_idiv0
                0x0000000000003790        0x2 /Applications/lpcxpresso_5.0.12_1041/lpcxpresso/tools/bin/../lib/gcc/arm-none-eabi/4.6.2/armv6-m/libcr_eabihelpers.a(division.o)
                0x0000000000003790                __aeabi_idiv0
 *fill*         0x0000000000003792        0x2 00
 .text.__aeabi_fmul
                0x0000000000003794       0xd0 /Applications/lpcxpresso_5.0.12_1041/lpcxpresso/tools/bin/../lib/gcc/arm-none-eabi/4.6.2/armv6-m/libcr_eabihelpers.a(float.o)
                0x0000000000003794                __aeabi_fmul
 .text.__aeabi_fsub
                0x0000000000003864      0x124 /Applications/lpcxpresso_5.0.12_1041/lpcxpresso/tools/bin/../lib/gcc/arm-none-eabi/4.6.2/armv6-m/libcr_eabihelpers.a(float.o)
                0x0000000000003864                __aeabi_fsub
 .text.__aeabi_fadd
                0x0000000000003988       0xa8 /Applications/lpcxpresso_5.0.12_1041/lpcxpresso/tools/bin/../lib/gcc/arm-none-eabi/4.6.2/armv6-m/libcr_eabihelpers.a(float.o)
                0x0000000000003988                __aeabi_fadd
 .text.__aeabi_f2iz
                0x0000000000003a30       0x38 /Applications/lpcxpresso_5.0.12_1041/lpcxpresso/tools/bin/../lib/gcc/arm-none-eabi/4.6.2/armv6-m/libcr_eabihelpers.a(float.o)
                0x0000000000003a30                __aeabi_f2iz
 .text.__bhs_ui2f
                0x0000000000003a68       0x62 /Applications/lpcxpresso_5.0.12_1041/lpcxpresso/tools/bin/../lib/gcc/arm-none-eabi/4.6.2/armv6-m/libcr_eabihelpers.a(float.o)
                0x0000000000003a68                __bhs_ui2f
 .text.__aeabi_i2f
                0x0000000000003aca       0x16 /Applications/lpcxpresso_5.0.12_1041/lpcxpresso/tools/bin/../lib/gcc/arm-none-eabi/4.6.2/armv6-m/libcr_eabihelpers.a(float.o)
                0x0000000000003aca                __aeabi_i2f
 .text.__aeabi_llong_lmul
                0x0000000000003ae0       0x2e /Applications/lpcxpresso_5.0.12_1041/lpcxpresso/tools/bin/../lib/gcc/arm-none-eabi/4.6.2/armv6-m/libcr_eabihelpers.a(llong.o)
                0x0000000000003ae0                __aeabi_lmul
 .text.__aeabi_memcpy
                0x0000000000003b0e       0x2c /Applications/lpcxpresso_5.0.12_1041/lpcxpresso/tools/bin/../lib/gcc/arm-none-eabi/4.6.2/armv6-m/libcr_eabihelpers.a(memcpy.o)
                0x0000000000003b0e                __aeabi_memcpy
                0x0000000000003b0e                __aeabi_memcpy4
                0x0000000000003b0e                __aeabi_memcpy8
 .text.__aeabi_memset_lowlevel
                0x0000000000003b3a       0x2a /Applications/lpcxpresso_5.0.12_1041/lpcxpresso/tools/bin/../lib/gcc/arm-none-eabi/4.6.2/armv6-m/libcr_eabihelpers.a(memcpy.o)
                0x0000000000003b3a                __aeabi_lowlevel_memset
 *(.rodata .rodata.*)
 .rodata.LPC_GPIO
                0x0000000000003b64       0x10 ./Source/driver/gpio.o
 .rodata.I2C_IRQHandler
                0x0000000000003b74      0x144 ./Source/driver/i2c.o
 .rodata        0x0000000000003cb8       0x20 ./Source/FreeRTOS_Source/tasks.o
 .rodata.ucExpectedStackBytes.4425
                0x0000000000003cd8       0x14 ./Source/FreeRTOS_Source/tasks.o
 .rodata.ucExpectedInterruptStackValues
                0x0000000000003cec       0x10 ./Source/main.o
                0x0000000000003cec                ucExpectedInterruptStackValues
 .rodata        0x0000000000003cfc       0x14 ./Source/main.o
 .rodata.PumpsSetSpeed
                0x0000000000003d10       0x20 ./Source/pumps.o
                0x0000000000003d30                . = ALIGN (0x4)

.glue_7         0x0000000000003d30        0x0
 .glue_7        0x0000000000000000        0x0 linker stubs

.glue_7t        0x0000000000003d30        0x0
 .glue_7t       0x0000000000000000        0x0 linker stubs

.vfp11_veneer   0x0000000000003d30        0x0
 .vfp11_veneer  0x0000000000000000        0x0 linker stubs

.v4_bx          0x0000000000003d30        0x0
 .v4_bx         0x0000000000000000        0x0 linker stubs

.ARM.extab
 *(.ARM.extab* .gnu.linkonce.armextab.*)
                0x0000000000003d30                __exidx_start = .

.ARM.exidx
 *(.ARM.exidx* .gnu.linkonce.armexidx.*)
                0x0000000000003d30                __exidx_end = .
                0x0000000000003d30                _etext = .

.uninit_RESERVED
                0x0000000010000000        0x0
 *(.bss.$RESERVED*)
                0x0000000010000000                . = ALIGN (0x4)
                0x0000000010000000                _end_uninit_RESERVED = .

.data           0x0000000010000000       0x10 load address 0x0000000000003d30
 FILL mask 0xff
                0x0000000010000000                _data = .
 *(vtable)
 *(.data*)
 .data.UARTTxEmpty
                0x0000000010000000        0x1 ./Source/driver/uart.o
                0x0000000010000000                UARTTxEmpty
 *fill*         0x0000000010000001        0x3 00
 .data.uxCriticalNesting
                0x0000000010000004        0x4 ./Source/FreeRTOS_Source/portable/GCC/ARM_CM0/port.o
 .data.xNextTaskUnblockTime
                0x0000000010000008        0x4 ./Source/FreeRTOS_Source/tasks.o
 .data.SystemCoreClock
                0x000000001000000c        0x4 /Users/vivid/Dropbox/My files/code/BubbleArm/CMSISv2p00_LPC11xx/Debug/libCMSISv2p00_LPC11xx.a(system_LPC11xx.o)
                0x000000001000000c                SystemCoreClock
                0x0000000010000010                . = ALIGN (0x4)
                0x0000000010000010                _edata = .

.bss            0x0000000010000010     0x1e00 load address 0x0000000000003d40
                0x0000000010000010                _bss = .
 *(.bss*)
 .bss.I2CMasterState
                0x0000000010000010        0x4 ./Source/driver/i2c.o
                0x0000000010000010                I2CMasterState
 .bss.timeout   0x0000000010000014        0x4 ./Source/driver/i2c.o
                0x0000000010000014                timeout
 .bss.RdIndex   0x0000000010000018        0x4 ./Source/driver/i2c.o
                0x0000000010000018                RdIndex
 .bss.WrIndex   0x000000001000001c        0x4 ./Source/driver/i2c.o
                0x000000001000001c                WrIndex
 .bss.UARTCount
                0x0000000010000020        0x4 ./Source/driver/uart.o
                0x0000000010000020                UARTCount
 *fill*         0x0000000010000024        0x4 00
 .bss.xHeap     0x0000000010000028     0x1968 ./Source/FreeRTOS_Source/portable/MemMang/heap_1.o
 .bss.xNextFreeByte
                0x0000000010001990        0x4 ./Source/FreeRTOS_Source/portable/MemMang/heap_1.o
 .bss.pxCurrentTCB
                0x0000000010001994        0x4 ./Source/FreeRTOS_Source/tasks.o
                0x0000000010001994                pxCurrentTCB
 .bss.pxReadyTasksLists
                0x0000000010001998       0x64 ./Source/FreeRTOS_Source/tasks.o
 .bss.xDelayedTaskList1
                0x00000000100019fc       0x14 ./Source/FreeRTOS_Source/tasks.o
 .bss.xDelayedTaskList2
                0x0000000010001a10       0x14 ./Source/FreeRTOS_Source/tasks.o
 .bss.pxDelayedTaskList
                0x0000000010001a24        0x4 ./Source/FreeRTOS_Source/tasks.o
 .bss.pxOverflowDelayedTaskList
                0x0000000010001a28        0x4 ./Source/FreeRTOS_Source/tasks.o
 .bss.xPendingReadyList
                0x0000000010001a2c       0x14 ./Source/FreeRTOS_Source/tasks.o
 .bss.xTasksWaitingTermination
                0x0000000010001a40       0x14 ./Source/FreeRTOS_Source/tasks.o
 .bss.uxTasksDeleted
                0x0000000010001a54        0x4 ./Source/FreeRTOS_Source/tasks.o
 .bss.xSuspendedTaskList
                0x0000000010001a58       0x14 ./Source/FreeRTOS_Source/tasks.o
 .bss.uxCurrentNumberOfTasks
                0x0000000010001a6c        0x4 ./Source/FreeRTOS_Source/tasks.o
 .bss.xTickCount
                0x0000000010001a70        0x4 ./Source/FreeRTOS_Source/tasks.o
 .bss.uxTopUsedPriority
                0x0000000010001a74        0x4 ./Source/FreeRTOS_Source/tasks.o
 .bss.uxTopReadyPriority
                0x0000000010001a78        0x4 ./Source/FreeRTOS_Source/tasks.o
 .bss.xSchedulerRunning
                0x0000000010001a7c        0x4 ./Source/FreeRTOS_Source/tasks.o
 .bss.uxSchedulerSuspended
                0x0000000010001a80        0x4 ./Source/FreeRTOS_Source/tasks.o
 .bss.uxMissedTicks
                0x0000000010001a84        0x4 ./Source/FreeRTOS_Source/tasks.o
 .bss.xMissedYield
                0x0000000010001a88        0x4 ./Source/FreeRTOS_Source/tasks.o
 .bss.xNumOfOverflows
                0x0000000010001a8c        0x4 ./Source/FreeRTOS_Source/tasks.o
 .bss.uxTaskNumber
                0x0000000010001a90        0x4 ./Source/FreeRTOS_Source/tasks.o
 .bss.xSerialSemaphore
                0x0000000010001a94        0x4 ./Source/UartPacket.o
                0x0000000010001a94                xSerialSemaphore
 .bss.xHigherPriorityTaskWoken.4412
                0x0000000010001a98        0x4 ./Source/UartPacket.o
 .bss.xHigherPriorityTaskWoken.4528
                0x0000000010001a9c        0x4 ./Source/flowrate.o
 *(COMMON)
 COMMON         0x0000000010001aa0       0x8c ./Source/driver/i2c.o
                0x0000000010001aa0                I2CReadLength
                0x0000000010001aa4                I2CSlaveBuffer
                0x0000000010001ae4                I2CMode
                0x0000000010001ae8                I2CMasterBuffer
                0x0000000010001b28                I2CWriteLength
 COMMON         0x0000000010001b2c      0x150 ./Source/UartPacket.o
                0x0000000010001b2c                InCount
                0x0000000010001b2d                OutCount
                0x0000000010001b2e                InBuff
                0x0000000010001b2f                OutLength
                0x0000000010001b30                NewInData
                0x0000000010001b31                InLength
                0x0000000010001b32                InSum
                0x0000000010001b33                OutBusy
                0x0000000010001b34                InTempLength
                0x0000000010001b38                InputPayload
                0x0000000010001c38                OutputBuff
 COMMON         0x0000000010001c7c       0xe4 ./Source/control.o
                0x0000000010001c7c                Temperature
                0x0000000010001c8c                xControlSemaphore
                0x0000000010001c90                CeilingPumps
 COMMON         0x0000000010001d60       0xa0 ./Source/flowrate.o
                0x0000000010001d60                rate
                0x0000000010001da0                Flowrate
                0x0000000010001dc0                TxBuffer
                0x0000000010001de0                count
 COMMON         0x0000000010001e00       0x10 ./Source/pumps.o
                0x0000000010001e00                PumpsSpeed
                0x0000000010001e10                . = ALIGN (0x4)
                0x0000000010001e10                _ebss = .
                0x0000000010001e10                PROVIDE (end, .)
                0x0000000010001e10                PROVIDE (_pvHeapStart, .)
                0x0000000010002000                PROVIDE (_vStackTop, (__top_RamLoc8 - 0x0))
OUTPUT(RTOSCeilingSupplyControl.axf elf32-littlearm)

.debug_info     0x0000000000000000     0x720a
 .debug_info    0x0000000000000000       0x70 ./Source/driver/adc.o
 .debug_info    0x0000000000000070       0x70 ./Source/driver/can.o
 .debug_info    0x00000000000000e0       0x70 ./Source/driver/clkconfig.o
 .debug_info    0x0000000000000150       0x92 ./Source/driver/crp.o
 .debug_info    0x00000000000001e2       0x70 ./Source/driver/debug_printf.o
 .debug_info    0x0000000000000252      0x7ab ./Source/driver/gpio.o
 .debug_info    0x00000000000009fd      0xc21 ./Source/driver/i2c.o
 .debug_info    0x000000000000161e       0x70 ./Source/driver/i2cslave.o
 .debug_info    0x000000000000168e       0x70 ./Source/driver/lpc_swu.o
 .debug_info    0x00000000000016fe       0x70 ./Source/driver/rs485.o
 .debug_info    0x000000000000176e       0x70 ./Source/driver/small_gpio.o
 .debug_info    0x00000000000017de       0x70 ./Source/driver/ssp.o
 .debug_info    0x000000000000184e       0x70 ./Source/driver/timer16.o
 .debug_info    0x00000000000018be       0x70 ./Source/driver/timer32.o
 .debug_info    0x000000000000192e      0xbed ./Source/driver/uart.o
 .debug_info    0x000000000000251b       0x70 ./Source/driver/wdt.o
 .debug_info    0x000000000000258b      0x187 ./Source/FreeRTOS_Source/portable/MemMang/heap_1.o
 .debug_info    0x0000000000002712      0x210 ./Source/FreeRTOS_Source/portable/GCC/ARM_CM0/port.o
 .debug_info    0x0000000000002922      0x4dc ./Source/FreeRTOS_Source/croutine.o
 .debug_info    0x0000000000002dfe      0x2b2 ./Source/FreeRTOS_Source/list.o
 .debug_info    0x00000000000030b0      0xa34 ./Source/FreeRTOS_Source/queue.o
 .debug_info    0x0000000000003ae4      0xfd2 ./Source/FreeRTOS_Source/tasks.o
 .debug_info    0x0000000000004ab6       0x77 ./Source/FreeRTOS_Source/timers.o
 .debug_info    0x0000000000004b2d      0x6c1 ./Source/UartPacket.o
 .debug_info    0x00000000000051ee      0x3ed ./Source/control.o
 .debug_info    0x00000000000055db      0x344 ./Source/cr_startup_lpc11.o
 .debug_info    0x000000000000591f      0xaa3 ./Source/flowrate.o
 .debug_info    0x00000000000063c2      0x38f ./Source/main.o
 .debug_info    0x0000000000006751      0x603 ./Source/pumps.o
 .debug_info    0x0000000000006d54      0x4b6 /Users/vivid/Dropbox/My files/code/BubbleArm/CMSISv2p00_LPC11xx/Debug/libCMSISv2p00_LPC11xx.a(system_LPC11xx.o)

.debug_abbrev   0x0000000000000000     0x1855
 .debug_abbrev  0x0000000000000000       0x2c ./Source/driver/adc.o
 .debug_abbrev  0x000000000000002c       0x2c ./Source/driver/can.o
 .debug_abbrev  0x0000000000000058       0x2c ./Source/driver/clkconfig.o
 .debug_abbrev  0x0000000000000084       0x51 ./Source/driver/crp.o
 .debug_abbrev  0x00000000000000d5       0x2c ./Source/driver/debug_printf.o
 .debug_abbrev  0x0000000000000101      0x192 ./Source/driver/gpio.o
 .debug_abbrev  0x0000000000000293      0x1a5 ./Source/driver/i2c.o
 .debug_abbrev  0x0000000000000438       0x2c ./Source/driver/i2cslave.o
 .debug_abbrev  0x0000000000000464       0x2c ./Source/driver/lpc_swu.o
 .debug_abbrev  0x0000000000000490       0x2c ./Source/driver/rs485.o
 .debug_abbrev  0x00000000000004bc       0x2c ./Source/driver/small_gpio.o
 .debug_abbrev  0x00000000000004e8       0x2c ./Source/driver/ssp.o
 .debug_abbrev  0x0000000000000514       0x2c ./Source/driver/timer16.o
 .debug_abbrev  0x0000000000000540       0x2c ./Source/driver/timer32.o
 .debug_abbrev  0x000000000000056c      0x19f ./Source/driver/uart.o
 .debug_abbrev  0x000000000000070b       0x2c ./Source/driver/wdt.o
 .debug_abbrev  0x0000000000000737      0x11a ./Source/FreeRTOS_Source/portable/MemMang/heap_1.o
 .debug_abbrev  0x0000000000000851      0x130 ./Source/FreeRTOS_Source/portable/GCC/ARM_CM0/port.o
 .debug_abbrev  0x0000000000000981      0x18a ./Source/FreeRTOS_Source/croutine.o
 .debug_abbrev  0x0000000000000b0b       0xbc ./Source/FreeRTOS_Source/list.o
 .debug_abbrev  0x0000000000000bc7      0x139 ./Source/FreeRTOS_Source/queue.o
 .debug_abbrev  0x0000000000000d00      0x184 ./Source/FreeRTOS_Source/tasks.o
 .debug_abbrev  0x0000000000000e84       0x2c ./Source/FreeRTOS_Source/timers.o
 .debug_abbrev  0x0000000000000eb0      0x189 ./Source/UartPacket.o
 .debug_abbrev  0x0000000000001039      0x12f ./Source/control.o
 .debug_abbrev  0x0000000000001168      0x12c ./Source/cr_startup_lpc11.o
 .debug_abbrev  0x0000000000001294      0x1c5 ./Source/flowrate.o
 .debug_abbrev  0x0000000000001459      0x1a8 ./Source/main.o
 .debug_abbrev  0x0000000000001601      0x168 ./Source/pumps.o
 .debug_abbrev  0x0000000000001769       0xec /Users/vivid/Dropbox/My files/code/BubbleArm/CMSISv2p00_LPC11xx/Debug/libCMSISv2p00_LPC11xx.a(system_LPC11xx.o)

.debug_line     0x0000000000000000     0xa1a3
 .debug_line    0x0000000000000000      0x420 ./Source/driver/adc.o
 .debug_line    0x0000000000000420      0x420 ./Source/driver/can.o
 .debug_line    0x0000000000000840      0x426 ./Source/driver/clkconfig.o
 .debug_line    0x0000000000000c66      0x429 ./Source/driver/crp.o
 .debug_line    0x000000000000108f      0x429 ./Source/driver/debug_printf.o
 .debug_line    0x00000000000014b8      0x531 ./Source/driver/gpio.o
 .debug_line    0x00000000000019e9      0x512 ./Source/driver/i2c.o
 .debug_line    0x0000000000001efb      0x425 ./Source/driver/i2cslave.o
 .debug_line    0x0000000000002320      0x424 ./Source/driver/lpc_swu.o
 .debug_line    0x0000000000002744      0x422 ./Source/driver/rs485.o
 .debug_line    0x0000000000002b66      0x427 ./Source/driver/small_gpio.o
 .debug_line    0x0000000000002f8d      0x420 ./Source/driver/ssp.o
 .debug_line    0x00000000000033ad      0x431 ./Source/driver/timer16.o
 .debug_line    0x00000000000037de      0x424 ./Source/driver/timer32.o
 .debug_line    0x0000000000003c02      0x4d5 ./Source/driver/uart.o
 .debug_line    0x00000000000040d7      0x429 ./Source/driver/wdt.o
 .debug_line    0x0000000000004500      0x527 ./Source/FreeRTOS_Source/portable/MemMang/heap_1.o
 .debug_line    0x0000000000004a27      0x605 ./Source/FreeRTOS_Source/portable/GCC/ARM_CM0/port.o
 .debug_line    0x000000000000502c      0x664 ./Source/FreeRTOS_Source/croutine.o
 .debug_line    0x0000000000005690      0x5ab ./Source/FreeRTOS_Source/list.o
 .debug_line    0x0000000000005c3b      0x9a8 ./Source/FreeRTOS_Source/queue.o
 .debug_line    0x00000000000065e3      0xc53 ./Source/FreeRTOS_Source/tasks.o
 .debug_line    0x0000000000007236      0x531 ./Source/FreeRTOS_Source/timers.o
 .debug_line    0x0000000000007767      0x790 ./Source/UartPacket.o
 .debug_line    0x0000000000007ef7      0x6c9 ./Source/control.o
 .debug_line    0x00000000000085c0      0x41d ./Source/cr_startup_lpc11.o
 .debug_line    0x00000000000089dd      0x794 ./Source/flowrate.o
 .debug_line    0x0000000000009171      0x744 ./Source/main.o
 .debug_line    0x00000000000098b5      0x4df ./Source/pumps.o
 .debug_line    0x0000000000009d94      0x40f /Users/vivid/Dropbox/My files/code/BubbleArm/CMSISv2p00_LPC11xx/Debug/libCMSISv2p00_LPC11xx.a(system_LPC11xx.o)

.debug_macinfo  0x0000000000000000    0xad965
 .debug_macinfo
                0x0000000000000000     0x541c ./Source/driver/adc.o
 .debug_macinfo
                0x000000000000541c     0x541c ./Source/driver/can.o
 .debug_macinfo
                0x000000000000a838     0x541c ./Source/driver/clkconfig.o
 .debug_macinfo
                0x000000000000fc54     0x55c6 ./Source/driver/crp.o
 .debug_macinfo
                0x000000000001521a     0x541c ./Source/driver/debug_printf.o
 .debug_macinfo
                0x000000000001a636     0x5454 ./Source/driver/gpio.o
 .debug_macinfo
                0x000000000001fa8a     0x574e ./Source/driver/i2c.o
 .debug_macinfo
                0x00000000000251d8     0x541c ./Source/driver/i2cslave.o
 .debug_macinfo
                0x000000000002a5f4     0x541c ./Source/driver/lpc_swu.o
 .debug_macinfo
                0x000000000002fa10     0x541c ./Source/driver/rs485.o
 .debug_macinfo
                0x0000000000034e2c     0x541c ./Source/driver/small_gpio.o
 .debug_macinfo
                0x000000000003a248     0x541c ./Source/driver/ssp.o
 .debug_macinfo
                0x000000000003f664     0x542f ./Source/driver/timer16.o
 .debug_macinfo
                0x0000000000044a93     0x541c ./Source/driver/timer32.o
 .debug_macinfo
                0x0000000000049eaf     0x55e6 ./Source/driver/uart.o
 .debug_macinfo
                0x000000000004f495     0x542b ./Source/driver/wdt.o
 .debug_macinfo
                0x00000000000548c0     0x5be5 ./Source/FreeRTOS_Source/portable/MemMang/heap_1.o
 .debug_macinfo
                0x000000000005a4a5     0x5d54 ./Source/FreeRTOS_Source/portable/GCC/ARM_CM0/port.o
 .debug_macinfo
                0x00000000000601f9     0x622c ./Source/FreeRTOS_Source/croutine.o
 .debug_macinfo
                0x0000000000066425     0x5846 ./Source/FreeRTOS_Source/list.o
 .debug_macinfo
                0x000000000006bc6b     0x5fa2 ./Source/FreeRTOS_Source/queue.o
 .debug_macinfo
                0x0000000000071c0d     0x6e8e ./Source/FreeRTOS_Source/tasks.o
 .debug_macinfo
                0x0000000000078a9b     0x698d ./Source/FreeRTOS_Source/timers.o
 .debug_macinfo
                0x000000000007f428     0x8377 ./Source/UartPacket.o
 .debug_macinfo
                0x000000000008779f     0x7125 ./Source/control.o
 .debug_macinfo
                0x000000000008e8c4     0x3ca7 ./Source/cr_startup_lpc11.o
 .debug_macinfo
                0x000000000009256b     0x8a07 ./Source/flowrate.o
 .debug_macinfo
                0x000000000009af72     0x7b09 ./Source/main.o
 .debug_macinfo
                0x00000000000a2a7b     0x583c ./Source/pumps.o
 .debug_macinfo
                0x00000000000a82b7     0x56ae /Users/vivid/Dropbox/My files/code/BubbleArm/CMSISv2p00_LPC11xx/Debug/libCMSISv2p00_LPC11xx.a(system_LPC11xx.o)

.debug_str      0x0000000000000000     0x231d
 .debug_str     0x0000000000000000      0x103 ./Source/driver/adc.o
                                        0x125 (size before relaxing)
 .debug_str     0x0000000000000103       0x17 ./Source/driver/can.o
                                        0x125 (size before relaxing)
 .debug_str     0x000000000000011a       0x1d ./Source/driver/clkconfig.o
                                        0x12b (size before relaxing)
 .debug_str     0x0000000000000137       0x29 ./Source/driver/crp.o
                                        0x137 (size before relaxing)
 .debug_str     0x0000000000000160       0x20 ./Source/driver/debug_printf.o
                                        0x12e (size before relaxing)
 .debug_str     0x0000000000000180      0x330 ./Source/driver/gpio.o
                                        0x447 (size before relaxing)
 .debug_str     0x00000000000004b0      0x4dc ./Source/driver/i2c.o
                                        0x842 (size before relaxing)
 .debug_str     0x000000000000098c       0x1c ./Source/driver/i2cslave.o
                                        0x12a (size before relaxing)
 .debug_str     0x00000000000009a8       0x1b ./Source/driver/lpc_swu.o
                                        0x129 (size before relaxing)
 .debug_str     0x00000000000009c3       0x19 ./Source/driver/rs485.o
                                        0x127 (size before relaxing)
 .debug_str     0x00000000000009dc       0x1e ./Source/driver/small_gpio.o
                                        0x12c (size before relaxing)
 .debug_str     0x00000000000009fa       0x17 ./Source/driver/ssp.o
                                        0x125 (size before relaxing)
 .debug_str     0x0000000000000a11       0x1b ./Source/driver/timer16.o
                                        0x129 (size before relaxing)
 .debug_str     0x0000000000000a2c       0x1b ./Source/driver/timer32.o
                                        0x129 (size before relaxing)
 .debug_str     0x0000000000000a47       0xcd ./Source/driver/uart.o
                                        0x7cd (size before relaxing)
 .debug_str     0x0000000000000b14       0x17 ./Source/driver/wdt.o
                                        0x125 (size before relaxing)
 .debug_str     0x0000000000000b2b       0xdc ./Source/FreeRTOS_Source/portable/MemMang/heap_1.o
                                        0x1fc (size before relaxing)
 .debug_str     0x0000000000000c07      0x156 ./Source/FreeRTOS_Source/portable/GCC/ARM_CM0/port.o
                                        0x28f (size before relaxing)
 .debug_str     0x0000000000000d5d      0x348 ./Source/FreeRTOS_Source/croutine.o
                                        0x483 (size before relaxing)
 .debug_str     0x00000000000010a5       0xb5 ./Source/FreeRTOS_Source/list.o
                                        0x273 (size before relaxing)
 .debug_str     0x000000000000115a      0x474 ./Source/FreeRTOS_Source/queue.o
                                        0x670 (size before relaxing)
 .debug_str     0x00000000000015ce      0x715 ./Source/FreeRTOS_Source/tasks.o
                                        0x9e1 (size before relaxing)
 .debug_str     0x0000000000001ce3       0x23 ./Source/FreeRTOS_Source/timers.o
                                        0x143 (size before relaxing)
 .debug_str     0x0000000000001d06      0x12b ./Source/UartPacket.o
                                        0x31c (size before relaxing)
 .debug_str     0x0000000000001e31      0x123 ./Source/control.o
                                        0x29e (size before relaxing)
 .debug_str     0x0000000000001f54      0x18e ./Source/cr_startup_lpc11.o
                                        0x2d0 (size before relaxing)
 .debug_str     0x00000000000020e2       0x91 ./Source/flowrate.o
                                        0x6e1 (size before relaxing)
 .debug_str     0x0000000000002173       0xd2 ./Source/main.o
                                        0x2a5 (size before relaxing)
 .debug_str     0x0000000000002245       0x4b ./Source/pumps.o
                                        0x36d (size before relaxing)
 .debug_str     0x0000000000002290       0x8d /Users/vivid/Dropbox/My files/code/BubbleArm/CMSISv2p00_LPC11xx/Debug/libCMSISv2p00_LPC11xx.a(system_LPC11xx.o)
                                        0x3ad (size before relaxing)

.comment        0x0000000000000000       0xe0
 .comment       0x0000000000000000       0x70 ./Source/driver/adc.o
                                         0x71 (size before relaxing)
 .comment       0x0000000000000000       0x71 ./Source/driver/can.o
 .comment       0x0000000000000000       0x71 ./Source/driver/clkconfig.o
 .comment       0x0000000000000000       0x71 ./Source/driver/crp.o
 .comment       0x0000000000000000       0x71 ./Source/driver/debug_printf.o
 .comment       0x0000000000000000       0x71 ./Source/driver/gpio.o
 .comment       0x0000000000000000       0x71 ./Source/driver/i2c.o
 .comment       0x0000000000000000       0x71 ./Source/driver/i2cslave.o
 .comment       0x0000000000000000       0x71 ./Source/driver/lpc_swu.o
 .comment       0x0000000000000000       0x71 ./Source/driver/rs485.o
 .comment       0x0000000000000000       0x71 ./Source/driver/small_gpio.o
 .comment       0x0000000000000000       0x71 ./Source/driver/ssp.o
 .comment       0x0000000000000000       0x71 ./Source/driver/timer16.o
 .comment       0x0000000000000000       0x71 ./Source/driver/timer32.o
 .comment       0x0000000000000000       0x71 ./Source/driver/uart.o
 .comment       0x0000000000000000       0x71 ./Source/driver/wdt.o
 .comment       0x0000000000000000       0x71 ./Source/FreeRTOS_Source/portable/MemMang/heap_1.o
 .comment       0x0000000000000000       0x71 ./Source/FreeRTOS_Source/portable/GCC/ARM_CM0/port.o
 .comment       0x0000000000000000       0x71 ./Source/FreeRTOS_Source/croutine.o
 .comment       0x0000000000000000       0x71 ./Source/FreeRTOS_Source/list.o
 .comment       0x0000000000000000       0x71 ./Source/FreeRTOS_Source/queue.o
 .comment       0x0000000000000000       0x71 ./Source/FreeRTOS_Source/tasks.o
 .comment       0x0000000000000000       0x71 ./Source/FreeRTOS_Source/timers.o
 .comment       0x0000000000000000       0x71 ./Source/UartPacket.o
 .comment       0x0000000000000000       0x71 ./Source/control.o
 .comment       0x0000000000000000       0x71 ./Source/cr_startup_lpc11.o
 .comment       0x0000000000000000       0x71 ./Source/flowrate.o
 .comment       0x0000000000000000       0x71 ./Source/main.o
 .comment       0x0000000000000000       0x71 ./Source/pumps.o
 .comment       0x0000000000000000       0x71 /Users/vivid/Dropbox/My files/code/BubbleArm/CMSISv2p00_LPC11xx/Debug/libCMSISv2p00_LPC11xx.a(system_LPC11xx.o)
 .comment       0x0000000000000070       0x70 /Applications/lpcxpresso_5.0.12_1041/lpcxpresso/tools/bin/../lib/gcc/arm-none-eabi/4.6.2/../../../../arm-none-eabi/lib/armv6-m/libcr_c.a(memcpy.o)
                                         0x71 (size before relaxing)
 .comment       0x0000000000000000       0x71 /Applications/lpcxpresso_5.0.12_1041/lpcxpresso/tools/bin/../lib/gcc/arm-none-eabi/4.6.2/../../../../arm-none-eabi/lib/armv6-m/libcr_c.a(memset.o)
 .comment       0x0000000000000000       0x71 /Applications/lpcxpresso_5.0.12_1041/lpcxpresso/tools/bin/../lib/gcc/arm-none-eabi/4.6.2/../../../../arm-none-eabi/lib/armv6-m/libcr_c.a(__weak__main.o)
 .comment       0x0000000000000000       0x71 /Applications/lpcxpresso_5.0.12_1041/lpcxpresso/tools/bin/../lib/gcc/arm-none-eabi/4.6.2/../../../../arm-none-eabi/lib/armv6-m/libcr_c.a(fpprintf.o)
 .comment       0x0000000000000000       0x71 /Applications/lpcxpresso_5.0.12_1041/lpcxpresso/tools/bin/../lib/gcc/arm-none-eabi/4.6.2/../../../../arm-none-eabi/lib/armv6-m/libcr_c.a(memcmp.o)
 .comment       0x0000000000000000       0x71 /Applications/lpcxpresso_5.0.12_1041/lpcxpresso/tools/bin/../lib/gcc/arm-none-eabi/4.6.2/../../../../arm-none-eabi/lib/armv6-m/libcr_c.a(printf.o)
 .comment       0x0000000000000000       0x71 /Applications/lpcxpresso_5.0.12_1041/lpcxpresso/tools/bin/../lib/gcc/arm-none-eabi/4.6.2/../../../../arm-none-eabi/lib/armv6-m/libcr_c.a(stdio.o)
 .comment       0x0000000000000000       0x71 /Applications/lpcxpresso_5.0.12_1041/lpcxpresso/tools/bin/../lib/gcc/arm-none-eabi/4.6.2/../../../../arm-none-eabi/lib/armv6-m/libcr_c.a(strcat.o)
 .comment       0x0000000000000000       0x71 /Applications/lpcxpresso_5.0.12_1041/lpcxpresso/tools/bin/../lib/gcc/arm-none-eabi/4.6.2/../../../../arm-none-eabi/lib/armv6-m/libcr_c.a(strlen.o)
 .comment       0x0000000000000000       0x71 /Applications/lpcxpresso_5.0.12_1041/lpcxpresso/tools/bin/../lib/gcc/arm-none-eabi/4.6.2/../../../../arm-none-eabi/lib/armv6-m/libcr_c.a(strncpy.o)
 .comment       0x0000000000000000       0x71 /Applications/lpcxpresso_5.0.12_1041/lpcxpresso/tools/bin/../lib/gcc/arm-none-eabi/4.6.2/../../../../arm-none-eabi/lib/armv6-m/libcr_c.a(__fillbuf.o)
 .comment       0x0000000000000000       0x71 /Applications/lpcxpresso_5.0.12_1041/lpcxpresso/tools/bin/../lib/gcc/arm-none-eabi/4.6.2/../../../../arm-none-eabi/lib/armv6-m/libcr_c.a(_deferredlazyseek.o)
 .comment       0x0000000000000000       0x71 /Applications/lpcxpresso_5.0.12_1041/lpcxpresso/tools/bin/../lib/gcc/arm-none-eabi/4.6.2/../../../../arm-none-eabi/lib/armv6-m/libcr_c.a(_fflush.o)
 .comment       0x0000000000000000       0x71 /Applications/lpcxpresso_5.0.12_1041/lpcxpresso/tools/bin/../lib/gcc/arm-none-eabi/4.6.2/../../../../arm-none-eabi/lib/armv6-m/libcr_c.a(_frexpl.o)
 .comment       0x0000000000000000       0x71 /Applications/lpcxpresso_5.0.12_1041/lpcxpresso/tools/bin/../lib/gcc/arm-none-eabi/4.6.2/../../../../arm-none-eabi/lib/armv6-m/libcr_c.a(_ldexpl.o)
 .comment       0x0000000000000000       0x71 /Applications/lpcxpresso_5.0.12_1041/lpcxpresso/tools/bin/../lib/gcc/arm-none-eabi/4.6.2/../../../../arm-none-eabi/lib/armv6-m/libcr_c.a(_writebuf.o)
 .comment       0x0000000000000000       0x71 /Applications/lpcxpresso_5.0.12_1041/lpcxpresso/tools/bin/../lib/gcc/arm-none-eabi/4.6.2/../../../../arm-none-eabi/lib/armv6-m/libcr_c.a(alloc.o)
 .comment       0x0000000000000000       0x71 /Applications/lpcxpresso_5.0.12_1041/lpcxpresso/tools/bin/../lib/gcc/arm-none-eabi/4.6.2/../../../../arm-none-eabi/lib/armv6-m/libcr_c.a(errno.o)
 .comment       0x0000000000000000       0x71 /Applications/lpcxpresso_5.0.12_1041/lpcxpresso/tools/bin/../lib/gcc/arm-none-eabi/4.6.2/../../../../arm-none-eabi/lib/armv6-m/libcr_c.a(fseek.o)
 .comment       0x0000000000000000       0x71 /Applications/lpcxpresso_5.0.12_1041/lpcxpresso/tools/bin/../lib/gcc/arm-none-eabi/4.6.2/../../../../arm-none-eabi/lib/armv6-m/libcr_c.a(ftell.o)
 .comment       0x0000000000000000       0x71 /Applications/lpcxpresso_5.0.12_1041/lpcxpresso/tools/bin/../lib/gcc/arm-none-eabi/4.6.2/../../../../arm-none-eabi/lib/armv6-m/libcr_c.a(__init_alloc.o)
 .comment       0x0000000000000000       0x71 /Applications/lpcxpresso_5.0.12_1041/lpcxpresso/tools/bin/../lib/gcc/arm-none-eabi/4.6.2/../../../../arm-none-eabi/lib/armv6-m/libcr_c.a(_hugeval.o)
 .comment       0x0000000000000000       0x71 /Applications/lpcxpresso_5.0.12_1041/lpcxpresso/tools/bin/../lib/gcc/arm-none-eabi/4.6.2/armv6-m/libcr_eabihelpers.a(double.o)
 .comment       0x0000000000000000       0x71 /Applications/lpcxpresso_5.0.12_1041/lpcxpresso/tools/bin/../lib/gcc/arm-none-eabi/4.6.2/armv6-m/libcr_eabihelpers.a(float.o)

.ARM.attributes
                0x0000000000000000       0x2f
 .ARM.attributes
                0x0000000000000000       0x33 ./Source/driver/adc.o
 .ARM.attributes
                0x0000000000000033       0x33 ./Source/driver/can.o
 .ARM.attributes
                0x0000000000000066       0x33 ./Source/driver/clkconfig.o
 .ARM.attributes
                0x0000000000000099       0x33 ./Source/driver/crp.o
 .ARM.attributes
                0x00000000000000cc       0x33 ./Source/driver/debug_printf.o
 .ARM.attributes
                0x00000000000000ff       0x33 ./Source/driver/gpio.o
 .ARM.attributes
                0x0000000000000132       0x33 ./Source/driver/i2c.o
 .ARM.attributes
                0x0000000000000165       0x33 ./Source/driver/i2cslave.o
 .ARM.attributes
                0x0000000000000198       0x33 ./Source/driver/lpc_swu.o
 .ARM.attributes
                0x00000000000001cb       0x33 ./Source/driver/rs485.o
 .ARM.attributes
                0x00000000000001fe       0x33 ./Source/driver/small_gpio.o
 .ARM.attributes
                0x0000000000000231       0x33 ./Source/driver/ssp.o
 .ARM.attributes
                0x0000000000000264       0x33 ./Source/driver/timer16.o
 .ARM.attributes
                0x0000000000000297       0x33 ./Source/driver/timer32.o
 .ARM.attributes
                0x00000000000002ca       0x33 ./Source/driver/uart.o
 .ARM.attributes
                0x00000000000002fd       0x33 ./Source/driver/wdt.o
 .ARM.attributes
                0x0000000000000330       0x33 ./Source/FreeRTOS_Source/portable/MemMang/heap_1.o
 .ARM.attributes
                0x0000000000000363       0x33 ./Source/FreeRTOS_Source/portable/GCC/ARM_CM0/port.o
 .ARM.attributes
                0x0000000000000396       0x33 ./Source/FreeRTOS_Source/croutine.o
 .ARM.attributes
                0x00000000000003c9       0x33 ./Source/FreeRTOS_Source/list.o
 .ARM.attributes
                0x00000000000003fc       0x33 ./Source/FreeRTOS_Source/queue.o
 .ARM.attributes
                0x000000000000042f       0x33 ./Source/FreeRTOS_Source/tasks.o
 .ARM.attributes
                0x0000000000000462       0x33 ./Source/FreeRTOS_Source/timers.o
 .ARM.attributes
                0x0000000000000495       0x33 ./Source/UartPacket.o
 .ARM.attributes
                0x00000000000004c8       0x33 ./Source/control.o
 .ARM.attributes
                0x00000000000004fb       0x33 ./Source/cr_startup_lpc11.o
 .ARM.attributes
                0x000000000000052e       0x33 ./Source/flowrate.o
 .ARM.attributes
                0x0000000000000561       0x33 ./Source/main.o
 .ARM.attributes
                0x0000000000000594       0x33 ./Source/pumps.o
 .ARM.attributes
                0x00000000000005c7       0x33 /Users/vivid/Dropbox/My files/code/BubbleArm/CMSISv2p00_LPC11xx/Debug/libCMSISv2p00_LPC11xx.a(system_LPC11xx.o)
 .ARM.attributes
                0x00000000000005fa       0x31 /Applications/lpcxpresso_5.0.12_1041/lpcxpresso/tools/bin/../lib/gcc/arm-none-eabi/4.6.2/../../../../arm-none-eabi/lib/armv6-m/libcr_c.a(memcpy.o)
 .ARM.attributes
                0x000000000000062b       0x31 /Applications/lpcxpresso_5.0.12_1041/lpcxpresso/tools/bin/../lib/gcc/arm-none-eabi/4.6.2/../../../../arm-none-eabi/lib/armv6-m/libcr_c.a(memset.o)
 .ARM.attributes
                0x000000000000065c       0x31 /Applications/lpcxpresso_5.0.12_1041/lpcxpresso/tools/bin/../lib/gcc/arm-none-eabi/4.6.2/../../../../arm-none-eabi/lib/armv6-m/libcr_c.a(__weak__main.o)
 .ARM.attributes
                0x000000000000068d       0x31 /Applications/lpcxpresso_5.0.12_1041/lpcxpresso/tools/bin/../lib/gcc/arm-none-eabi/4.6.2/../../../../arm-none-eabi/lib/armv6-m/libcr_c.a(fpprintf.o)
 .ARM.attributes
                0x00000000000006be       0x31 /Applications/lpcxpresso_5.0.12_1041/lpcxpresso/tools/bin/../lib/gcc/arm-none-eabi/4.6.2/../../../../arm-none-eabi/lib/armv6-m/libcr_c.a(memcmp.o)
 .ARM.attributes
                0x00000000000006ef       0x31 /Applications/lpcxpresso_5.0.12_1041/lpcxpresso/tools/bin/../lib/gcc/arm-none-eabi/4.6.2/../../../../arm-none-eabi/lib/armv6-m/libcr_c.a(printf.o)
 .ARM.attributes
                0x0000000000000720       0x31 /Applications/lpcxpresso_5.0.12_1041/lpcxpresso/tools/bin/../lib/gcc/arm-none-eabi/4.6.2/../../../../arm-none-eabi/lib/armv6-m/libcr_c.a(stdio.o)
 .ARM.attributes
                0x0000000000000751       0x31 /Applications/lpcxpresso_5.0.12_1041/lpcxpresso/tools/bin/../lib/gcc/arm-none-eabi/4.6.2/../../../../arm-none-eabi/lib/armv6-m/libcr_c.a(strcat.o)
 .ARM.attributes
                0x0000000000000782       0x31 /Applications/lpcxpresso_5.0.12_1041/lpcxpresso/tools/bin/../lib/gcc/arm-none-eabi/4.6.2/../../../../arm-none-eabi/lib/armv6-m/libcr_c.a(strlen.o)
 .ARM.attributes
                0x00000000000007b3       0x31 /Applications/lpcxpresso_5.0.12_1041/lpcxpresso/tools/bin/../lib/gcc/arm-none-eabi/4.6.2/../../../../arm-none-eabi/lib/armv6-m/libcr_c.a(strncpy.o)
 .ARM.attributes
                0x00000000000007e4       0x31 /Applications/lpcxpresso_5.0.12_1041/lpcxpresso/tools/bin/../lib/gcc/arm-none-eabi/4.6.2/../../../../arm-none-eabi/lib/armv6-m/libcr_c.a(__fillbuf.o)
 .ARM.attributes
                0x0000000000000815       0x31 /Applications/lpcxpresso_5.0.12_1041/lpcxpresso/tools/bin/../lib/gcc/arm-none-eabi/4.6.2/../../../../arm-none-eabi/lib/armv6-m/libcr_c.a(_deferredlazyseek.o)
 .ARM.attributes
                0x0000000000000846       0x31 /Applications/lpcxpresso_5.0.12_1041/lpcxpresso/tools/bin/../lib/gcc/arm-none-eabi/4.6.2/../../../../arm-none-eabi/lib/armv6-m/libcr_c.a(_fflush.o)
 .ARM.attributes
                0x0000000000000877       0x31 /Applications/lpcxpresso_5.0.12_1041/lpcxpresso/tools/bin/../lib/gcc/arm-none-eabi/4.6.2/../../../../arm-none-eabi/lib/armv6-m/libcr_c.a(_frexpl.o)
 .ARM.attributes
                0x00000000000008a8       0x31 /Applications/lpcxpresso_5.0.12_1041/lpcxpresso/tools/bin/../lib/gcc/arm-none-eabi/4.6.2/../../../../arm-none-eabi/lib/armv6-m/libcr_c.a(_ldexpl.o)
 .ARM.attributes
                0x00000000000008d9       0x31 /Applications/lpcxpresso_5.0.12_1041/lpcxpresso/tools/bin/../lib/gcc/arm-none-eabi/4.6.2/../../../../arm-none-eabi/lib/armv6-m/libcr_c.a(_writebuf.o)
 .ARM.attributes
                0x000000000000090a       0x31 /Applications/lpcxpresso_5.0.12_1041/lpcxpresso/tools/bin/../lib/gcc/arm-none-eabi/4.6.2/../../../../arm-none-eabi/lib/armv6-m/libcr_c.a(alloc.o)
 .ARM.attributes
                0x000000000000093b       0x31 /Applications/lpcxpresso_5.0.12_1041/lpcxpresso/tools/bin/../lib/gcc/arm-none-eabi/4.6.2/../../../../arm-none-eabi/lib/armv6-m/libcr_c.a(errno.o)
 .ARM.attributes
                0x000000000000096c       0x31 /Applications/lpcxpresso_5.0.12_1041/lpcxpresso/tools/bin/../lib/gcc/arm-none-eabi/4.6.2/../../../../arm-none-eabi/lib/armv6-m/libcr_c.a(fseek.o)
 .ARM.attributes
                0x000000000000099d       0x31 /Applications/lpcxpresso_5.0.12_1041/lpcxpresso/tools/bin/../lib/gcc/arm-none-eabi/4.6.2/../../../../arm-none-eabi/lib/armv6-m/libcr_c.a(ftell.o)
 .ARM.attributes
                0x00000000000009ce       0x31 /Applications/lpcxpresso_5.0.12_1041/lpcxpresso/tools/bin/../lib/gcc/arm-none-eabi/4.6.2/../../../../arm-none-eabi/lib/armv6-m/libcr_c.a(__init_alloc.o)
 .ARM.attributes
                0x00000000000009ff       0x31 /Applications/lpcxpresso_5.0.12_1041/lpcxpresso/tools/bin/../lib/gcc/arm-none-eabi/4.6.2/../../../../arm-none-eabi/lib/armv6-m/libcr_c.a(_hugeval.o)
 .ARM.attributes
                0x0000000000000a30       0x21 /Applications/lpcxpresso_5.0.12_1041/lpcxpresso/tools/bin/../lib/gcc/arm-none-eabi/4.6.2/armv6-m/libcr_eabihelpers.a(division.o)
 .ARM.attributes
                0x0000000000000a51       0x31 /Applications/lpcxpresso_5.0.12_1041/lpcxpresso/tools/bin/../lib/gcc/arm-none-eabi/4.6.2/armv6-m/libcr_eabihelpers.a(double.o)
 .ARM.attributes
                0x0000000000000a82       0x31 /Applications/lpcxpresso_5.0.12_1041/lpcxpresso/tools/bin/../lib/gcc/arm-none-eabi/4.6.2/armv6-m/libcr_eabihelpers.a(float.o)
 .ARM.attributes
                0x0000000000000ab3       0x21 /Applications/lpcxpresso_5.0.12_1041/lpcxpresso/tools/bin/../lib/gcc/arm-none-eabi/4.6.2/armv6-m/libcr_eabihelpers.a(llong.o)
 .ARM.attributes
                0x0000000000000ad4       0x21 /Applications/lpcxpresso_5.0.12_1041/lpcxpresso/tools/bin/../lib/gcc/arm-none-eabi/4.6.2/armv6-m/libcr_eabihelpers.a(memcpy.o)

.debug_loc      0x0000000000000000     0x20d9
 .debug_loc     0x0000000000000000      0x1ec ./Source/driver/gpio.o
 .debug_loc     0x00000000000001ec      0x138 ./Source/driver/i2c.o
 .debug_loc     0x0000000000000324      0x10c ./Source/driver/uart.o
 .debug_loc     0x0000000000000430       0xc8 ./Source/FreeRTOS_Source/portable/MemMang/heap_1.o
 .debug_loc     0x00000000000004f8      0x178 ./Source/FreeRTOS_Source/portable/GCC/ARM_CM0/port.o
 .debug_loc     0x0000000000000670      0x188 ./Source/FreeRTOS_Source/croutine.o
 .debug_loc     0x00000000000007f8      0x118 ./Source/FreeRTOS_Source/list.o
 .debug_loc     0x0000000000000910      0x578 ./Source/FreeRTOS_Source/queue.o
 .debug_loc     0x0000000000000e88      0x85a ./Source/FreeRTOS_Source/tasks.o
 .debug_loc     0x00000000000016e2      0x118 ./Source/UartPacket.o
 .debug_loc     0x00000000000017fa      0x188 ./Source/control.o
 .debug_loc     0x0000000000001982      0x3a7 ./Source/cr_startup_lpc11.o
 .debug_loc     0x0000000000001d29      0x118 ./Source/flowrate.o
 .debug_loc     0x0000000000001e41      0x164 ./Source/main.o
 .debug_loc     0x0000000000001fa5       0x9c ./Source/pumps.o
 .debug_loc     0x0000000000002041       0x98 /Users/vivid/Dropbox/My files/code/BubbleArm/CMSISv2p00_LPC11xx/Debug/libCMSISv2p00_LPC11xx.a(system_LPC11xx.o)

.debug_aranges  0x0000000000000000      0x630
 .debug_aranges
                0x0000000000000000       0x60 ./Source/driver/gpio.o
 .debug_aranges
                0x0000000000000060       0x48 ./Source/driver/i2c.o
 .debug_aranges
                0x00000000000000a8       0x40 ./Source/driver/uart.o
 .debug_aranges
                0x00000000000000e8       0x38 ./Source/FreeRTOS_Source/portable/MemMang/heap_1.o
 .debug_aranges
                0x0000000000000120       0x70 ./Source/FreeRTOS_Source/portable/GCC/ARM_CM0/port.o
 .debug_aranges
                0x0000000000000190       0x50 ./Source/FreeRTOS_Source/croutine.o
 .debug_aranges
                0x00000000000001e0       0x40 ./Source/FreeRTOS_Source/list.o
 .debug_aranges
                0x0000000000000220       0xe0 ./Source/FreeRTOS_Source/queue.o
 .debug_aranges
                0x0000000000000300      0x150 ./Source/FreeRTOS_Source/tasks.o
 .debug_aranges
                0x0000000000000450       0x40 ./Source/UartPacket.o
 .debug_aranges
                0x0000000000000490       0x50 ./Source/control.o
 .debug_aranges
                0x00000000000004e0       0x68 ./Source/cr_startup_lpc11.o
 .debug_aranges
                0x0000000000000548       0x40 ./Source/flowrate.o
 .debug_aranges
                0x0000000000000588       0x50 ./Source/main.o
 .debug_aranges
                0x00000000000005d8       0x30 ./Source/pumps.o
 .debug_aranges
                0x0000000000000608       0x28 /Users/vivid/Dropbox/My files/code/BubbleArm/CMSISv2p00_LPC11xx/Debug/libCMSISv2p00_LPC11xx.a(system_LPC11xx.o)

.debug_ranges   0x0000000000000000      0x530
 .debug_ranges  0x0000000000000000       0x50 ./Source/driver/gpio.o
 .debug_ranges  0x0000000000000050       0x38 ./Source/driver/i2c.o
 .debug_ranges  0x0000000000000088       0x30 ./Source/driver/uart.o
 .debug_ranges  0x00000000000000b8       0x28 ./Source/FreeRTOS_Source/portable/MemMang/heap_1.o
 .debug_ranges  0x00000000000000e0       0x60 ./Source/FreeRTOS_Source/portable/GCC/ARM_CM0/port.o
 .debug_ranges  0x0000000000000140       0x40 ./Source/FreeRTOS_Source/croutine.o
 .debug_ranges  0x0000000000000180       0x30 ./Source/FreeRTOS_Source/list.o
 .debug_ranges  0x00000000000001b0       0xd0 ./Source/FreeRTOS_Source/queue.o
 .debug_ranges  0x0000000000000280      0x140 ./Source/FreeRTOS_Source/tasks.o
 .debug_ranges  0x00000000000003c0       0x30 ./Source/UartPacket.o
 .debug_ranges  0x00000000000003f0       0x40 ./Source/control.o
 .debug_ranges  0x0000000000000430       0x58 ./Source/cr_startup_lpc11.o
 .debug_ranges  0x0000000000000488       0x30 ./Source/flowrate.o
 .debug_ranges  0x00000000000004b8       0x40 ./Source/main.o
 .debug_ranges  0x00000000000004f8       0x20 ./Source/pumps.o
 .debug_ranges  0x0000000000000518       0x18 /Users/vivid/Dropbox/My files/code/BubbleArm/CMSISv2p00_LPC11xx/Debug/libCMSISv2p00_LPC11xx.a(system_LPC11xx.o)

.debug_frame    0x0000000000000000     0x12f4
 .debug_frame   0x0000000000000000      0x12c ./Source/driver/gpio.o
 .debug_frame   0x000000000000012c       0xc8 ./Source/driver/i2c.o
 .debug_frame   0x00000000000001f4       0xac ./Source/driver/uart.o
 .debug_frame   0x00000000000002a0       0x88 ./Source/FreeRTOS_Source/portable/MemMang/heap_1.o
 .debug_frame   0x0000000000000328      0x12c ./Source/FreeRTOS_Source/portable/GCC/ARM_CM0/port.o
 .debug_frame   0x0000000000000454       0xf0 ./Source/FreeRTOS_Source/croutine.o
 .debug_frame   0x0000000000000544       0xb0 ./Source/FreeRTOS_Source/list.o
 .debug_frame   0x00000000000005f4      0x330 ./Source/FreeRTOS_Source/queue.o
 .debug_frame   0x0000000000000924      0x4e4 ./Source/FreeRTOS_Source/tasks.o
 .debug_frame   0x0000000000000e08       0xb0 ./Source/UartPacket.o
 .debug_frame   0x0000000000000eb8       0xf4 ./Source/control.o
 .debug_frame   0x0000000000000fac      0x104 ./Source/cr_startup_lpc11.o
 .debug_frame   0x00000000000010b0       0xb0 ./Source/flowrate.o
 .debug_frame   0x0000000000001160       0xe4 ./Source/main.o
 .debug_frame   0x0000000000001244       0x6c ./Source/pumps.o
 .debug_frame   0x00000000000012b0       0x44 /Users/vivid/Dropbox/My files/code/BubbleArm/CMSISv2p00_LPC11xx/Debug/libCMSISv2p00_LPC11xx.a(system_LPC11xx.o)
