Archive member included because of file (symbol)

/Users/vivid/Dropbox/My files/code/BubbleArm/CMSISv2p00_LPC11xx/Debug/libCMSISv2p00_LPC11xx.a(system_LPC11xx.o)
                              ./Source/cr_startup_lpc11.o (SystemInit)
/Applications/lpcxpresso_5.0.12_1041/lpcxpresso/tools/bin/../lib/gcc/arm-none-eabi/4.6.2/../../../../arm-none-eabi/lib/armv6-m/libcr_c.a(memcpy.o)
                              ./Source/FreeRTOS_Source/queue.o (memcpy)
/Applications/lpcxpresso_5.0.12_1041/lpcxpresso/tools/bin/../lib/gcc/arm-none-eabi/4.6.2/../../../../arm-none-eabi/lib/armv6-m/libcr_c.a(memset.o)
                              ./Source/FreeRTOS_Source/tasks.o (memset)
/Applications/lpcxpresso_5.0.12_1041/lpcxpresso/tools/bin/../lib/gcc/arm-none-eabi/4.6.2/../../../../arm-none-eabi/lib/armv6-m/libcr_c.a(__weak__main.o)
                              ./Source/cr_startup_lpc11.o (__main)
/Applications/lpcxpresso_5.0.12_1041/lpcxpresso/tools/bin/../lib/gcc/arm-none-eabi/4.6.2/../../../../arm-none-eabi/lib/armv6-m/libcr_c.a(fpprintf.o)
                              ./Source/FreeRTOS_Source/tasks.o (sprintf)
/Applications/lpcxpresso_5.0.12_1041/lpcxpresso/tools/bin/../lib/gcc/arm-none-eabi/4.6.2/../../../../arm-none-eabi/lib/armv6-m/libcr_c.a(memcmp.o)
                              ./Source/FreeRTOS_Source/tasks.o (memcmp)
/Applications/lpcxpresso_5.0.12_1041/lpcxpresso/tools/bin/../lib/gcc/arm-none-eabi/4.6.2/../../../../arm-none-eabi/lib/armv6-m/libcr_c.a(printf.o)
                              /Applications/lpcxpresso_5.0.12_1041/lpcxpresso/tools/bin/../lib/gcc/arm-none-eabi/4.6.2/../../../../arm-none-eabi/lib/armv6-m/libcr_c.a(fpprintf.o) (__vfprintf)
/Applications/lpcxpresso_5.0.12_1041/lpcxpresso/tools/bin/../lib/gcc/arm-none-eabi/4.6.2/../../../../arm-none-eabi/lib/armv6-m/libcr_c.a(stdio.o)
                              /Applications/lpcxpresso_5.0.12_1041/lpcxpresso/tools/bin/../lib/gcc/arm-none-eabi/4.6.2/../../../../arm-none-eabi/lib/armv6-m/libcr_c.a(fpprintf.o) (__Ciob)
/Applications/lpcxpresso_5.0.12_1041/lpcxpresso/tools/bin/../lib/gcc/arm-none-eabi/4.6.2/../../../../arm-none-eabi/lib/armv6-m/libcr_c.a(strcat.o)
                              ./Source/FreeRTOS_Source/tasks.o (strcat)
/Applications/lpcxpresso_5.0.12_1041/lpcxpresso/tools/bin/../lib/gcc/arm-none-eabi/4.6.2/../../../../arm-none-eabi/lib/armv6-m/libcr_c.a(strlen.o)
                              /Applications/lpcxpresso_5.0.12_1041/lpcxpresso/tools/bin/../lib/gcc/arm-none-eabi/4.6.2/../../../../arm-none-eabi/lib/armv6-m/libcr_c.a(printf.o) (strlen)
/Applications/lpcxpresso_5.0.12_1041/lpcxpresso/tools/bin/../lib/gcc/arm-none-eabi/4.6.2/../../../../arm-none-eabi/lib/armv6-m/libcr_c.a(strncpy.o)
                              ./Source/FreeRTOS_Source/tasks.o (strncpy)
/Applications/lpcxpresso_5.0.12_1041/lpcxpresso/tools/bin/../lib/gcc/arm-none-eabi/4.6.2/../../../../arm-none-eabi/lib/armv6-m/libcr_c.a(__fillbuf.o)
                              /Applications/lpcxpresso_5.0.12_1041/lpcxpresso/tools/bin/../lib/gcc/arm-none-eabi/4.6.2/../../../../arm-none-eabi/lib/armv6-m/libcr_c.a(stdio.o) (__filbuf)
/Applications/lpcxpresso_5.0.12_1041/lpcxpresso/tools/bin/../lib/gcc/arm-none-eabi/4.6.2/../../../../arm-none-eabi/lib/armv6-m/libcr_c.a(_deferredlazyseek.o)
                              /Applications/lpcxpresso_5.0.12_1041/lpcxpresso/tools/bin/../lib/gcc/arm-none-eabi/4.6.2/../../../../arm-none-eabi/lib/armv6-m/libcr_c.a(__fillbuf.o) (_deferredlazyseek)
/Applications/lpcxpresso_5.0.12_1041/lpcxpresso/tools/bin/../lib/gcc/arm-none-eabi/4.6.2/../../../../arm-none-eabi/lib/armv6-m/libcr_c.a(_fflush.o)
                              /Applications/lpcxpresso_5.0.12_1041/lpcxpresso/tools/bin/../lib/gcc/arm-none-eabi/4.6.2/../../../../arm-none-eabi/lib/armv6-m/libcr_c.a(__fillbuf.o) (_fflush)
/Applications/lpcxpresso_5.0.12_1041/lpcxpresso/tools/bin/../lib/gcc/arm-none-eabi/4.6.2/../../../../arm-none-eabi/lib/armv6-m/libcr_c.a(_frexpl.o)
                              /Applications/lpcxpresso_5.0.12_1041/lpcxpresso/tools/bin/../lib/gcc/arm-none-eabi/4.6.2/../../../../arm-none-eabi/lib/armv6-m/libcr_c.a(fpprintf.o) (_frexpl)
/Applications/lpcxpresso_5.0.12_1041/lpcxpresso/tools/bin/../lib/gcc/arm-none-eabi/4.6.2/../../../../arm-none-eabi/lib/armv6-m/libcr_c.a(_ldexpl.o)
                              /Applications/lpcxpresso_5.0.12_1041/lpcxpresso/tools/bin/../lib/gcc/arm-none-eabi/4.6.2/../../../../arm-none-eabi/lib/armv6-m/libcr_c.a(fpprintf.o) (_ldexpl)
/Applications/lpcxpresso_5.0.12_1041/lpcxpresso/tools/bin/../lib/gcc/arm-none-eabi/4.6.2/../../../../arm-none-eabi/lib/armv6-m/libcr_c.a(_writebuf.o)
                              /Applications/lpcxpresso_5.0.12_1041/lpcxpresso/tools/bin/../lib/gcc/arm-none-eabi/4.6.2/../../../../arm-none-eabi/lib/armv6-m/libcr_c.a(_deferredlazyseek.o) (_Cwritebuf)
/Applications/lpcxpresso_5.0.12_1041/lpcxpresso/tools/bin/../lib/gcc/arm-none-eabi/4.6.2/../../../../arm-none-eabi/lib/armv6-m/libcr_c.a(alloc.o)
[...]
Memory Configuration

Name             Origin             Length             Attributes
MFlash32         0x0000000000000000 0x0000000000008000 xr
RamLoc8          0x0000000010000000 0x0000000000002000 xrw
*default*        0x0000000000000000 0xffffffffffffffff

Linker script and memory map

LOAD ./Source/FreeRTOS_Source/portable/MemMang/heap_1.o
LOAD ./Source/FreeRTOS_Source/portable/GCC/ARM_CM0/port.o
LOAD ./Source/FreeRTOS_Source/croutine.o
LOAD ./Source/FreeRTOS_Source/list.o
LOAD ./Source/FreeRTOS_Source/queue.o
LOAD ./Source/FreeRTOS_Source/tasks.o
LOAD ./Source/FreeRTOS_Source/timers.o
LOAD ./Source/Common_Demo_Task/IntQueue.o
LOAD ./Source/Common_Demo_Task/blocktim.o
LOAD ./Source/Common_Demo_Task/countsem.o
LOAD ./Source/Common_Demo_Task/recmutex.o
LOAD ./Source/IntQueueTimer.o
LOAD ./Source/RegTest.o
LOAD ./Source/cr_startup_lpc11.o
LOAD ./Source/main.o
LOAD /Users/vivid/Dropbox/My files/code/BubbleArm/CMSISv2p00_LPC11xx/Debug/libCMSISv2p00_LPC11xx.a
START GROUP
LOAD /Applications/lpcxpresso_5.0.12_1041/lpcxpresso/tools/bin/../lib/gcc/arm-none-eabi/4.6.2/../../../../arm-none-eabi/lib/armv6-m/libcr_c.a
LOAD /Applications/lpcxpresso_5.0.12_1041/lpcxpresso/tools/bin/../lib/gcc/arm-none-eabi/4.6.2/armv6-m/libcr_eabihelpers.a
END GROUP
                0x0000000000008000                __top_MFlash32 = 0x8000
                0x0000000010002000                __top_RamLoc8 = 0x10002000

.text           0x0000000000000000     0x267c
 FILL mask 0xff
 *(.isr_vector)
 .isr_vector    0x0000000000000000       0xc0 ./Source/cr_startup_lpc11.o
                0x0000000000000000                g_pfnVectors
                0x00000000000000c0                . = ALIGN (0x4)
                0x00000000000000c0                __section_table_start = .
                0x00000000000000c0                __data_section_table = .
                0x00000000000000c0        0x4 LONG 0x267c LOADADDR (.data)
                0x00000000000000c4        0x4 LONG 0x10000000 ADDR (.data)
                0x00000000000000c8        0x4 LONG 0x10 SIZEOF (.data)
                0x00000000000000cc                __data_section_table_end = .
                0x00000000000000cc                __bss_section_table = .
                0x00000000000000cc        0x4 LONG 0x10000010 ADDR (.bss)
                0x00000000000000d0        0x4 LONG 0x1c54 SIZEOF (.bss)
                0x00000000000000d4                __bss_section_table_end = .
                0x00000000000000d4                __section_table_end = .
 *(.after_vectors*)
 .after_vectors
                0x00000000000000d4       0x9c ./Source/cr_startup_lpc11.o
                0x00000000000000d4                NMI_Handler
                0x00000000000000d8                HardFault_Handler
                0x0000000000000106                data_init
                0x0000000000000118                bss_init
                0x000000000000012a                ResetISR
                0x000000000000016c                IntDefaultHandler
                0x000000000000016c                PIOINT1_IRQHandler
                0x000000000000016c                CAN_IRQHandler
                0x000000000000016c                SSP0_IRQHandler
                0x000000000000016c                UART_IRQHandler
                0x000000000000016c                ADC_IRQHandler
                0x000000000000016c                SSP1_IRQHandler
                0x000000000000016c                PIOINT2_IRQHandler
                0x000000000000016c                BOD_IRQHandler
                0x000000000000016c                WAKEUP_IRQHandler
                0x000000000000016c                PIOINT0_IRQHandler
                0x000000000000016c                I2C_IRQHandler
                0x000000000000016c                WDT_IRQHandler
                0x000000000000016c                TIMER32_0_IRQHandler
                0x000000000000016c                PIOINT3_IRQHandler
                0x000000000000016c                TIMER32_1_IRQHandler
 *(.text*)
 .text.pvPortMalloc
                0x0000000000000170       0x7c ./Source/FreeRTOS_Source/portable/MemMang/heap_1.o
                0x0000000000000170                pvPortMalloc
 .text.vPortFree
                0x00000000000001ec       0x18 ./Source/FreeRTOS_Source/portable/MemMang/heap_1.o
                0x00000000000001ec                vPortFree
 .text.pxPortInitialiseStack
                0x0000000000000204       0x44 ./Source/FreeRTOS_Source/portable/GCC/ARM_CM0/port.o
                0x0000000000000204                pxPortInitialiseStack
 .text.SVCall_Handler
                0x0000000000000248       0x28 ./Source/FreeRTOS_Source/portable/GCC/ARM_CM0/port.o
                0x0000000000000248                SVCall_Handler
 .text.vPortStartFirstTask
                0x0000000000000270       0x10 ./Source/FreeRTOS_Source/portable/GCC/ARM_CM0/port.o
 .text.xPortStartScheduler
                0x0000000000000280       0x40 ./Source/FreeRTOS_Source/portable/GCC/ARM_CM0/port.o
                0x0000000000000280                xPortStartScheduler
 .text.vPortYieldFromISR
                0x00000000000002c0       0x14 ./Source/FreeRTOS_Source/portable/GCC/ARM_CM0/port.o
                0x00000000000002c0                vPortYieldFromISR
 .text.vPortEnterCritical
                0x00000000000002d4       0x18 ./Source/FreeRTOS_Source/portable/GCC/ARM_CM0/port.o
                0x00000000000002d4                vPortEnterCritical
 .text.vPortExitCritical
                0x00000000000002ec       0x20 ./Source/FreeRTOS_Source/portable/GCC/ARM_CM0/port.o
                0x00000000000002ec                vPortExitCritical
 .text.PendSV_Handler
                0x000000000000030c       0x44 ./Source/FreeRTOS_Source/portable/GCC/ARM_CM0/port.o
                0x000000000000030c                PendSV_Handler
 .text.SysTick_Handler
                0x0000000000000350       0x24 ./Source/FreeRTOS_Source/portable/GCC/ARM_CM0/port.o
                0x0000000000000350                SysTick_Handler
 .text.prvSetupTimerInterrupt
                0x0000000000000374       0x30 ./Source/FreeRTOS_Source/portable/GCC/ARM_CM0/port.o
 .text.vListInitialise
                0x00000000000003a4       0x3c ./Source/FreeRTOS_Source/list.o
                0x00000000000003a4                vListInitialise
 .text.vListInitialiseItem
                0x00000000000003e0       0x14 ./Source/FreeRTOS_Source/list.o
                0x00000000000003e0                vListInitialiseItem
 .text.vListInsertEnd
                0x00000000000003f4       0x4c ./Source/FreeRTOS_Source/list.o
                0x00000000000003f4                vListInsertEnd
 .text.vListInsert
                0x0000000000000440       0x70 ./Source/FreeRTOS_Source/list.o
                0x0000000000000440                vListInsert
 .text.uxListRemove
                0x00000000000004b0       0x50 ./Source/FreeRTOS_Source/list.o
                0x00000000000004b0                uxListRemove
 .text.xQueueGenericReset
                0x0000000000000500       0xa8 ./Source/FreeRTOS_Source/queue.o
                0x0000000000000500                xQueueGenericReset
 .text.xQueueGenericCreate
                0x00000000000005a8       0x8c ./Source/FreeRTOS_Source/queue.o
                0x00000000000005a8                xQueueGenericCreate
 .text.xQueueGenericSend
                0x0000000000000634      0x138 ./Source/FreeRTOS_Source/queue.o
                0x0000000000000634                xQueueGenericSend
 .text.xQueueGenericSendFromISR
                0x000000000000076c       0xa4 ./Source/FreeRTOS_Source/queue.o
                0x000000000000076c                xQueueGenericSendFromISR
 .text.xQueueGenericReceive
                0x0000000000000810      0x194 ./Source/FreeRTOS_Source/queue.o
                0x0000000000000810                xQueueGenericReceive
 .text.xQueueReceiveFromISR
                0x00000000000009a4       0xa4 ./Source/FreeRTOS_Source/queue.o
                0x00000000000009a4                xQueueReceiveFromISR
 .text.prvCopyDataToQueue
                0x0000000000000a48       0xbc ./Source/FreeRTOS_Source/queue.o
 .text.prvCopyDataFromQueue
                0x0000000000000b04       0x50 ./Source/FreeRTOS_Source/queue.o
 .text.prvUnlockQueue
                0x0000000000000b54       0x94 ./Source/FreeRTOS_Source/queue.o
 .text.prvIsQueueEmpty
                0x0000000000000be8       0x24 ./Source/FreeRTOS_Source/queue.o
 .text.prvIsQueueFull
                0x0000000000000c0c       0x2c ./Source/FreeRTOS_Source/queue.o
 .text.xQueueIsQueueFullFromISR
                0x0000000000000c38       0x30 ./Source/FreeRTOS_Source/queue.o
                0x0000000000000c38                xQueueIsQueueFullFromISR
 .text.vQueueWaitForMessageRestricted
                0x0000000000000c68       0x54 ./Source/FreeRTOS_Source/queue.o
                0x0000000000000c68                vQueueWaitForMessageRestricted
 .text.xTaskGenericCreate
                0x0000000000000cbc      0x198 ./Source/FreeRTOS_Source/tasks.o
                0x0000000000000cbc                xTaskGenericCreate
 .text.vTaskDelayUntil
                0x0000000000000e54       0xb0 ./Source/FreeRTOS_Source/tasks.o
                0x0000000000000e54                vTaskDelayUntil
 .text.vTaskStartScheduler
                0x0000000000000f04       0x70 ./Source/FreeRTOS_Source/tasks.o
                0x0000000000000f04                vTaskStartScheduler
 .text.vTaskSuspendAll
                0x0000000000000f74       0x18 ./Source/FreeRTOS_Source/tasks.o
                0x0000000000000f74                vTaskSuspendAll
 .text.xTaskResumeAll
                0x0000000000000f8c      0x104 ./Source/FreeRTOS_Source/tasks.o
                0x0000000000000f8c                xTaskResumeAll
 .text.xTaskGetTickCount
                0x0000000000001090       0x24 ./Source/FreeRTOS_Source/tasks.o
                0x0000000000001090                xTaskGetTickCount
 .text.vTaskIncrementTick
                0x00000000000010b4      0x14c ./Source/FreeRTOS_Source/tasks.o
                0x00000000000010b4                vTaskIncrementTick
 .text.vTaskSwitchContext
                0x0000000000001200       0xf4 ./Source/FreeRTOS_Source/tasks.o
                0x0000000000001200                vTaskSwitchContext
 .text.vTaskPlaceOnEventList
                0x00000000000012f4       0x6c ./Source/FreeRTOS_Source/tasks.o
                0x00000000000012f4                vTaskPlaceOnEventList
 .text.vTaskPlaceOnEventListRestricted
                0x0000000000001360       0x50 ./Source/FreeRTOS_Source/tasks.o
                0x0000000000001360                vTaskPlaceOnEventListRestricted
 .text.xTaskRemoveFromEventList
                0x00000000000013b0       0xb0 ./Source/FreeRTOS_Source/tasks.o
                0x00000000000013b0                xTaskRemoveFromEventList
 .text.vTaskSetTimeOutState
                0x0000000000001460       0x30 ./Source/FreeRTOS_Source/tasks.o
                0x0000000000001460                vTaskSetTimeOutState
 .text.xTaskCheckForTimeOut
                0x0000000000001490       0x9c ./Source/FreeRTOS_Source/tasks.o
                0x0000000000001490                xTaskCheckForTimeOut
 .text.vTaskMissedYield
                0x000000000000152c       0x14 ./Source/FreeRTOS_Source/tasks.o
                0x000000000000152c                vTaskMissedYield
 .text.prvIdleTask
                0x0000000000001540       0x24 ./Source/FreeRTOS_Source/tasks.o
 .text.prvInitialiseTCBVariables
                0x0000000000001564       0x70 ./Source/FreeRTOS_Source/tasks.o
 .text.prvInitialiseTaskLists
                0x00000000000015d4       0x88 ./Source/FreeRTOS_Source/tasks.o
 .text.prvCheckTasksWaitingTermination
                0x000000000000165c       0x70 ./Source/FreeRTOS_Source/tasks.o
 .text.prvAddCurrentTaskToDelayedList
                0x00000000000016cc       0x6c ./Source/FreeRTOS_Source/tasks.o
 .text.prvAllocateTCBAndStack
                0x0000000000001738       0x70 ./Source/FreeRTOS_Source/tasks.o
 .text.prvDeleteTCB
                0x00000000000017a8       0x20 ./Source/FreeRTOS_Source/tasks.o
 .text.xTaskGetCurrentTaskHandle
                0x00000000000017c8       0x1c ./Source/FreeRTOS_Source/tasks.o
                0x00000000000017c8                xTaskGetCurrentTaskHandle
 .text.xTaskGetSchedulerState
                0x00000000000017e4       0x38 ./Source/FreeRTOS_Source/tasks.o
                0x00000000000017e4                xTaskGetSchedulerState
 .text.vTaskPriorityInherit
                0x000000000000181c       0xac ./Source/FreeRTOS_Source/tasks.o
                0x000000000000181c                vTaskPriorityInherit
 .text.vTaskPriorityDisinherit
                0x00000000000018c8       0x7c ./Source/FreeRTOS_Source/tasks.o
                0x00000000000018c8                vTaskPriorityDisinherit
 .text.xTimerCreateTimerTask
                0x0000000000001944       0x5c ./Source/FreeRTOS_Source/timers.o
                0x0000000000001944                xTimerCreateTimerTask
 .text.xTimerGenericCommand
                0x00000000000019a0       0xa0 ./Source/FreeRTOS_Source/timers.o
                0x00000000000019a0                xTimerGenericCommand
 .text.prvProcessExpiredTimer
                0x0000000000001a40       0x74 ./Source/FreeRTOS_Source/timers.o
 .text.prvTimerTask
                0x0000000000001ab4       0x28 ./Source/FreeRTOS_Source/timers.o
 .text.prvProcessTimerOrBlockTask
                0x0000000000001adc       0x74 ./Source/FreeRTOS_Source/timers.o
 .text.prvGetNextExpireTime
                0x0000000000001b50       0x3c ./Source/FreeRTOS_Source/timers.o
 .text.prvSampleTimeNow
                0x0000000000001b8c       0x48 ./Source/FreeRTOS_Source/timers.o
 .text.prvInsertTimerInActiveList
                0x0000000000001bd4       0x84 ./Source/FreeRTOS_Source/timers.o
 .text.prvProcessReceivedCommands
                0x0000000000001c58      0x10c ./Source/FreeRTOS_Source/timers.o
 .text.prvSwitchTimerLists
                0x0000000000001d64       0xb8 ./Source/FreeRTOS_Source/timers.o
 .text.prvCheckForValidListAndQueue
                0x0000000000001e1c       0x58 ./Source/FreeRTOS_Source/timers.o
 .text.prvRecordValue_NormallyFull
                0x0000000000001e74       0x3c ./Source/Common_Demo_Task/IntQueue.o
 .text.prvRecordValue_NormallyEmpty
                0x0000000000001eb0       0x40 ./Source/Common_Demo_Task/IntQueue.o
 .text.prvQueueAccessLogError
                0x0000000000001ef0       0x24 ./Source/Common_Demo_Task/IntQueue.o
 .text.xFirstTimerHandler
                0x0000000000001f14      0x154 ./Source/Common_Demo_Task/IntQueue.o
                0x0000000000001f14                xFirstTimerHandler
 .text.xSecondTimerHandler
                0x0000000000002068      0x20c ./Source/Common_Demo_Task/IntQueue.o
                0x0000000000002068                xSecondTimerHandler
 .text.TIMER16_0_IRQHandler
                0x0000000000002274       0x20 ./Source/IntQueueTimer.o
                0x0000000000002274                TIMER16_0_IRQHandler
 .text.TIMER16_1_IRQHandler
                0x0000000000002294       0x20 ./Source/IntQueueTimer.o
                0x0000000000002294                TIMER16_1_IRQHandler
 .text.pop_registers_from_fault_stack
                0x00000000000022b4       0x28 ./Source/cr_startup_lpc11.o
                0x00000000000022b4                pop_registers_from_fault_stack
 .text.main     0x00000000000022dc       0x3c ./Source/main.o
                0x00000000000022dc                main
 .text.prvBlinkLedTask
                0x0000000000002318       0x24 ./Source/main.o
 .text.vMainToggleLED
                0x000000000000233c       0x40 ./Source/main.o
                0x000000000000233c                vMainToggleLED
 .text.prvSetupHardware
                0x000000000000237c       0x6c ./Source/main.o
 .text.vApplicationMallocFailedHook
                0x00000000000023e8        0x8 ./Source/main.o
                0x00000000000023e8                vApplicationMallocFailedHook
 .text.vApplicationStackOverflowHook
                0x00000000000023f0       0x10 ./Source/main.o
                0x00000000000023f0                vApplicationStackOverflowHook
 .text.vApplicationTickHook
                0x0000000000002400       0x28 ./Source/main.o
                0x0000000000002400                vApplicationTickHook
 .text.SystemInit
                0x0000000000002428       0x90 /Users/vivid/Dropbox/My files/code/BubbleArm/CMSISv2p00_LPC11xx/Debug/libCMSISv2p00_LPC11xx.a(system_LPC11xx.o)
                0x0000000000002428                SystemInit
 .text.memcpy   0x00000000000024b8        0x8 /Applications/lpcxpresso_5.0.12_1041/lpcxpresso/tools/bin/../lib/gcc/arm-none-eabi/4.6.2/../../../../arm-none-eabi/lib/armv6-m/libcr_c.a(memcpy.o)
                0x00000000000024b8                memcpy
 .text.memset   0x00000000000024c0        0x8 /Applications/lpcxpresso_5.0.12_1041/lpcxpresso/tools/bin/../lib/gcc/arm-none-eabi/4.6.2/../../../../arm-none-eabi/lib/armv6-m/libcr_c.a(memset.o)
                0x00000000000024c0                memset
 .text.__weak_main
                0x00000000000024c8        0x8 /Applications/lpcxpresso_5.0.12_1041/lpcxpresso/tools/bin/../lib/gcc/arm-none-eabi/4.6.2/../../../../arm-none-eabi/lib/armv6-m/libcr_c.a(__weak__main.o)
                0x00000000000024c8                __main
                0x00000000000024c8                __weak_main
 .text.memcmp   0x00000000000024d0       0x38 /Applications/lpcxpresso_5.0.12_1041/lpcxpresso/tools/bin/../lib/gcc/arm-none-eabi/4.6.2/../../../../arm-none-eabi/lib/armv6-m/libcr_c.a(memcmp.o)
                0x00000000000024d0                memcmp
 .text.strncpy  0x0000000000002508       0x54 /Applications/lpcxpresso_5.0.12_1041/lpcxpresso/tools/bin/../lib/gcc/arm-none-eabi/4.6.2/../../../../arm-none-eabi/lib/armv6-m/libcr_c.a(strncpy.o)
                0x0000000000002508                strncpy
 .text.__aeabi_division_uidivmod
                0x000000000000255c       0x72 /Applications/lpcxpresso_5.0.12_1041/lpcxpresso/tools/bin/../lib/gcc/arm-none-eabi/4.6.2/armv6-m/libcr_eabihelpers.a(division.o)
                0x000000000000255c                __aeabi_uidiv
                0x000000000000255c                __aeabi_uidivmod
 .text.__aeabi_division_idiv0
                0x00000000000025ce        0x2 /Applications/lpcxpresso_5.0.12_1041/lpcxpresso/tools/bin/../lib/gcc/arm-none-eabi/4.6.2/armv6-m/libcr_eabihelpers.a(division.o)
                0x00000000000025ce                __aeabi_idiv0
 .text.__aeabi_memcpy
                0x00000000000025d0       0x2c /Applications/lpcxpresso_5.0.12_1041/lpcxpresso/tools/bin/../lib/gcc/arm-none-eabi/4.6.2/armv6-m/libcr_eabihelpers.a(memcpy.o)
                0x00000000000025d0                __aeabi_memcpy
                0x00000000000025d0                __aeabi_memcpy4
                0x00000000000025d0                __aeabi_memcpy8
 .text.__aeabi_memset_lowlevel
                0x00000000000025fc       0x2a /Applications/lpcxpresso_5.0.12_1041/lpcxpresso/tools/bin/../lib/gcc/arm-none-eabi/4.6.2/armv6-m/libcr_eabihelpers.a(memcpy.o)
                0x00000000000025fc                __aeabi_lowlevel_memset
 *(.rodata .rodata.*)
 *fill*         0x0000000000002626        0x2 00
 .rodata        0x0000000000002628       0x20 ./Source/FreeRTOS_Source/tasks.o
 .rodata.ucExpectedStackBytes.4425
                0x0000000000002648       0x14 ./Source/FreeRTOS_Source/tasks.o
 .rodata        0x000000000000265c        0x8 ./Source/FreeRTOS_Source/timers.o
 .rodata.ucExpectedInterruptStackValues
                0x0000000000002664       0x10 ./Source/main.o
                0x0000000000002664                ucExpectedInterruptStackValues
 .rodata.xGPIO0
                0x0000000000002674        0x4 ./Source/main.o
 .rodata        0x0000000000002678        0x4 ./Source/main.o
                0x000000000000267c                . = ALIGN (0x4)

.glue_7         0x000000000000267c        0x0
 .glue_7        0x0000000000000000        0x0 linker stubs

.glue_7t        0x000000000000267c        0x0
 .glue_7t       0x0000000000000000        0x0 linker stubs

.vfp11_veneer   0x000000000000267c        0x0
 .vfp11_veneer  0x0000000000000000        0x0 linker stubs

.v4_bx          0x000000000000267c        0x0
 .v4_bx         0x0000000000000000        0x0 linker stubs

.ARM.extab
 *(.ARM.extab* .gnu.linkonce.armextab.*)
                0x000000000000267c                __exidx_start = .

.ARM.exidx
 *(.ARM.exidx* .gnu.linkonce.armexidx.*)
                0x000000000000267c                __exidx_end = .
                0x000000000000267c                _etext = .

.uninit_RESERVED
                0x0000000010000000        0x0
 *(.bss.$RESERVED*)
                0x0000000010000000                . = ALIGN (0x4)
                0x0000000010000000                _end_uninit_RESERVED = .

.data           0x0000000010000000       0x10 load address 0x000000000000267c
 FILL mask 0xff
                0x0000000010000000                _data = .
 *(vtable)
 *(.data*)
 .data.uxCriticalNesting
                0x0000000010000000        0x4 ./Source/FreeRTOS_Source/portable/GCC/ARM_CM0/port.o
 .data.xNextTaskUnblockTime
                0x0000000010000004        0x4 ./Source/FreeRTOS_Source/tasks.o
 .data.xErrorStatus
                0x0000000010000008        0x4 ./Source/Common_Demo_Task/IntQueue.o
 .data.SystemCoreClock
                0x000000001000000c        0x4 /Users/vivid/Dropbox/My files/code/BubbleArm/CMSISv2p00_LPC11xx/Debug/libCMSISv2p00_LPC11xx.a(system_LPC11xx.o)
                0x000000001000000c                SystemCoreClock
                0x0000000010000010                . = ALIGN (0x4)
                0x0000000010000010                _edata = .

.bss            0x0000000010000010     0x1c54 load address 0x0000000000002690
                0x0000000010000010                _bss = .
 *(.bss*)
 .bss.xHeap     0x0000000010000010     0x1968 ./Source/FreeRTOS_Source/portable/MemMang/heap_1.o
 .bss.xNextFreeByte
                0x0000000010001978        0x4 ./Source/FreeRTOS_Source/portable/MemMang/heap_1.o
 .bss.pxCurrentTCB
                0x000000001000197c        0x4 ./Source/FreeRTOS_Source/tasks.o
                0x000000001000197c                pxCurrentTCB
 .bss.pxReadyTasksLists
                0x0000000010001980       0x64 ./Source/FreeRTOS_Source/tasks.o
 .bss.xDelayedTaskList1
                0x00000000100019e4       0x14 ./Source/FreeRTOS_Source/tasks.o
 .bss.xDelayedTaskList2
                0x00000000100019f8       0x14 ./Source/FreeRTOS_Source/tasks.o
 .bss.pxDelayedTaskList
                0x0000000010001a0c        0x4 ./Source/FreeRTOS_Source/tasks.o
 .bss.pxOverflowDelayedTaskList
                0x0000000010001a10        0x4 ./Source/FreeRTOS_Source/tasks.o
 .bss.xPendingReadyList
                0x0000000010001a14       0x14 ./Source/FreeRTOS_Source/tasks.o
 .bss.xTasksWaitingTermination
                0x0000000010001a28       0x14 ./Source/FreeRTOS_Source/tasks.o
 .bss.uxTasksDeleted
                0x0000000010001a3c        0x4 ./Source/FreeRTOS_Source/tasks.o
 .bss.xSuspendedTaskList
                0x0000000010001a40       0x14 ./Source/FreeRTOS_Source/tasks.o
 .bss.uxCurrentNumberOfTasks
                0x0000000010001a54        0x4 ./Source/FreeRTOS_Source/tasks.o
 .bss.xTickCount
                0x0000000010001a58        0x4 ./Source/FreeRTOS_Source/tasks.o
 .bss.uxTopUsedPriority
                0x0000000010001a5c        0x4 ./Source/FreeRTOS_Source/tasks.o
 .bss.uxTopReadyPriority
                0x0000000010001a60        0x4 ./Source/FreeRTOS_Source/tasks.o
 .bss.xSchedulerRunning
                0x0000000010001a64        0x4 ./Source/FreeRTOS_Source/tasks.o
 .bss.uxSchedulerSuspended
                0x0000000010001a68        0x4 ./Source/FreeRTOS_Source/tasks.o
 .bss.uxMissedTicks
                0x0000000010001a6c        0x4 ./Source/FreeRTOS_Source/tasks.o
 .bss.xMissedYield
                0x0000000010001a70        0x4 ./Source/FreeRTOS_Source/tasks.o
 .bss.xNumOfOverflows
                0x0000000010001a74        0x4 ./Source/FreeRTOS_Source/tasks.o
 .bss.uxTaskNumber
                0x0000000010001a78        0x4 ./Source/FreeRTOS_Source/tasks.o
 .bss.xActiveTimerList1
                0x0000000010001a7c       0x14 ./Source/FreeRTOS_Source/timers.o
 .bss.xActiveTimerList2
                0x0000000010001a90       0x14 ./Source/FreeRTOS_Source/timers.o
 .bss.pxCurrentTimerList
                0x0000000010001aa4        0x4 ./Source/FreeRTOS_Source/timers.o
 .bss.pxOverflowTimerList
                0x0000000010001aa8        0x4 ./Source/FreeRTOS_Source/timers.o
 .bss.xTimerQueue
                0x0000000010001aac        0x4 ./Source/FreeRTOS_Source/timers.o
 .bss.xLastTime.4031
                0x0000000010001ab0        0x4 ./Source/FreeRTOS_Source/timers.o
 .bss.xNormallyEmptyQueue
                0x0000000010001ab4        0x4 ./Source/Common_Demo_Task/IntQueue.o
 .bss.xNormallyFullQueue
                0x0000000010001ab8        0x4 ./Source/Common_Demo_Task/IntQueue.o
 .bss.xErrorLine
                0x0000000010001abc        0x4 ./Source/Common_Demo_Task/IntQueue.o
 .bss.uxValueForNormallyEmptyQueue
                0x0000000010001ac0        0x4 ./Source/Common_Demo_Task/IntQueue.o
                0x0000000010001ac0                uxValueForNormallyEmptyQueue
 .bss.uxValueForNormallyFullQueue
                0x0000000010001ac4        0x4 ./Source/Common_Demo_Task/IntQueue.o
                0x0000000010001ac4                uxValueForNormallyFullQueue
 .bss.ucNormallyEmptyReceivedValues
                0x0000000010001ac8       0xc8 ./Source/Common_Demo_Task/IntQueue.o
 .bss.ucNormallyFullReceivedValues
                0x0000000010001b90       0xc8 ./Source/Common_Demo_Task/IntQueue.o
 .bss.uxNextOperation.4115
                0x0000000010001c58        0x4 ./Source/Common_Demo_Task/IntQueue.o
 .bss.uxNextOperation.4106
                0x0000000010001c5c        0x4 ./Source/Common_Demo_Task/IntQueue.o
 .bss.ulLEDState.4438
                0x0000000010001c60        0x4 ./Source/main.o
 *(COMMON)
                0x0000000010001c64                . = ALIGN (0x4)
                0x0000000010001c64                _ebss = .
                0x0000000010001c64                PROVIDE (end, .)
                0x0000000010001c64                PROVIDE (_pvHeapStart, .)
                0x0000000010002000                PROVIDE (_vStackTop, (__top_RamLoc8 - 0x0))
OUTPUT(RTOS_Simple.axf elf32-littlearm)

.debug_info     0x0000000000000000     0x5295
 .debug_info    0x0000000000000000      0x187 ./Source/FreeRTOS_Source/portable/MemMang/heap_1.o
 .debug_info    0x0000000000000187      0x210 ./Source/FreeRTOS_Source/portable/GCC/ARM_CM0/port.o
 .debug_info    0x0000000000000397      0x4dc ./Source/FreeRTOS_Source/croutine.o
 .debug_info    0x0000000000000873      0x2b2 ./Source/FreeRTOS_Source/list.o
 .debug_info    0x0000000000000b25      0xa6d ./Source/FreeRTOS_Source/queue.o
 .debug_info    0x0000000000001592     0x1048 ./Source/FreeRTOS_Source/tasks.o
 .debug_info    0x00000000000025da      0x765 ./Source/FreeRTOS_Source/timers.o
 .debug_info    0x0000000000002d3f      0x68f ./Source/Common_Demo_Task/IntQueue.o
 .debug_info    0x00000000000033ce      0x238 ./Source/Common_Demo_Task/blocktim.o
 .debug_info    0x0000000000003606      0x248 ./Source/Common_Demo_Task/countsem.o
 .debug_info    0x000000000000384e      0x249 ./Source/Common_Demo_Task/recmutex.o
 .debug_info    0x0000000000003a97      0x87e ./Source/IntQueueTimer.o
 .debug_info    0x0000000000004315       0x56 ./Source/RegTest.o
 .debug_info    0x000000000000436b      0x344 ./Source/cr_startup_lpc11.o
 .debug_info    0x00000000000046af      0x730 ./Source/main.o
 .debug_info    0x0000000000004ddf      0x4b6 /Users/vivid/Dropbox/My files/code/BubbleArm/CMSISv2p00_LPC11xx/Debug/libCMSISv2p00_LPC11xx.a(system_LPC11xx.o)

.debug_abbrev   0x0000000000000000     0x11b7
 .debug_abbrev  0x0000000000000000      0x11a ./Source/FreeRTOS_Source/portable/MemMang/heap_1.o
 .debug_abbrev  0x000000000000011a      0x130 ./Source/FreeRTOS_Source/portable/GCC/ARM_CM0/port.o
 .debug_abbrev  0x000000000000024a      0x18a ./Source/FreeRTOS_Source/croutine.o
 .debug_abbrev  0x00000000000003d4       0xbc ./Source/FreeRTOS_Source/list.o
 .debug_abbrev  0x0000000000000490      0x139 ./Source/FreeRTOS_Source/queue.o
 .debug_abbrev  0x00000000000005c9      0x184 ./Source/FreeRTOS_Source/tasks.o
 .debug_abbrev  0x000000000000074d      0x134 ./Source/FreeRTOS_Source/timers.o
 .debug_abbrev  0x0000000000000881      0x134 ./Source/Common_Demo_Task/IntQueue.o
 .debug_abbrev  0x00000000000009b5       0xdd ./Source/Common_Demo_Task/blocktim.o
 .debug_abbrev  0x0000000000000a92      0x101 ./Source/Common_Demo_Task/countsem.o
 .debug_abbrev  0x0000000000000b93       0xec ./Source/Common_Demo_Task/recmutex.o
 .debug_abbrev  0x0000000000000c7f      0x12d ./Source/IntQueueTimer.o
 .debug_abbrev  0x0000000000000dac       0x2d ./Source/RegTest.o
 .debug_abbrev  0x0000000000000dd9      0x12c ./Source/cr_startup_lpc11.o
 .debug_abbrev  0x0000000000000f05      0x1c6 ./Source/main.o
 .debug_abbrev  0x00000000000010cb       0xec /Users/vivid/Dropbox/My files/code/BubbleArm/CMSISv2p00_LPC11xx/Debug/libCMSISv2p00_LPC11xx.a(system_LPC11xx.o)

.debug_loc      0x0000000000000000     0x22c5
 .debug_loc     0x0000000000000000       0xc8 ./Source/FreeRTOS_Source/portable/MemMang/heap_1.o
 .debug_loc     0x00000000000000c8      0x178 ./Source/FreeRTOS_Source/portable/GCC/ARM_CM0/port.o
 .debug_loc     0x0000000000000240      0x188 ./Source/FreeRTOS_Source/croutine.o
 .debug_loc     0x00000000000003c8      0x118 ./Source/FreeRTOS_Source/list.o
 .debug_loc     0x00000000000004e0      0x5b0 ./Source/FreeRTOS_Source/queue.o
 .debug_loc     0x0000000000000a90      0x8ca ./Source/FreeRTOS_Source/tasks.o
 .debug_loc     0x000000000000135a      0x304 ./Source/FreeRTOS_Source/timers.o
 .debug_loc     0x000000000000165e      0x294 ./Source/Common_Demo_Task/IntQueue.o
 .debug_loc     0x00000000000018f2       0xe0 ./Source/Common_Demo_Task/blocktim.o
 .debug_loc     0x00000000000019d2      0x118 ./Source/Common_Demo_Task/countsem.o
 .debug_loc     0x0000000000001aea      0x118 ./Source/Common_Demo_Task/recmutex.o
 .debug_loc     0x0000000000001c02       0xf4 ./Source/IntQueueTimer.o
 .debug_loc     0x0000000000001cf6      0x3a7 ./Source/cr_startup_lpc11.o
 .debug_loc     0x000000000000209d      0x190 ./Source/main.o
 .debug_loc     0x000000000000222d       0x98 /Users/vivid/Dropbox/My files/code/BubbleArm/CMSISv2p00_LPC11xx/Debug/libCMSISv2p00_LPC11xx.a(system_LPC11xx.o)

.debug_aranges  0x0000000000000000      0x688
 .debug_aranges
                0x0000000000000000       0x38 ./Source/FreeRTOS_Source/portable/MemMang/heap_1.o
 .debug_aranges
                0x0000000000000038       0x70 ./Source/FreeRTOS_Source/portable/GCC/ARM_CM0/port.o
 .debug_aranges
                0x00000000000000a8       0x50 ./Source/FreeRTOS_Source/croutine.o
 .debug_aranges
                0x00000000000000f8       0x40 ./Source/FreeRTOS_Source/list.o
 .debug_aranges
                0x0000000000000138       0xe8 ./Source/FreeRTOS_Source/queue.o
 .debug_aranges
                0x0000000000000220      0x160 ./Source/FreeRTOS_Source/tasks.o
 .debug_aranges
                0x0000000000000380       0x88 ./Source/FreeRTOS_Source/timers.o
 .debug_aranges
                0x0000000000000408       0x78 ./Source/Common_Demo_Task/IntQueue.o
 .debug_aranges
                0x0000000000000480       0x38 ./Source/Common_Demo_Task/blocktim.o
 .debug_aranges
                0x00000000000004b8       0x40 ./Source/Common_Demo_Task/countsem.o
 .debug_aranges
                0x00000000000004f8       0x40 ./Source/Common_Demo_Task/recmutex.o
 .debug_aranges
                0x0000000000000538       0x40 ./Source/IntQueueTimer.o
 .debug_aranges
                0x0000000000000578       0x28 ./Source/RegTest.o
 .debug_aranges
                0x00000000000005a0       0x68 ./Source/cr_startup_lpc11.o
 .debug_aranges
                0x0000000000000608       0x58 ./Source/main.o
 .debug_aranges
                0x0000000000000660       0x28 /Users/vivid/Dropbox/My files/code/BubbleArm/CMSISv2p00_LPC11xx/Debug/libCMSISv2p00_LPC11xx.a(system_LPC11xx.o)

.debug_ranges   0x0000000000000000      0x588
 .debug_ranges  0x0000000000000000       0x28 ./Source/FreeRTOS_Source/portable/MemMang/heap_1.o
 .debug_ranges  0x0000000000000028       0x60 ./Source/FreeRTOS_Source/portable/GCC/ARM_CM0/port.o
 .debug_ranges  0x0000000000000088       0x40 ./Source/FreeRTOS_Source/croutine.o
 .debug_ranges  0x00000000000000c8       0x30 ./Source/FreeRTOS_Source/list.o
 .debug_ranges  0x00000000000000f8       0xd8 ./Source/FreeRTOS_Source/queue.o
 .debug_ranges  0x00000000000001d0      0x150 ./Source/FreeRTOS_Source/tasks.o
 .debug_ranges  0x0000000000000320       0x78 ./Source/FreeRTOS_Source/timers.o
 .debug_ranges  0x0000000000000398       0x68 ./Source/Common_Demo_Task/IntQueue.o
 .debug_ranges  0x0000000000000400       0x28 ./Source/Common_Demo_Task/blocktim.o
 .debug_ranges  0x0000000000000428       0x30 ./Source/Common_Demo_Task/countsem.o
 .debug_ranges  0x0000000000000458       0x30 ./Source/Common_Demo_Task/recmutex.o
 .debug_ranges  0x0000000000000488       0x30 ./Source/IntQueueTimer.o
 .debug_ranges  0x00000000000004b8       0x18 ./Source/RegTest.o
 .debug_ranges  0x00000000000004d0       0x58 ./Source/cr_startup_lpc11.o
 .debug_ranges  0x0000000000000528       0x48 ./Source/main.o
 .debug_ranges  0x0000000000000570       0x18 /Users/vivid/Dropbox/My files/code/BubbleArm/CMSISv2p00_LPC11xx/Debug/libCMSISv2p00_LPC11xx.a(system_LPC11xx.o)

.debug_line     0x0000000000000000     0x62dc
 .debug_line    0x0000000000000000      0x527 ./Source/FreeRTOS_Source/portable/MemMang/heap_1.o
 .debug_line    0x0000000000000527      0x5d5 ./Source/FreeRTOS_Source/portable/GCC/ARM_CM0/port.o
 .debug_line    0x0000000000000afc      0x634 ./Source/FreeRTOS_Source/croutine.o
 .debug_line    0x0000000000001130      0x57b ./Source/FreeRTOS_Source/list.o
 .debug_line    0x00000000000016ab      0x9a9 ./Source/FreeRTOS_Source/queue.o
 .debug_line    0x0000000000002054      0xc60 ./Source/FreeRTOS_Source/tasks.o
 .debug_line    0x0000000000002cb4      0x6fb ./Source/FreeRTOS_Source/timers.o
 .debug_line    0x00000000000033af      0x7f8 ./Source/Common_Demo_Task/IntQueue.o
 .debug_line    0x0000000000003ba7      0x636 ./Source/Common_Demo_Task/blocktim.o
 .debug_line    0x00000000000041dd      0x5e4 ./Source/Common_Demo_Task/countsem.o
 .debug_line    0x00000000000047c1      0x5ff ./Source/Common_Demo_Task/recmutex.o
 .debug_line    0x0000000000004dc0      0x640 ./Source/IntQueueTimer.o
 .debug_line    0x0000000000005400       0x57 ./Source/RegTest.o
 .debug_line    0x0000000000005457      0x41d ./Source/cr_startup_lpc11.o
 .debug_line    0x0000000000005874      0x661 ./Source/main.o
 .debug_line    0x0000000000005ed5      0x407 /Users/vivid/Dropbox/My files/code/BubbleArm/CMSISv2p00_LPC11xx/Debug/libCMSISv2p00_LPC11xx.a(system_LPC11xx.o)

.debug_macinfo  0x0000000000000000    0x5ef66
 .debug_macinfo
                0x0000000000000000     0x5be6 ./Source/FreeRTOS_Source/portable/MemMang/heap_1.o
 .debug_macinfo
                0x0000000000005be6     0x5d55 ./Source/FreeRTOS_Source/portable/GCC/ARM_CM0/port.o
 .debug_macinfo
                0x000000000000b93b     0x622d ./Source/FreeRTOS_Source/croutine.o
 .debug_macinfo
                0x0000000000011b68     0x5847 ./Source/FreeRTOS_Source/list.o
 .debug_macinfo
                0x00000000000173af     0x5fa3 ./Source/FreeRTOS_Source/queue.o
 .debug_macinfo
                0x000000000001d352     0x6e8f ./Source/FreeRTOS_Source/tasks.o
 .debug_macinfo
                0x00000000000241e1     0x69b0 ./Source/FreeRTOS_Source/timers.o
 .debug_macinfo
                0x000000000002ab91     0x6b37 ./Source/Common_Demo_Task/IntQueue.o
 .debug_macinfo
                0x00000000000316c8     0x652e ./Source/Common_Demo_Task/blocktim.o
 .debug_macinfo
                0x0000000000037bf6     0x6bc0 ./Source/Common_Demo_Task/countsem.o
 .debug_macinfo
                0x000000000003e7b6     0x6c6c ./Source/Common_Demo_Task/recmutex.o
 .debug_macinfo
                0x0000000000045422     0x72c8 ./Source/IntQueueTimer.o
 .debug_macinfo
                0x000000000004c6ea     0x220b ./Source/RegTest.o
 .debug_macinfo
                0x000000000004e8f5     0x3ca7 ./Source/cr_startup_lpc11.o
 .debug_macinfo
                0x000000000005259c     0x731c ./Source/main.o
 .debug_macinfo
                0x00000000000598b8     0x56ae /Users/vivid/Dropbox/My files/code/BubbleArm/CMSISv2p00_LPC11xx/Debug/libCMSISv2p00_LPC11xx.a(system_LPC11xx.o)

.debug_str      0x0000000000000000     0x272e
 .debug_str     0x0000000000000000      0x1b8 ./Source/FreeRTOS_Source/portable/MemMang/heap_1.o
                                        0x1ec (size before relaxing)
 .debug_str     0x00000000000001b8      0x16f ./Source/FreeRTOS_Source/portable/GCC/ARM_CM0/port.o
                                        0x27f (size before relaxing)
 .debug_str     0x0000000000000327      0x348 ./Source/FreeRTOS_Source/croutine.o
                                        0x473 (size before relaxing)
 .debug_str     0x000000000000066f       0xb5 ./Source/FreeRTOS_Source/list.o
                                        0x263 (size before relaxing)
 .debug_str     0x0000000000000724      0x493 ./Source/FreeRTOS_Source/queue.o
                                        0x67f (size before relaxing)
 .debug_str     0x0000000000000bb7      0x74c ./Source/FreeRTOS_Source/tasks.o
                                        0xa08 (size before relaxing)
 .debug_str     0x0000000000001303      0x348 ./Source/FreeRTOS_Source/timers.o
                                        0x571 (size before relaxing)
 .debug_str     0x000000000000164b      0x3ff ./Source/Common_Demo_Task/IntQueue.o
                                        0x572 (size before relaxing)
 .debug_str     0x0000000000001a4a      0x14a ./Source/Common_Demo_Task/blocktim.o
                                        0x29b (size before relaxing)
 .debug_str     0x0000000000001b94      0x15b ./Source/Common_Demo_Task/countsem.o
                                        0x2a8 (size before relaxing)
 .debug_str     0x0000000000001cef      0x18e ./Source/Common_Demo_Task/recmutex.o
                                        0x300 (size before relaxing)
 .debug_str     0x0000000000001e7d      0x509 ./Source/IntQueueTimer.o
                                        0x637 (size before relaxing)
 .debug_str     0x0000000000002386       0x30 ./Source/RegTest.o
                                         0xb5 (size before relaxing)
 .debug_str     0x00000000000023b6      0x18e ./Source/cr_startup_lpc11.o
                                        0x2c0 (size before relaxing)
 .debug_str     0x0000000000002544      0x15d ./Source/main.o
                                        0x4d4 (size before relaxing)
 .debug_str     0x00000000000026a1       0x8d /Users/vivid/Dropbox/My files/code/BubbleArm/CMSISv2p00_LPC11xx/Debug/libCMSISv2p00_LPC11xx.a(system_LPC11xx.o)
                                        0x3ad (size before relaxing)

.comment        0x0000000000000000       0xe0
 .comment       0x0000000000000000       0x70 ./Source/FreeRTOS_Source/portable/MemMang/heap_1.o
                                         0x71 (size before relaxing)
 .comment       0x0000000000000000       0x71 ./Source/FreeRTOS_Source/portable/GCC/ARM_CM0/port.o
 .comment       0x0000000000000000       0x71 ./Source/FreeRTOS_Source/croutine.o
 .comment       0x0000000000000000       0x71 ./Source/FreeRTOS_Source/list.o
 .comment       0x0000000000000000       0x71 ./Source/FreeRTOS_Source/queue.o
 .comment       0x0000000000000000       0x71 ./Source/FreeRTOS_Source/tasks.o
 .comment       0x0000000000000000       0x71 ./Source/FreeRTOS_Source/timers.o
 .comment       0x0000000000000000       0x71 ./Source/Common_Demo_Task/IntQueue.o
 .comment       0x0000000000000000       0x71 ./Source/Common_Demo_Task/blocktim.o
 .comment       0x0000000000000000       0x71 ./Source/Common_Demo_Task/countsem.o
 .comment       0x0000000000000000       0x71 ./Source/Common_Demo_Task/recmutex.o
 .comment       0x0000000000000000       0x71 ./Source/IntQueueTimer.o
 .comment       0x0000000000000000       0x71 ./Source/RegTest.o
 .comment       0x0000000000000000       0x71 ./Source/cr_startup_lpc11.o
 .comment       0x0000000000000000       0x71 ./Source/main.o
 .comment       0x0000000000000000       0x71 /Users/vivid/Dropbox/My files/code/BubbleArm/CMSISv2p00_LPC11xx/Debug/libCMSISv2p00_LPC11xx.a(system_LPC11xx.o)
 .comment       0x0000000000000070       0x70 /Applications/lpcxpresso_5.0.12_1041/lpcxpresso/tools/bin/../lib/gcc/arm-none-eabi/4.6.2/../../../../arm-none-eabi/lib/armv6-m/libcr_c.a(memcpy.o)
                                         0x71 (size before relaxing)
 .comment       0x0000000000000000       0x71 /Applications/lpcxpresso_5.0.12_1041/lpcxpresso/tools/bin/../lib/gcc/arm-none-eabi/4.6.2/../../../../arm-none-eabi/lib/armv6-m/libcr_c.a(memset.o)
 .comment       0x0000000000000000       0x71 /Applications/lpcxpresso_5.0.12_1041/lpcxpresso/tools/bin/../lib/gcc/arm-none-eabi/4.6.2/../../../../arm-none-eabi/lib/armv6-m/libcr_c.a(__weak__main.o)
 .comment       0x0000000000000000       0x71 /Applications/lpcxpresso_5.0.12_1041/lpcxpresso/tools/bin/../lib/gcc/arm-none-eabi/4.6.2/../../../../arm-none-eabi/lib/armv6-m/libcr_c.a(fpprintf.o)
 .comment       0x0000000000000000       0x71 /Applications/lpcxpresso_5.0.12_1041/lpcxpresso/tools/bin/../lib/gcc/arm-none-eabi/4.6.2/../../../../arm-none-eabi/lib/armv6-m/libcr_c.a(memcmp.o)
 .comment       0x0000000000000000       0x71 /Applications/lpcxpresso_5.0.12_1041/lpcxpresso/tools/bin/../lib/gcc/arm-none-eabi/4.6.2/../../../../arm-none-eabi/lib/armv6-m/libcr_c.a(printf.o)
 .comment       0x0000000000000000       0x71 /Applications/lpcxpresso_5.0.12_1041/lpcxpresso/tools/bin/../lib/gcc/arm-none-eabi/4.6.2/../../../../arm-none-eabi/lib/armv6-m/libcr_c.a(stdio.o)
 .comment       0x0000000000000000       0x71 /Applications/lpcxpresso_5.0.12_1041/lpcxpresso/tools/bin/../lib/gcc/arm-none-eabi/4.6.2/../../../../arm-none-eabi/lib/armv6-m/libcr_c.a(strcat.o)
 .comment       0x0000000000000000       0x71 /Applications/lpcxpresso_5.0.12_1041/lpcxpresso/tools/bin/../lib/gcc/arm-none-eabi/4.6.2/../../../../arm-none-eabi/lib/armv6-m/libcr_c.a(strlen.o)
 .comment       0x0000000000000000       0x71 /Applications/lpcxpresso_5.0.12_1041/lpcxpresso/tools/bin/../lib/gcc/arm-none-eabi/4.6.2/../../../../arm-none-eabi/lib/armv6-m/libcr_c.a(strncpy.o)
 .comment       0x0000000000000000       0x71 /Applications/lpcxpresso_5.0.12_1041/lpcxpresso/tools/bin/../lib/gcc/arm-none-eabi/4.6.2/../../../../arm-none-eabi/lib/armv6-m/libcr_c.a(__fillbuf.o)
 .comment       0x0000000000000000       0x71 /Applications/lpcxpresso_5.0.12_1041/lpcxpresso/tools/bin/../lib/gcc/arm-none-eabi/4.6.2/../../../../arm-none-eabi/lib/armv6-m/libcr_c.a(_deferredlazyseek.o)
 .comment       0x0000000000000000       0x71 /Applications/lpcxpresso_5.0.12_1041/lpcxpresso/tools/bin/../lib/gcc/arm-none-eabi/4.6.2/../../../../arm-none-eabi/lib/armv6-m/libcr_c.a(_fflush.o)
 .comment       0x0000000000000000       0x71 /Applications/lpcxpresso_5.0.12_1041/lpcxpresso/tools/bin/../lib/gcc/arm-none-eabi/4.6.2/../../../../arm-none-eabi/lib/armv6-m/libcr_c.a(_frexpl.o)
 .comment       0x0000000000000000       0x71 /Applications/lpcxpresso_5.0.12_1041/lpcxpresso/tools/bin/../lib/gcc/arm-none-eabi/4.6.2/../../../../arm-none-eabi/lib/armv6-m/libcr_c.a(_ldexpl.o)
 .comment       0x0000000000000000       0x71 /Applications/lpcxpresso_5.0.12_1041/lpcxpresso/tools/bin/../lib/gcc/arm-none-eabi/4.6.2/../../../../arm-none-eabi/lib/armv6-m/libcr_c.a(_writebuf.o)
 .comment       0x0000000000000000       0x71 /Applications/lpcxpresso_5.0.12_1041/lpcxpresso/tools/bin/../lib/gcc/arm-none-eabi/4.6.2/../../../../arm-none-eabi/lib/armv6-m/libcr_c.a(alloc.o)
 .comment       0x0000000000000000       0x71 /Applications/lpcxpresso_5.0.12_1041/lpcxpresso/tools/bin/../lib/gcc/arm-none-eabi/4.6.2/../../../../arm-none-eabi/lib/armv6-m/libcr_c.a(errno.o)
 .comment       0x0000000000000000       0x71 /Applications/lpcxpresso_5.0.12_1041/lpcxpresso/tools/bin/../lib/gcc/arm-none-eabi/4.6.2/../../../../arm-none-eabi/lib/armv6-m/libcr_c.a(fseek.o)
 .comment       0x0000000000000000       0x71 /Applications/lpcxpresso_5.0.12_1041/lpcxpresso/tools/bin/../lib/gcc/arm-none-eabi/4.6.2/../../../../arm-none-eabi/lib/armv6-m/libcr_c.a(ftell.o)
 .comment       0x0000000000000000       0x71 /Applications/lpcxpresso_5.0.12_1041/lpcxpresso/tools/bin/../lib/gcc/arm-none-eabi/4.6.2/../../../../arm-none-eabi/lib/armv6-m/libcr_c.a(__init_alloc.o)
 .comment       0x0000000000000000       0x71 /Applications/lpcxpresso_5.0.12_1041/lpcxpresso/tools/bin/../lib/gcc/arm-none-eabi/4.6.2/../../../../arm-none-eabi/lib/armv6-m/libcr_c.a(_hugeval.o)
 .comment       0x0000000000000000       0x71 /Applications/lpcxpresso_5.0.12_1041/lpcxpresso/tools/bin/../lib/gcc/arm-none-eabi/4.6.2/armv6-m/libcr_eabihelpers.a(double.o)

.ARM.attributes
                0x0000000000000000       0x2f
 .ARM.attributes
                0x0000000000000000       0x33 ./Source/FreeRTOS_Source/portable/MemMang/heap_1.o
 .ARM.attributes
                0x0000000000000033       0x33 ./Source/FreeRTOS_Source/portable/GCC/ARM_CM0/port.o
 .ARM.attributes
                0x0000000000000066       0x33 ./Source/FreeRTOS_Source/croutine.o
 .ARM.attributes
                0x0000000000000099       0x33 ./Source/FreeRTOS_Source/list.o
 .ARM.attributes
                0x00000000000000cc       0x33 ./Source/FreeRTOS_Source/queue.o
 .ARM.attributes
                0x00000000000000ff       0x33 ./Source/FreeRTOS_Source/tasks.o
 .ARM.attributes
                0x0000000000000132       0x33 ./Source/FreeRTOS_Source/timers.o
 .ARM.attributes
                0x0000000000000165       0x33 ./Source/Common_Demo_Task/IntQueue.o
 .ARM.attributes
                0x0000000000000198       0x33 ./Source/Common_Demo_Task/blocktim.o
 .ARM.attributes
                0x00000000000001cb       0x33 ./Source/Common_Demo_Task/countsem.o
 .ARM.attributes
                0x00000000000001fe       0x33 ./Source/Common_Demo_Task/recmutex.o
 .ARM.attributes
                0x0000000000000231       0x33 ./Source/IntQueueTimer.o
 .ARM.attributes
                0x0000000000000264       0x33 ./Source/RegTest.o
 .ARM.attributes
                0x0000000000000297       0x33 ./Source/cr_startup_lpc11.o
 .ARM.attributes
                0x00000000000002ca       0x33 ./Source/main.o
 .ARM.attributes
                0x00000000000002fd       0x33 /Users/vivid/Dropbox/My files/code/BubbleArm/CMSISv2p00_LPC11xx/Debug/libCMSISv2p00_LPC11xx.a(system_LPC11xx.o)
 .ARM.attributes
                0x0000000000000330       0x31 /Applications/lpcxpresso_5.0.12_1041/lpcxpresso/tools/bin/../lib/gcc/arm-none-eabi/4.6.2/../../../../arm-none-eabi/lib/armv6-m/libcr_c.a(memcpy.o)
 .ARM.attributes
                0x0000000000000361       0x31 /Applications/lpcxpresso_5.0.12_1041/lpcxpresso/tools/bin/../lib/gcc/arm-none-eabi/4.6.2/../../../../arm-none-eabi/lib/armv6-m/libcr_c.a(memset.o)
 .ARM.attributes
                0x0000000000000392       0x31 /Applications/lpcxpresso_5.0.12_1041/lpcxpresso/tools/bin/../lib/gcc/arm-none-eabi/4.6.2/../../../../arm-none-eabi/lib/armv6-m/libcr_c.a(__weak__main.o)
 .ARM.attributes
                0x00000000000003c3       0x31 /Applications/lpcxpresso_5.0.12_1041/lpcxpresso/tools/bin/../lib/gcc/arm-none-eabi/4.6.2/../../../../arm-none-eabi/lib/armv6-m/libcr_c.a(fpprintf.o)
 .ARM.attributes
                0x00000000000003f4       0x31 /Applications/lpcxpresso_5.0.12_1041/lpcxpresso/tools/bin/../lib/gcc/arm-none-eabi/4.6.2/../../../../arm-none-eabi/lib/armv6-m/libcr_c.a(memcmp.o)
 .ARM.attributes
                0x0000000000000425       0x31 /Applications/lpcxpresso_5.0.12_1041/lpcxpresso/tools/bin/../lib/gcc/arm-none-eabi/4.6.2/../../../../arm-none-eabi/lib/armv6-m/libcr_c.a(printf.o)
 .ARM.attributes
                0x0000000000000456       0x31 /Applications/lpcxpresso_5.0.12_1041/lpcxpresso/tools/bin/../lib/gcc/arm-none-eabi/4.6.2/../../../../arm-none-eabi/lib/armv6-m/libcr_c.a(stdio.o)
 .ARM.attributes
                0x0000000000000487       0x31 /Applications/lpcxpresso_5.0.12_1041/lpcxpresso/tools/bin/../lib/gcc/arm-none-eabi/4.6.2/../../../../arm-none-eabi/lib/armv6-m/libcr_c.a(strcat.o)
 .ARM.attributes
                0x00000000000004b8       0x31 /Applications/lpcxpresso_5.0.12_1041/lpcxpresso/tools/bin/../lib/gcc/arm-none-eabi/4.6.2/../../../../arm-none-eabi/lib/armv6-m/libcr_c.a(strlen.o)
 .ARM.attributes
                0x00000000000004e9       0x31 /Applications/lpcxpresso_5.0.12_1041/lpcxpresso/tools/bin/../lib/gcc/arm-none-eabi/4.6.2/../../../../arm-none-eabi/lib/armv6-m/libcr_c.a(strncpy.o)
 .ARM.attributes
                0x000000000000051a       0x31 /Applications/lpcxpresso_5.0.12_1041/lpcxpresso/tools/bin/../lib/gcc/arm-none-eabi/4.6.2/../../../../arm-none-eabi/lib/armv6-m/libcr_c.a(__fillbuf.o)
 .ARM.attributes
                0x000000000000054b       0x31 /Applications/lpcxpresso_5.0.12_1041/lpcxpresso/tools/bin/../lib/gcc/arm-none-eabi/4.6.2/../../../../arm-none-eabi/lib/armv6-m/libcr_c.a(_deferredlazyseek.o)
 .ARM.attributes
                0x000000000000057c       0x31 /Applications/lpcxpresso_5.0.12_1041/lpcxpresso/tools/bin/../lib/gcc/arm-none-eabi/4.6.2/../../../../arm-none-eabi/lib/armv6-m/libcr_c.a(_fflush.o)
 .ARM.attributes
                0x00000000000005ad       0x31 /Applications/lpcxpresso_5.0.12_1041/lpcxpresso/tools/bin/../lib/gcc/arm-none-eabi/4.6.2/../../../../arm-none-eabi/lib/armv6-m/libcr_c.a(_frexpl.o)
 .ARM.attributes
                0x00000000000005de       0x31 /Applications/lpcxpresso_5.0.12_1041/lpcxpresso/tools/bin/../lib/gcc/arm-none-eabi/4.6.2/../../../../arm-none-eabi/lib/armv6-m/libcr_c.a(_ldexpl.o)
 .ARM.attributes
                0x000000000000060f       0x31 /Applications/lpcxpresso_5.0.12_1041/lpcxpresso/tools/bin/../lib/gcc/arm-none-eabi/4.6.2/../../../../arm-none-eabi/lib/armv6-m/libcr_c.a(_writebuf.o)
 .ARM.attributes
                0x0000000000000640       0x31 /Applications/lpcxpresso_5.0.12_1041/lpcxpresso/tools/bin/../lib/gcc/arm-none-eabi/4.6.2/../../../../arm-none-eabi/lib/armv6-m/libcr_c.a(alloc.o)
 .ARM.attributes
                0x0000000000000671       0x31 /Applications/lpcxpresso_5.0.12_1041/lpcxpresso/tools/bin/../lib/gcc/arm-none-eabi/4.6.2/../../../../arm-none-eabi/lib/armv6-m/libcr_c.a(errno.o)
 .ARM.attributes
                0x00000000000006a2       0x31 /Applications/lpcxpresso_5.0.12_1041/lpcxpresso/tools/bin/../lib/gcc/arm-none-eabi/4.6.2/../../../../arm-none-eabi/lib/armv6-m/libcr_c.a(fseek.o)
 .ARM.attributes
                0x00000000000006d3       0x31 /Applications/lpcxpresso_5.0.12_1041/lpcxpresso/tools/bin/../lib/gcc/arm-none-eabi/4.6.2/../../../../arm-none-eabi/lib/armv6-m/libcr_c.a(ftell.o)
 .ARM.attributes
                0x0000000000000704       0x31 /Applications/lpcxpresso_5.0.12_1041/lpcxpresso/tools/bin/../lib/gcc/arm-none-eabi/4.6.2/../../../../arm-none-eabi/lib/armv6-m/libcr_c.a(__init_alloc.o)
 .ARM.attributes
                0x0000000000000735       0x31 /Applications/lpcxpresso_5.0.12_1041/lpcxpresso/tools/bin/../lib/gcc/arm-none-eabi/4.6.2/../../../../arm-none-eabi/lib/armv6-m/libcr_c.a(_hugeval.o)
 .ARM.attributes
                0x0000000000000766       0x21 /Applications/lpcxpresso_5.0.12_1041/lpcxpresso/tools/bin/../lib/gcc/arm-none-eabi/4.6.2/armv6-m/libcr_eabihelpers.a(division.o)
 .ARM.attributes
                0x0000000000000787       0x31 /Applications/lpcxpresso_5.0.12_1041/lpcxpresso/tools/bin/../lib/gcc/arm-none-eabi/4.6.2/armv6-m/libcr_eabihelpers.a(double.o)
 .ARM.attributes
                0x00000000000007b8       0x21 /Applications/lpcxpresso_5.0.12_1041/lpcxpresso/tools/bin/../lib/gcc/arm-none-eabi/4.6.2/armv6-m/libcr_eabihelpers.a(llong.o)
 .ARM.attributes
                0x00000000000007d9       0x21 /Applications/lpcxpresso_5.0.12_1041/lpcxpresso/tools/bin/../lib/gcc/arm-none-eabi/4.6.2/armv6-m/libcr_eabihelpers.a(memcpy.o)

.debug_frame    0x0000000000000000     0x1434
 .debug_frame   0x0000000000000000       0x88 ./Source/FreeRTOS_Source/portable/MemMang/heap_1.o
 .debug_frame   0x0000000000000088      0x12c ./Source/FreeRTOS_Source/portable/GCC/ARM_CM0/port.o
 .debug_frame   0x00000000000001b4       0xf0 ./Source/FreeRTOS_Source/croutine.o
 .debug_frame   0x00000000000002a4       0xb0 ./Source/FreeRTOS_Source/list.o
 .debug_frame   0x0000000000000354      0x350 ./Source/FreeRTOS_Source/queue.o
 .debug_frame   0x00000000000006a4      0x524 ./Source/FreeRTOS_Source/tasks.o
 .debug_frame   0x0000000000000bc8      0x1cc ./Source/FreeRTOS_Source/timers.o
 .debug_frame   0x0000000000000d94      0x18c ./Source/Common_Demo_Task/IntQueue.o
 .debug_frame   0x0000000000000f20       0x90 ./Source/Common_Demo_Task/blocktim.o
 .debug_frame   0x0000000000000fb0       0xb0 ./Source/Common_Demo_Task/countsem.o
 .debug_frame   0x0000000000001060       0xb0 ./Source/Common_Demo_Task/recmutex.o
 .debug_frame   0x0000000000001110       0xac ./Source/IntQueueTimer.o
 .debug_frame   0x00000000000011bc       0x30 ./Source/RegTest.o
 .debug_frame   0x00000000000011ec      0x104 ./Source/cr_startup_lpc11.o
 .debug_frame   0x00000000000012f0      0x100 ./Source/main.o
 .debug_frame   0x00000000000013f0       0x44 /Users/vivid/Dropbox/My files/code/BubbleArm/CMSISv2p00_LPC11xx/Debug/libCMSISv2p00_LPC11xx.a(system_LPC11xx.o)
