21:31:35 **** Build of configuration Debug for project RTOSDemo ****
make all 
Building target: RTOSDemo.axf
Invoking: MCU Linker
arm-none-eabi-gcc -nostdlib -L"/Users/vivid/Dropbox/My files/code/BubbleArm/CMSISv2p00_LPC11xx/Debug" -Xlinker -Map=RTOSDemo.map -Xlinker --gc-sections -mcpu=cortex-m0 -mthumb -T "RTOSDemo_Debug.ld" -o "RTOSDemo.axf"  ./Source/FreeRTOS_Source/portable/MemMang/heap_1.o  ./Source/FreeRTOS_Source/portable/GCC/ARM_CM0/port.o  ./Source/FreeRTOS_Source/croutine.o ./Source/FreeRTOS_Source/list.o ./Source/FreeRTOS_Source/queue.o ./Source/FreeRTOS_Source/tasks.o ./Source/FreeRTOS_Source/timers.o  ./Source/Common_Demo_Task/IntQueue.o ./Source/Common_Demo_Task/blocktim.o ./Source/Common_Demo_Task/countsem.o ./Source/Common_Demo_Task/recmutex.o  ./Source/IntQueueTimer.o ./Source/RegTest.o ./Source/cr_startup_lpc11.o ./Source/main-blinky.o ./Source/main-full.o ./Source/main.o   -lCMSISv2p00_LPC11xx
Finished building target: RTOSDemo.axf
 
make --no-print-directory post-build
Performing post-build steps
arm-none-eabi-size RTOSDemo.axf; # arm-none-eabi-objcopy -O binary RTOSDemo.axf RTOSDemo.bin ; checksum -p LPC1114_301 -d RTOSDemo.bin;
   text	   data	    bss	    dec	    hex	filename
  16656	     16	   7504	  24176	   5e70	RTOSDemo.axf
 

21:31:36 Build Finished (took 581ms)

