Archive member included because of file (symbol)

/Users/vivid/Dropbox/My files/code/BubbleArm/CMSISv2p00_LPC11xx/Debug/libCMSISv2p00_LPC11xx.a(system_LPC11xx.o)
                              ./Source/cr_startup_lpc11.o (SystemInit)
/Applications/lpcxpresso_5.0.12_1041/lpcxpresso/tools/bin/../lib/gcc/arm-none-eabi/4.6.2/../../../../arm-none-eabi/lib/armv6-m/libcr_c.a(memcpy.o)
                              ./Source/FreeRTOS_Source/queue.o (memcpy)
/Applications/lpcxpresso_5.0.12_1041/lpcxpresso/tools/bin/../lib/gcc/arm-none-eabi/4.6.2/../../../../arm-none-eabi/lib/armv6-m/libcr_c.a(memset.o)
                              ./Source/FreeRTOS_Source/tasks.o (memset)
/Applications/lpcxpresso_5.0.12_1041/lpcxpresso/tools/bin/../lib/gcc/arm-none-eabi/4.6.2/../../../../arm-none-eabi/lib/armv6-m/libcr_c.a(__weak__main.o)
                              ./Source/cr_startup_lpc11.o (__main)
/Applications/lpcxpresso_5.0.12_1041/lpcxpresso/tools/bin/../lib/gcc/arm-none-eabi/4.6.2/../../../../arm-none-eabi/lib/armv6-m/libcr_c.a(fpprintf.o)
                              ./Source/FreeRTOS_Source/tasks.o (sprintf)
/Applications/lpcxpresso_5.0.12_1041/lpcxpresso/tools/bin/../lib/gcc/arm-none-eabi/4.6.2/../../../../arm-none-eabi/lib/armv6-m/libcr_c.a(memcmp.o)
                              ./Source/FreeRTOS_Source/tasks.o (memcmp)
/Applications/lpcxpresso_5.0.12_1041/lpcxpresso/tools/bin/../lib/gcc/arm-none-eabi/4.6.2/../../../../arm-none-eabi/lib/armv6-m/libcr_c.a(printf.o)
                              /Applications/lpcxpresso_5.0.12_1041/lpcxpresso/tools/bin/../lib/gcc/arm-none-eabi/4.6.2/../../../../arm-none-eabi/lib/armv6-m/libcr_c.a(fpprintf.o) (__vfprintf)
/Applications/lpcxpresso_5.0.12_1041/lpcxpresso/tools/bin/../lib/gcc/arm-none-eabi/4.6.2/../../../../arm-none-eabi/lib/armv6-m/libcr_c.a(stdio.o)
                              /Applications/lpcxpresso_5.0.12_1041/lpcxpresso/tools/bin/../lib/gcc/arm-none-eabi/4.6.2/../../../../arm-none-eabi/lib/armv6-m/libcr_c.a(fpprintf.o) (__Ciob)
/Applications/lpcxpresso_5.0.12_1041/lpcxpresso/tools/bin/../lib/gcc/arm-none-eabi/4.6.2/../../../../arm-none-eabi/lib/armv6-m/libcr_c.a(strcat.o)
                              ./Source/FreeRTOS_Source/tasks.o (strcat)
/Applications/lpcxpresso_5.0.12_1041/lpcxpresso/tools/bin/../lib/gcc/arm-none-eabi/4.6.2/../../../../arm-none-eabi/lib/armv6-m/libcr_c.a(strlen.o)
                              /Applications/lpcxpresso_5.0.12_1041/lpcxpresso/tools/bin/../lib/gcc/arm-none-eabi/4.6.2/../../../../arm-none-eabi/lib/armv6-m/libcr_c.a(printf.o) (strlen)
/Applications/lpcxpresso_5.0.12_1041/lpcxpresso/tools/bin/../lib/gcc/arm-none-eabi/4.6.2/../../../../arm-none-eabi/lib/armv6-m/libcr_c.a(strncpy.o)
                              ./Source/FreeRTOS_Source/tasks.o (strncpy)
/Applications/lpcxpresso_5.0.12_1041/lpcxpresso/tools/bin/../lib/gcc/arm-none-eabi/4.6.2/../../../../arm-none-eabi/lib/armv6-m/libcr_c.a(__fillbuf.o)
                              /Applications/lpcxpresso_5.0.12_1041/lpcxpresso/tools/bin/../lib/gcc/arm-none-eabi/4.6.2/../../../../arm-none-eabi/lib/armv6-m/libcr_c.a(stdio.o) (__filbuf)
/Applications/lpcxpresso_5.0.12_1041/lpcxpresso/tools/bin/../lib/gcc/arm-none-eabi/4.6.2/../../../../arm-none-eabi/lib/armv6-m/libcr_c.a(_deferredlazyseek.o)
                              /Applications/lpcxpresso_5.0.12_1041/lpcxpresso/tools/bin/../lib/gcc/arm-none-eabi/4.6.2/../../../../arm-none-eabi/lib/armv6-m/libcr_c.a(__fillbuf.o) (_deferredlazyseek)
/Applications/lpcxpresso_5.0.12_1041/lpcxpresso/tools/bin/../lib/gcc/arm-none-eabi/4.6.2/../../../../arm-none-eabi/lib/armv6-m/libcr_c.a(_fflush.o)
                              /Applications/lpcxpresso_5.0.12_1041/lpcxpresso/tools/bin/../lib/gcc/arm-none-eabi/4.6.2/../../../../arm-none-eabi/lib/armv6-m/libcr_c.a(__fillbuf.o) (_fflush)
/Applications/lpcxpresso_5.0.12_1041/lpcxpresso/tools/bin/../lib/gcc/arm-none-eabi/4.6.2/../../../../arm-none-eabi/lib/armv6-m/libcr_c.a(_frexpl.o)
                              /Applications/lpcxpresso_5.0.12_1041/lpcxpresso/tools/bin/../lib/gcc/arm-none-eabi/4.6.2/../../../../arm-none-eabi/lib/armv6-m/libcr_c.a(fpprintf.o) (_frexpl)
/Applications/lpcxpresso_5.0.12_1041/lpcxpresso/tools/bin/../lib/gcc/arm-none-eabi/4.6.2/../../../../arm-none-eabi/lib/armv6-m/libcr_c.a(_ldexpl.o)
                              /Applications/lpcxpresso_5.0.12_1041/lpcxpresso/tools/bin/../lib/gcc/arm-none-eabi/4.6.2/../../../../arm-none-eabi/lib/armv6-m/libcr_c.a(fpprintf.o) (_ldexpl)
/Applications/lpcxpresso_5.0.12_1041/lpcxpresso/tools/bin/../lib/gcc/arm-none-eabi/4.6.2/../../../../arm-none-eabi/lib/armv6-m/libcr_c.a(_writebuf.o)
                              /Applications/lpcxpresso_5.0.12_1041/lpcxpresso/tools/bin/../lib/gcc/arm-none-eabi/4.6.2/../../../../arm-none-eabi/lib/armv6-m/libcr_c.a(_deferredlazyseek.o) (_Cwritebuf)
/Applications/lpcxpresso_5.0.12_1041/lpcxpresso/tools/bin/../lib/gcc/arm-none-eabi/4.6.2/../../../../arm-none-eabi/lib/armv6-m/libcr_c.a(alloc.o)
[...]
Memory Configuration

Name             Origin             Length             Attributes
MFlash24         0x0000000000000000 0x0000000000006000 xr
RamLoc8          0x0000000010000000 0x0000000000002000 xrw
*default*        0x0000000000000000 0xffffffffffffffff

Linker script and memory map

LOAD ./Source/driver/adc.o
LOAD ./Source/driver/can.o
LOAD ./Source/driver/clkconfig.o
LOAD ./Source/driver/crp.o
LOAD ./Source/driver/debug_printf.o
LOAD ./Source/driver/gpio.o
LOAD ./Source/driver/i2c.o
LOAD ./Source/driver/i2cslave.o
LOAD ./Source/driver/lpc_swu.o
LOAD ./Source/driver/rs485.o
LOAD ./Source/driver/small_gpio.o
LOAD ./Source/driver/ssp.o
LOAD ./Source/driver/timer16.o
LOAD ./Source/driver/timer32.o
LOAD ./Source/driver/uart.o
LOAD ./Source/driver/wdt.o
LOAD ./Source/FreeRTOS_Source/portable/MemMang/heap_1.o
LOAD ./Source/FreeRTOS_Source/portable/GCC/ARM_CM0/port.o
LOAD ./Source/FreeRTOS_Source/croutine.o
LOAD ./Source/FreeRTOS_Source/list.o
LOAD ./Source/FreeRTOS_Source/queue.o
LOAD ./Source/FreeRTOS_Source/tasks.o
LOAD ./Source/FreeRTOS_Source/timers.o
LOAD ./Source/Sensors.o
LOAD ./Source/UartPacket.o
LOAD ./Source/cr_startup_lpc11.o
LOAD ./Source/main.o
LOAD /Users/vivid/Dropbox/My files/code/BubbleArm/CMSISv2p00_LPC11xx/Debug/libCMSISv2p00_LPC11xx.a
START GROUP
LOAD /Applications/lpcxpresso_5.0.12_1041/lpcxpresso/tools/bin/../lib/gcc/arm-none-eabi/4.6.2/../../../../arm-none-eabi/lib/armv6-m/libcr_c.a
LOAD /Applications/lpcxpresso_5.0.12_1041/lpcxpresso/tools/bin/../lib/gcc/arm-none-eabi/4.6.2/armv6-m/libcr_eabihelpers.a
END GROUP
                0x0000000000006000                __top_MFlash24 = 0x6000
                0x0000000010002000                __top_RamLoc8 = 0x10002000

.text           0x0000000000000000     0x2058
 FILL mask 0xff
 *(.isr_vector)
 .isr_vector    0x0000000000000000       0xc0 ./Source/cr_startup_lpc11.o
                0x0000000000000000                g_pfnVectors
                0x00000000000000c0                . = ALIGN (0x4)
                0x00000000000000c0                __section_table_start = .
                0x00000000000000c0                __data_section_table = .
                0x00000000000000c0        0x4 LONG 0x2058 LOADADDR (.data)
                0x00000000000000c4        0x4 LONG 0x10000000 ADDR (.data)
                0x00000000000000c8        0x4 LONG 0x10 SIZEOF (.data)
                0x00000000000000cc                __data_section_table_end = .
                0x00000000000000cc                __bss_section_table = .
                0x00000000000000cc        0x4 LONG 0x10000010 ADDR (.bss)
                0x00000000000000d0        0x4 LONG 0x1c84 SIZEOF (.bss)
                0x00000000000000d4                __bss_section_table_end = .
                0x00000000000000d4                __section_table_end = .
 *(.after_vectors*)
 .after_vectors
                0x00000000000000d4       0x9c ./Source/cr_startup_lpc11.o
                0x00000000000000d4                NMI_Handler
                0x00000000000000d8                HardFault_Handler
                0x0000000000000106                data_init
                0x0000000000000118                bss_init
                0x000000000000012a                ResetISR
                0x000000000000016c                CAN_IRQHandler
                0x000000000000016c                SSP0_IRQHandler
                0x000000000000016c                TIMER16_1_IRQHandler
                0x000000000000016c                ADC_IRQHandler
                0x000000000000016c                SSP1_IRQHandler
                0x000000000000016c                PIOINT2_IRQHandler
                0x000000000000016c                BOD_IRQHandler
                0x000000000000016c                WAKEUP_IRQHandler
                0x000000000000016c                PIOINT0_IRQHandler
                0x000000000000016c                WDT_IRQHandler
                0x000000000000016c                TIMER16_0_IRQHandler
                0x000000000000016c                PIOINT3_IRQHandler
                0x000000000000016c                TIMER32_0_IRQHandler
                0x000000000000016c                TIMER32_1_IRQHandler
                0x000000000000016c                IntDefaultHandler
                0x000000000000016c                PIOINT1_IRQHandler
 *(.text*)
 .text.GPIOInit
                0x0000000000000170       0x1c ./Source/driver/gpio.o
                0x0000000000000170                GPIOInit
 .text.GPIOSetValue
                0x000000000000018c       0x38 ./Source/driver/gpio.o
                0x000000000000018c                GPIOSetValue
 .text.GPIOSetDir
                0x00000000000001c4       0x74 ./Source/driver/gpio.o
                0x00000000000001c4                GPIOSetDir
 .text.NVIC_EnableIRQ
                0x0000000000000238       0x2c ./Source/driver/i2c.o
 .text.I2C_IRQHandler
                0x0000000000000264      0x204 ./Source/driver/i2c.o
                0x0000000000000264                I2C_IRQHandler
 .text.I2CInit  0x0000000000000468       0xa0 ./Source/driver/i2c.o
                0x0000000000000468                I2CInit
 .text.I2CEngine
                0x0000000000000508       0x6c ./Source/driver/i2c.o
                0x0000000000000508                I2CEngine
 .text.NVIC_EnableIRQ
                0x0000000000000574       0x2c ./Source/driver/uart.o
 .text.NVIC_DisableIRQ
                0x00000000000005a0       0x30 ./Source/driver/uart.o
 .text.UARTInit
                0x00000000000005d0      0x120 ./Source/driver/uart.o
                0x00000000000005d0                UARTInit
 .text.pvPortMalloc
                0x00000000000006f0       0x7c ./Source/FreeRTOS_Source/portable/MemMang/heap_1.o
                0x00000000000006f0                pvPortMalloc
 .text.vPortFree
                0x000000000000076c       0x18 ./Source/FreeRTOS_Source/portable/MemMang/heap_1.o
                0x000000000000076c                vPortFree
 .text.pxPortInitialiseStack
                0x0000000000000784       0x44 ./Source/FreeRTOS_Source/portable/GCC/ARM_CM0/port.o
                0x0000000000000784                pxPortInitialiseStack
 .text.SVCall_Handler
                0x00000000000007c8       0x28 ./Source/FreeRTOS_Source/portable/GCC/ARM_CM0/port.o
                0x00000000000007c8                SVCall_Handler
 .text.vPortStartFirstTask
                0x00000000000007f0       0x10 ./Source/FreeRTOS_Source/portable/GCC/ARM_CM0/port.o
 .text.xPortStartScheduler
                0x0000000000000800       0x40 ./Source/FreeRTOS_Source/portable/GCC/ARM_CM0/port.o
                0x0000000000000800                xPortStartScheduler
 .text.vPortYieldFromISR
                0x0000000000000840       0x14 ./Source/FreeRTOS_Source/portable/GCC/ARM_CM0/port.o
                0x0000000000000840                vPortYieldFromISR
 .text.vPortEnterCritical
                0x0000000000000854       0x18 ./Source/FreeRTOS_Source/portable/GCC/ARM_CM0/port.o
                0x0000000000000854                vPortEnterCritical
 .text.vPortExitCritical
                0x000000000000086c       0x20 ./Source/FreeRTOS_Source/portable/GCC/ARM_CM0/port.o
                0x000000000000086c                vPortExitCritical
 .text.PendSV_Handler
                0x000000000000088c       0x44 ./Source/FreeRTOS_Source/portable/GCC/ARM_CM0/port.o
                0x000000000000088c                PendSV_Handler
 .text.SysTick_Handler
                0x00000000000008d0       0x24 ./Source/FreeRTOS_Source/portable/GCC/ARM_CM0/port.o
                0x00000000000008d0                SysTick_Handler
 .text.prvSetupTimerInterrupt
                0x00000000000008f4       0x30 ./Source/FreeRTOS_Source/portable/GCC/ARM_CM0/port.o
 .text.vListInitialise
                0x0000000000000924       0x3c ./Source/FreeRTOS_Source/list.o
                0x0000000000000924                vListInitialise
 .text.vListInitialiseItem
                0x0000000000000960       0x14 ./Source/FreeRTOS_Source/list.o
                0x0000000000000960                vListInitialiseItem
 .text.vListInsertEnd
                0x0000000000000974       0x4c ./Source/FreeRTOS_Source/list.o
                0x0000000000000974                vListInsertEnd
 .text.vListInsert
                0x00000000000009c0       0x70 ./Source/FreeRTOS_Source/list.o
                0x00000000000009c0                vListInsert
 .text.uxListRemove
                0x0000000000000a30       0x50 ./Source/FreeRTOS_Source/list.o
                0x0000000000000a30                uxListRemove
 .text.xTaskGenericCreate
                0x0000000000000a80      0x198 ./Source/FreeRTOS_Source/tasks.o
                0x0000000000000a80                xTaskGenericCreate
 .text.vTaskDelayUntil
                0x0000000000000c18       0xb0 ./Source/FreeRTOS_Source/tasks.o
                0x0000000000000c18                vTaskDelayUntil
 .text.vTaskStartScheduler
                0x0000000000000cc8       0x64 ./Source/FreeRTOS_Source/tasks.o
                0x0000000000000cc8                vTaskStartScheduler
 .text.vTaskSuspendAll
                0x0000000000000d2c       0x18 ./Source/FreeRTOS_Source/tasks.o
                0x0000000000000d2c                vTaskSuspendAll
 .text.xTaskResumeAll
                0x0000000000000d44      0x104 ./Source/FreeRTOS_Source/tasks.o
                0x0000000000000d44                xTaskResumeAll
 .text.xTaskGetTickCount
                0x0000000000000e48       0x24 ./Source/FreeRTOS_Source/tasks.o
                0x0000000000000e48                xTaskGetTickCount
 .text.vTaskIncrementTick
                0x0000000000000e6c      0x14c ./Source/FreeRTOS_Source/tasks.o
                0x0000000000000e6c                vTaskIncrementTick
 .text.vTaskSwitchContext
                0x0000000000000fb8       0xf4 ./Source/FreeRTOS_Source/tasks.o
                0x0000000000000fb8                vTaskSwitchContext
 .text.prvIdleTask
                0x00000000000010ac       0x24 ./Source/FreeRTOS_Source/tasks.o
 .text.prvInitialiseTCBVariables
                0x00000000000010d0       0x70 ./Source/FreeRTOS_Source/tasks.o
 .text.prvInitialiseTaskLists
                0x0000000000001140       0x88 ./Source/FreeRTOS_Source/tasks.o
 .text.prvCheckTasksWaitingTermination
                0x00000000000011c8       0x70 ./Source/FreeRTOS_Source/tasks.o
 .text.prvAddCurrentTaskToDelayedList
                0x0000000000001238       0x6c ./Source/FreeRTOS_Source/tasks.o
 .text.prvAllocateTCBAndStack
                0x00000000000012a4       0x70 ./Source/FreeRTOS_Source/tasks.o
 .text.prvDeleteTCB
                0x0000000000001314       0x20 ./Source/FreeRTOS_Source/tasks.o
 .text.NVIC_EnableIRQ
                0x0000000000001334       0x2c ./Source/Sensors.o
 .text.NVIC_DisableIRQ
                0x0000000000001360       0x30 ./Source/Sensors.o
 .text.NVIC_ClearPendingIRQ
                0x0000000000001390       0x34 ./Source/Sensors.o
 .text.prvDataSendTask
                0x00000000000013c4      0x104 ./Source/Sensors.o
                0x00000000000013c4                prvDataSendTask
 .text.prvSensorsScanTask
                0x00000000000014c8      0x1ec ./Source/Sensors.o
                0x00000000000014c8                prvSensorsScanTask
 .text.I2CArbitrationRecovery
                0x00000000000016b4       0xac ./Source/Sensors.o
                0x00000000000016b4                I2CArbitrationRecovery
 .text.PacketInit
                0x0000000000001760       0x40 ./Source/UartPacket.o
                0x0000000000001760                PacketInit
 .text.PacketSend
                0x00000000000017a0      0x118 ./Source/UartPacket.o
                0x00000000000017a0                PacketSend
 .text.UART_IRQHandler
                0x00000000000018b8      0x24c ./Source/UartPacket.o
                0x00000000000018b8                UART_IRQHandler
 .text.pop_registers_from_fault_stack
                0x0000000000001b04       0x28 ./Source/cr_startup_lpc11.o
                0x0000000000001b04                pop_registers_from_fault_stack
 .text.main     0x0000000000001b2c       0x9c ./Source/main.o
                0x0000000000001b2c                main
 .text.prvBlinkLedTask
                0x0000000000001bc8       0x38 ./Source/main.o
 .text.prvSetupHardware
                0x0000000000001c00       0x68 ./Source/main.o
 .text.vApplicationMallocFailedHook
                0x0000000000001c68        0x8 ./Source/main.o
                0x0000000000001c68                vApplicationMallocFailedHook
 .text.vApplicationStackOverflowHook
                0x0000000000001c70       0x10 ./Source/main.o
                0x0000000000001c70                vApplicationStackOverflowHook
 .text.vApplicationTickHook
                0x0000000000001c80       0x28 ./Source/main.o
                0x0000000000001c80                vApplicationTickHook
 .text.SystemInit
                0x0000000000001ca8       0x90 /Users/vivid/Dropbox/My files/code/BubbleArm/CMSISv2p00_LPC11xx/Debug/libCMSISv2p00_LPC11xx.a(system_LPC11xx.o)
                0x0000000000001ca8                SystemInit
 .text.memcpy   0x0000000000001d38        0x8 /Applications/lpcxpresso_5.0.12_1041/lpcxpresso/tools/bin/../lib/gcc/arm-none-eabi/4.6.2/../../../../arm-none-eabi/lib/armv6-m/libcr_c.a(memcpy.o)
                0x0000000000001d38                memcpy
 .text.memset   0x0000000000001d40        0x8 /Applications/lpcxpresso_5.0.12_1041/lpcxpresso/tools/bin/../lib/gcc/arm-none-eabi/4.6.2/../../../../arm-none-eabi/lib/armv6-m/libcr_c.a(memset.o)
                0x0000000000001d40                memset
 .text.__weak_main
                0x0000000000001d48        0x8 /Applications/lpcxpresso_5.0.12_1041/lpcxpresso/tools/bin/../lib/gcc/arm-none-eabi/4.6.2/../../../../arm-none-eabi/lib/armv6-m/libcr_c.a(__weak__main.o)
                0x0000000000001d48                __main
                0x0000000000001d48                __weak_main
 .text.memcmp   0x0000000000001d50       0x38 /Applications/lpcxpresso_5.0.12_1041/lpcxpresso/tools/bin/../lib/gcc/arm-none-eabi/4.6.2/../../../../arm-none-eabi/lib/armv6-m/libcr_c.a(memcmp.o)
                0x0000000000001d50                memcmp
 .text.strncpy  0x0000000000001d88       0x54 /Applications/lpcxpresso_5.0.12_1041/lpcxpresso/tools/bin/../lib/gcc/arm-none-eabi/4.6.2/../../../../arm-none-eabi/lib/armv6-m/libcr_c.a(strncpy.o)
                0x0000000000001d88                strncpy
 .text.__aeabi_division_uidivmod
                0x0000000000001ddc       0x72 /Applications/lpcxpresso_5.0.12_1041/lpcxpresso/tools/bin/../lib/gcc/arm-none-eabi/4.6.2/armv6-m/libcr_eabihelpers.a(division.o)
                0x0000000000001ddc                __aeabi_uidiv
                0x0000000000001ddc                __aeabi_uidivmod
 .text.__aeabi_division_idiv0
                0x0000000000001e4e        0x2 /Applications/lpcxpresso_5.0.12_1041/lpcxpresso/tools/bin/../lib/gcc/arm-none-eabi/4.6.2/armv6-m/libcr_eabihelpers.a(division.o)
                0x0000000000001e4e                __aeabi_idiv0
 .text.__aeabi_memcpy
                0x0000000000001e50       0x2c /Applications/lpcxpresso_5.0.12_1041/lpcxpresso/tools/bin/../lib/gcc/arm-none-eabi/4.6.2/armv6-m/libcr_eabihelpers.a(memcpy.o)
                0x0000000000001e50                __aeabi_memcpy
                0x0000000000001e50                __aeabi_memcpy4
                0x0000000000001e50                __aeabi_memcpy8
 .text.__aeabi_memset_lowlevel
                0x0000000000001e7c       0x2a /Applications/lpcxpresso_5.0.12_1041/lpcxpresso/tools/bin/../lib/gcc/arm-none-eabi/4.6.2/armv6-m/libcr_eabihelpers.a(memcpy.o)
                0x0000000000001e7c                __aeabi_lowlevel_memset
 *(.rodata .rodata.*)
 *fill*         0x0000000000001ea6        0x2 00
 .rodata.LPC_GPIO
                0x0000000000001ea8       0x10 ./Source/driver/gpio.o
 .rodata.I2C_IRQHandler
                0x0000000000001eb8      0x144 ./Source/driver/i2c.o
 .rodata        0x0000000000001ffc       0x20 ./Source/FreeRTOS_Source/tasks.o
 .rodata.ucExpectedStackBytes.4425
                0x000000000000201c       0x14 ./Source/FreeRTOS_Source/tasks.o
 .rodata.ucExpectedInterruptStackValues
                0x0000000000002030       0x10 ./Source/main.o
                0x0000000000002030                ucExpectedInterruptStackValues
 .rodata        0x0000000000002040       0x18 ./Source/main.o
                0x0000000000002058                . = ALIGN (0x4)

.glue_7         0x0000000000002058        0x0
 .glue_7        0x0000000000000000        0x0 linker stubs

.glue_7t        0x0000000000002058        0x0
 .glue_7t       0x0000000000000000        0x0 linker stubs

.vfp11_veneer   0x0000000000002058        0x0
 .vfp11_veneer  0x0000000000000000        0x0 linker stubs

.v4_bx          0x0000000000002058        0x0
 .v4_bx         0x0000000000000000        0x0 linker stubs

.ARM.extab
 *(.ARM.extab* .gnu.linkonce.armextab.*)
                0x0000000000002058                __exidx_start = .

.ARM.exidx
 *(.ARM.exidx* .gnu.linkonce.armexidx.*)
                0x0000000000002058                __exidx_end = .
                0x0000000000002058                _etext = .

.uninit_RESERVED
                0x0000000010000000        0x0
 *(.bss.$RESERVED*)
                0x0000000010000000                . = ALIGN (0x4)
                0x0000000010000000                _end_uninit_RESERVED = .

.data           0x0000000010000000       0x10 load address 0x0000000000002058
 FILL mask 0xff
                0x0000000010000000                _data = .
 *(vtable)
 *(.data*)
 .data.UARTTxEmpty
                0x0000000010000000        0x1 ./Source/driver/uart.o
                0x0000000010000000                UARTTxEmpty
 *fill*         0x0000000010000001        0x3 00
 .data.uxCriticalNesting
                0x0000000010000004        0x4 ./Source/FreeRTOS_Source/portable/GCC/ARM_CM0/port.o
 .data.xNextTaskUnblockTime
                0x0000000010000008        0x4 ./Source/FreeRTOS_Source/tasks.o
 .data.SystemCoreClock
                0x000000001000000c        0x4 /Users/vivid/Dropbox/My files/code/BubbleArm/CMSISv2p00_LPC11xx/Debug/libCMSISv2p00_LPC11xx.a(system_LPC11xx.o)
                0x000000001000000c                SystemCoreClock
                0x0000000010000010                . = ALIGN (0x4)
                0x0000000010000010                _edata = .

.bss            0x0000000010000010     0x1c84 load address 0x0000000000002068
                0x0000000010000010                _bss = .
 *(.bss*)
 .bss.I2CMasterState
                0x0000000010000010        0x4 ./Source/driver/i2c.o
                0x0000000010000010                I2CMasterState
 .bss.timeout   0x0000000010000014        0x4 ./Source/driver/i2c.o
                0x0000000010000014                timeout
 .bss.RdIndex   0x0000000010000018        0x4 ./Source/driver/i2c.o
                0x0000000010000018                RdIndex
 .bss.WrIndex   0x000000001000001c        0x4 ./Source/driver/i2c.o
                0x000000001000001c                WrIndex
 .bss.UARTCount
                0x0000000010000020        0x4 ./Source/driver/uart.o
                0x0000000010000020                UARTCount
 *fill*         0x0000000010000024        0x4 00
 .bss.xHeap     0x0000000010000028     0x1968 ./Source/FreeRTOS_Source/portable/MemMang/heap_1.o
 .bss.xNextFreeByte
                0x0000000010001990        0x4 ./Source/FreeRTOS_Source/portable/MemMang/heap_1.o
 .bss.pxCurrentTCB
                0x0000000010001994        0x4 ./Source/FreeRTOS_Source/tasks.o
                0x0000000010001994                pxCurrentTCB
 .bss.pxReadyTasksLists
                0x0000000010001998       0x64 ./Source/FreeRTOS_Source/tasks.o
 .bss.xDelayedTaskList1
                0x00000000100019fc       0x14 ./Source/FreeRTOS_Source/tasks.o
 .bss.xDelayedTaskList2
                0x0000000010001a10       0x14 ./Source/FreeRTOS_Source/tasks.o
 .bss.pxDelayedTaskList
                0x0000000010001a24        0x4 ./Source/FreeRTOS_Source/tasks.o
 .bss.pxOverflowDelayedTaskList
                0x0000000010001a28        0x4 ./Source/FreeRTOS_Source/tasks.o
 .bss.xPendingReadyList
                0x0000000010001a2c       0x14 ./Source/FreeRTOS_Source/tasks.o
 .bss.xTasksWaitingTermination
                0x0000000010001a40       0x14 ./Source/FreeRTOS_Source/tasks.o
 .bss.uxTasksDeleted
                0x0000000010001a54        0x4 ./Source/FreeRTOS_Source/tasks.o
 .bss.xSuspendedTaskList
                0x0000000010001a58       0x14 ./Source/FreeRTOS_Source/tasks.o
 .bss.uxCurrentNumberOfTasks
                0x0000000010001a6c        0x4 ./Source/FreeRTOS_Source/tasks.o
 .bss.xTickCount
                0x0000000010001a70        0x4 ./Source/FreeRTOS_Source/tasks.o
 .bss.uxTopUsedPriority
                0x0000000010001a74        0x4 ./Source/FreeRTOS_Source/tasks.o
 .bss.uxTopReadyPriority
                0x0000000010001a78        0x4 ./Source/FreeRTOS_Source/tasks.o
 .bss.xSchedulerRunning
                0x0000000010001a7c        0x4 ./Source/FreeRTOS_Source/tasks.o
 .bss.uxSchedulerSuspended
                0x0000000010001a80        0x4 ./Source/FreeRTOS_Source/tasks.o
 .bss.uxMissedTicks
                0x0000000010001a84        0x4 ./Source/FreeRTOS_Source/tasks.o
 .bss.xMissedYield
                0x0000000010001a88        0x4 ./Source/FreeRTOS_Source/tasks.o
 .bss.xNumOfOverflows
                0x0000000010001a8c        0x4 ./Source/FreeRTOS_Source/tasks.o
 .bss.uxTaskNumber
                0x0000000010001a90        0x4 ./Source/FreeRTOS_Source/tasks.o
 *(COMMON)
 COMMON         0x0000000010001a94       0x8c ./Source/driver/i2c.o
                0x0000000010001a94                I2CReadLength
                0x0000000010001a98                I2CSlaveBuffer
                0x0000000010001ad8                I2CMode
                0x0000000010001adc                I2CMasterBuffer
                0x0000000010001b1c                I2CWriteLength
 COMMON         0x0000000010001b20       0xa0 ./Source/Sensors.o
                0x0000000010001b20                temperature
                0x0000000010001ba0                TxBuffer
 COMMON         0x0000000010001bc0       0xd4 ./Source/UartPacket.o
                0x0000000010001bc0                InCount
                0x0000000010001bc1                OutCount
                0x0000000010001bc4                InBuff
                0x0000000010001c08                OutLength
                0x0000000010001c09                NewInData
                0x0000000010001c0a                InLength
                0x0000000010001c0b                InSum
                0x0000000010001c0c                OutBusy
                0x0000000010001c0d                InTempLength
                0x0000000010001c10                InputPayload
                0x0000000010001c50                OutputBuff
                0x0000000010001c94                . = ALIGN (0x4)
                0x0000000010001c94                _ebss = .
                0x0000000010001c94                PROVIDE (end, .)
                0x0000000010001c94                PROVIDE (_pvHeapStart, .)
                0x0000000010002000                PROVIDE (_vStackTop, (__top_RamLoc8 - 0x0))
OUTPUT(RTOS_Sensors.axf elf32-littlearm)

.debug_info     0x0000000000000000     0x6dc9
 .debug_info    0x0000000000000000       0x70 ./Source/driver/adc.o
 .debug_info    0x0000000000000070       0x70 ./Source/driver/can.o
 .debug_info    0x00000000000000e0       0x70 ./Source/driver/clkconfig.o
 .debug_info    0x0000000000000150       0x92 ./Source/driver/crp.o
 .debug_info    0x00000000000001e2       0x70 ./Source/driver/debug_printf.o
 .debug_info    0x0000000000000252      0x772 ./Source/driver/gpio.o
 .debug_info    0x00000000000009c4      0xc21 ./Source/driver/i2c.o
 .debug_info    0x00000000000015e5       0x70 ./Source/driver/i2cslave.o
 .debug_info    0x0000000000001655       0x70 ./Source/driver/lpc_swu.o
 .debug_info    0x00000000000016c5       0x70 ./Source/driver/rs485.o
 .debug_info    0x0000000000001735       0x70 ./Source/driver/small_gpio.o
 .debug_info    0x00000000000017a5       0x70 ./Source/driver/ssp.o
 .debug_info    0x0000000000001815       0x70 ./Source/driver/timer16.o
 .debug_info    0x0000000000001885      0x9e2 ./Source/driver/timer32.o
 .debug_info    0x0000000000002267      0xbed ./Source/driver/uart.o
 .debug_info    0x0000000000002e54       0x70 ./Source/driver/wdt.o
 .debug_info    0x0000000000002ec4      0x187 ./Source/FreeRTOS_Source/portable/MemMang/heap_1.o
 .debug_info    0x000000000000304b      0x210 ./Source/FreeRTOS_Source/portable/GCC/ARM_CM0/port.o
 .debug_info    0x000000000000325b      0x4dc ./Source/FreeRTOS_Source/croutine.o
 .debug_info    0x0000000000003737      0x2b2 ./Source/FreeRTOS_Source/list.o
 .debug_info    0x00000000000039e9      0xa34 ./Source/FreeRTOS_Source/queue.o
 .debug_info    0x000000000000441d      0xfd2 ./Source/FreeRTOS_Source/tasks.o
 .debug_info    0x00000000000053ef       0x77 ./Source/FreeRTOS_Source/timers.o
 .debug_info    0x0000000000005466      0x92e ./Source/Sensors.o
 .debug_info    0x0000000000005d94      0x4b4 ./Source/UartPacket.o
 .debug_info    0x0000000000006248      0x344 ./Source/cr_startup_lpc11.o
 .debug_info    0x000000000000658c      0x387 ./Source/main.o
 .debug_info    0x0000000000006913      0x4b6 /Users/vivid/Dropbox/My files/code/BubbleArm/CMSISv2p00_LPC11xx/Debug/libCMSISv2p00_LPC11xx.a(system_LPC11xx.o)

.debug_abbrev   0x0000000000000000     0x166b
 .debug_abbrev  0x0000000000000000       0x2c ./Source/driver/adc.o
 .debug_abbrev  0x000000000000002c       0x2c ./Source/driver/can.o
 .debug_abbrev  0x0000000000000058       0x2c ./Source/driver/clkconfig.o
 .debug_abbrev  0x0000000000000084       0x51 ./Source/driver/crp.o
 .debug_abbrev  0x00000000000000d5       0x2c ./Source/driver/debug_printf.o
 .debug_abbrev  0x0000000000000101      0x192 ./Source/driver/gpio.o
 .debug_abbrev  0x0000000000000293      0x1a5 ./Source/driver/i2c.o
 .debug_abbrev  0x0000000000000438       0x2c ./Source/driver/i2cslave.o
 .debug_abbrev  0x0000000000000464       0x2c ./Source/driver/lpc_swu.o
 .debug_abbrev  0x0000000000000490       0x2c ./Source/driver/rs485.o
 .debug_abbrev  0x00000000000004bc       0x2c ./Source/driver/small_gpio.o
 .debug_abbrev  0x00000000000004e8       0x2c ./Source/driver/ssp.o
 .debug_abbrev  0x0000000000000514       0x2c ./Source/driver/timer16.o
 .debug_abbrev  0x0000000000000540      0x139 ./Source/driver/timer32.o
 .debug_abbrev  0x0000000000000679      0x19f ./Source/driver/uart.o
 .debug_abbrev  0x0000000000000818       0x2c ./Source/driver/wdt.o
 .debug_abbrev  0x0000000000000844      0x11a ./Source/FreeRTOS_Source/portable/MemMang/heap_1.o
 .debug_abbrev  0x000000000000095e      0x130 ./Source/FreeRTOS_Source/portable/GCC/ARM_CM0/port.o
 .debug_abbrev  0x0000000000000a8e      0x18a ./Source/FreeRTOS_Source/croutine.o
 .debug_abbrev  0x0000000000000c18       0xbc ./Source/FreeRTOS_Source/list.o
 .debug_abbrev  0x0000000000000cd4      0x139 ./Source/FreeRTOS_Source/queue.o
 .debug_abbrev  0x0000000000000e0d      0x184 ./Source/FreeRTOS_Source/tasks.o
 .debug_abbrev  0x0000000000000f91       0x2c ./Source/FreeRTOS_Source/timers.o
 .debug_abbrev  0x0000000000000fbd      0x1c5 ./Source/Sensors.o
 .debug_abbrev  0x0000000000001182      0x13e ./Source/UartPacket.o
 .debug_abbrev  0x00000000000012c0      0x12c ./Source/cr_startup_lpc11.o
 .debug_abbrev  0x00000000000013ec      0x193 ./Source/main.o
 .debug_abbrev  0x000000000000157f       0xec /Users/vivid/Dropbox/My files/code/BubbleArm/CMSISv2p00_LPC11xx/Debug/libCMSISv2p00_LPC11xx.a(system_LPC11xx.o)

.debug_line     0x0000000000000000     0x920a
 .debug_line    0x0000000000000000      0x414 ./Source/driver/adc.o
 .debug_line    0x0000000000000414      0x414 ./Source/driver/can.o
 .debug_line    0x0000000000000828      0x41a ./Source/driver/clkconfig.o
 .debug_line    0x0000000000000c42      0x41d ./Source/driver/crp.o
 .debug_line    0x000000000000105f      0x41d ./Source/driver/debug_printf.o
 .debug_line    0x000000000000147c      0x512 ./Source/driver/gpio.o
 .debug_line    0x000000000000198e      0x506 ./Source/driver/i2c.o
 .debug_line    0x0000000000001e94      0x419 ./Source/driver/i2cslave.o
 .debug_line    0x00000000000022ad      0x418 ./Source/driver/lpc_swu.o
 .debug_line    0x00000000000026c5      0x416 ./Source/driver/rs485.o
 .debug_line    0x0000000000002adb      0x41b ./Source/driver/small_gpio.o
 .debug_line    0x0000000000002ef6      0x414 ./Source/driver/ssp.o
 .debug_line    0x000000000000330a      0x425 ./Source/driver/timer16.o
 .debug_line    0x000000000000372f      0x523 ./Source/driver/timer32.o
 .debug_line    0x0000000000003c52      0x4c9 ./Source/driver/uart.o
 .debug_line    0x000000000000411b      0x41d ./Source/driver/wdt.o
 .debug_line    0x0000000000004538      0x527 ./Source/FreeRTOS_Source/portable/MemMang/heap_1.o
 .debug_line    0x0000000000004a5f      0x5e1 ./Source/FreeRTOS_Source/portable/GCC/ARM_CM0/port.o
 .debug_line    0x0000000000005040      0x640 ./Source/FreeRTOS_Source/croutine.o
 .debug_line    0x0000000000005680      0x587 ./Source/FreeRTOS_Source/list.o
 .debug_line    0x0000000000005c07      0x984 ./Source/FreeRTOS_Source/queue.o
 .debug_line    0x000000000000658b      0xc2f ./Source/FreeRTOS_Source/tasks.o
 .debug_line    0x00000000000071ba      0x50d ./Source/FreeRTOS_Source/timers.o
 .debug_line    0x00000000000076c7      0x725 ./Source/Sensors.o
 .debug_line    0x0000000000007dec      0x523 ./Source/UartPacket.o
 .debug_line    0x000000000000830f      0x41d ./Source/cr_startup_lpc11.o
 .debug_line    0x000000000000872c      0x6cf ./Source/main.o
 .debug_line    0x0000000000008dfb      0x40f /Users/vivid/Dropbox/My files/code/BubbleArm/CMSISv2p00_LPC11xx/Debug/libCMSISv2p00_LPC11xx.a(system_LPC11xx.o)

.debug_macinfo  0x0000000000000000    0x9cdda
 .debug_macinfo
                0x0000000000000000     0x541c ./Source/driver/adc.o
 .debug_macinfo
                0x000000000000541c     0x541c ./Source/driver/can.o
 .debug_macinfo
                0x000000000000a838     0x541c ./Source/driver/clkconfig.o
 .debug_macinfo
                0x000000000000fc54     0x55c6 ./Source/driver/crp.o
 .debug_macinfo
                0x000000000001521a     0x541c ./Source/driver/debug_printf.o
 .debug_macinfo
                0x000000000001a636     0x5454 ./Source/driver/gpio.o
 .debug_macinfo
                0x000000000001fa8a     0x574e ./Source/driver/i2c.o
 .debug_macinfo
                0x00000000000251d8     0x541c ./Source/driver/i2cslave.o
 .debug_macinfo
                0x000000000002a5f4     0x541c ./Source/driver/lpc_swu.o
 .debug_macinfo
                0x000000000002fa10     0x541c ./Source/driver/rs485.o
 .debug_macinfo
                0x0000000000034e2c     0x541c ./Source/driver/small_gpio.o
 .debug_macinfo
                0x000000000003a248     0x541c ./Source/driver/ssp.o
 .debug_macinfo
                0x000000000003f664     0x542f ./Source/driver/timer16.o
 .debug_macinfo
                0x0000000000044a93     0x54ce ./Source/driver/timer32.o
 .debug_macinfo
                0x0000000000049f61     0x55e6 ./Source/driver/uart.o
 .debug_macinfo
                0x000000000004f547     0x542b ./Source/driver/wdt.o
 .debug_macinfo
                0x0000000000054972     0x5be5 ./Source/FreeRTOS_Source/portable/MemMang/heap_1.o
 .debug_macinfo
                0x000000000005a557     0x5d54 ./Source/FreeRTOS_Source/portable/GCC/ARM_CM0/port.o
 .debug_macinfo
                0x00000000000602ab     0x622c ./Source/FreeRTOS_Source/croutine.o
 .debug_macinfo
                0x00000000000664d7     0x5846 ./Source/FreeRTOS_Source/list.o
 .debug_macinfo
                0x000000000006bd1d     0x5fa2 ./Source/FreeRTOS_Source/queue.o
 .debug_macinfo
                0x0000000000071cbf     0x6e8e ./Source/FreeRTOS_Source/tasks.o
 .debug_macinfo
                0x0000000000078b4d     0x698d ./Source/FreeRTOS_Source/timers.o
 .debug_macinfo
                0x000000000007f4da     0x7943 ./Source/Sensors.o
 .debug_macinfo
                0x0000000000086e1d     0x56d2 ./Source/UartPacket.o
 .debug_macinfo
                0x000000000008c4ef     0x3ca7 ./Source/cr_startup_lpc11.o
 .debug_macinfo
                0x0000000000090196     0x7596 ./Source/main.o
 .debug_macinfo
                0x000000000009772c     0x56ae /Users/vivid/Dropbox/My files/code/BubbleArm/CMSISv2p00_LPC11xx/Debug/libCMSISv2p00_LPC11xx.a(system_LPC11xx.o)

.debug_str      0x0000000000000000     0x222f
 .debug_str     0x0000000000000000       0xf7 ./Source/driver/adc.o
                                        0x119 (size before relaxing)
 .debug_str     0x00000000000000f7       0x17 ./Source/driver/can.o
                                        0x119 (size before relaxing)
 .debug_str     0x000000000000010e       0x1d ./Source/driver/clkconfig.o
                                        0x11f (size before relaxing)
 .debug_str     0x000000000000012b       0x29 ./Source/driver/crp.o
                                        0x12b (size before relaxing)
 .debug_str     0x0000000000000154       0x20 ./Source/driver/debug_printf.o
                                        0x122 (size before relaxing)
 .debug_str     0x0000000000000174      0x325 ./Source/driver/gpio.o
                                        0x430 (size before relaxing)
 .debug_str     0x0000000000000499      0x4dc ./Source/driver/i2c.o
                                        0x836 (size before relaxing)
 .debug_str     0x0000000000000975       0x1c ./Source/driver/i2cslave.o
                                        0x11e (size before relaxing)
 .debug_str     0x0000000000000991       0x1b ./Source/driver/lpc_swu.o
                                        0x11d (size before relaxing)
 .debug_str     0x00000000000009ac       0x19 ./Source/driver/rs485.o
                                        0x11b (size before relaxing)
 .debug_str     0x00000000000009c5       0x1e ./Source/driver/small_gpio.o
                                        0x120 (size before relaxing)
 .debug_str     0x00000000000009e3       0x17 ./Source/driver/ssp.o
                                        0x119 (size before relaxing)
 .debug_str     0x00000000000009fa       0x1b ./Source/driver/timer16.o
                                        0x11d (size before relaxing)
 .debug_str     0x0000000000000a15      0x10d ./Source/driver/timer32.o
                                        0x5ea (size before relaxing)
 .debug_str     0x0000000000000b22       0xbd ./Source/driver/uart.o
                                        0x7c1 (size before relaxing)
 .debug_str     0x0000000000000bdf       0x17 ./Source/driver/wdt.o
                                        0x119 (size before relaxing)
 .debug_str     0x0000000000000bf6       0xdc ./Source/FreeRTOS_Source/portable/MemMang/heap_1.o
                                        0x1f0 (size before relaxing)
 .debug_str     0x0000000000000cd2      0x156 ./Source/FreeRTOS_Source/portable/GCC/ARM_CM0/port.o
                                        0x283 (size before relaxing)
 .debug_str     0x0000000000000e28      0x348 ./Source/FreeRTOS_Source/croutine.o
                                        0x477 (size before relaxing)
 .debug_str     0x0000000000001170       0xb5 ./Source/FreeRTOS_Source/list.o
                                        0x267 (size before relaxing)
 .debug_str     0x0000000000001225      0x474 ./Source/FreeRTOS_Source/queue.o
                                        0x664 (size before relaxing)
 .debug_str     0x0000000000001699      0x715 ./Source/FreeRTOS_Source/tasks.o
                                        0x9d5 (size before relaxing)
 .debug_str     0x0000000000001dae       0x23 ./Source/FreeRTOS_Source/timers.o
                                        0x137 (size before relaxing)
 .debug_str     0x0000000000001dd1       0x8f ./Source/Sensors.o
                                        0x616 (size before relaxing)
 .debug_str     0x0000000000001e60       0xe2 ./Source/UartPacket.o
                                        0x248 (size before relaxing)
 .debug_str     0x0000000000001f42      0x18e ./Source/cr_startup_lpc11.o
                                        0x2c4 (size before relaxing)
 .debug_str     0x00000000000020d0       0xd2 ./Source/main.o
                                        0x293 (size before relaxing)
 .debug_str     0x00000000000021a2       0x8d /Users/vivid/Dropbox/My files/code/BubbleArm/CMSISv2p00_LPC11xx/Debug/libCMSISv2p00_LPC11xx.a(system_LPC11xx.o)
                                        0x3ad (size before relaxing)

.comment        0x0000000000000000       0xe0
 .comment       0x0000000000000000       0x70 ./Source/driver/adc.o
                                         0x71 (size before relaxing)
 .comment       0x0000000000000000       0x71 ./Source/driver/can.o
 .comment       0x0000000000000000       0x71 ./Source/driver/clkconfig.o
 .comment       0x0000000000000000       0x71 ./Source/driver/crp.o
 .comment       0x0000000000000000       0x71 ./Source/driver/debug_printf.o
 .comment       0x0000000000000000       0x71 ./Source/driver/gpio.o
 .comment       0x0000000000000000       0x71 ./Source/driver/i2c.o
 .comment       0x0000000000000000       0x71 ./Source/driver/i2cslave.o
 .comment       0x0000000000000000       0x71 ./Source/driver/lpc_swu.o
 .comment       0x0000000000000000       0x71 ./Source/driver/rs485.o
 .comment       0x0000000000000000       0x71 ./Source/driver/small_gpio.o
 .comment       0x0000000000000000       0x71 ./Source/driver/ssp.o
 .comment       0x0000000000000000       0x71 ./Source/driver/timer16.o
 .comment       0x0000000000000000       0x71 ./Source/driver/timer32.o
 .comment       0x0000000000000000       0x71 ./Source/driver/uart.o
 .comment       0x0000000000000000       0x71 ./Source/driver/wdt.o
 .comment       0x0000000000000000       0x71 ./Source/FreeRTOS_Source/portable/MemMang/heap_1.o
 .comment       0x0000000000000000       0x71 ./Source/FreeRTOS_Source/portable/GCC/ARM_CM0/port.o
 .comment       0x0000000000000000       0x71 ./Source/FreeRTOS_Source/croutine.o
 .comment       0x0000000000000000       0x71 ./Source/FreeRTOS_Source/list.o
 .comment       0x0000000000000000       0x71 ./Source/FreeRTOS_Source/queue.o
 .comment       0x0000000000000000       0x71 ./Source/FreeRTOS_Source/tasks.o
 .comment       0x0000000000000000       0x71 ./Source/FreeRTOS_Source/timers.o
 .comment       0x0000000000000000       0x71 ./Source/Sensors.o
 .comment       0x0000000000000000       0x71 ./Source/UartPacket.o
 .comment       0x0000000000000000       0x71 ./Source/cr_startup_lpc11.o
 .comment       0x0000000000000000       0x71 ./Source/main.o
 .comment       0x0000000000000000       0x71 /Users/vivid/Dropbox/My files/code/BubbleArm/CMSISv2p00_LPC11xx/Debug/libCMSISv2p00_LPC11xx.a(system_LPC11xx.o)
 .comment       0x0000000000000070       0x70 /Applications/lpcxpresso_5.0.12_1041/lpcxpresso/tools/bin/../lib/gcc/arm-none-eabi/4.6.2/../../../../arm-none-eabi/lib/armv6-m/libcr_c.a(memcpy.o)
                                         0x71 (size before relaxing)
 .comment       0x0000000000000000       0x71 /Applications/lpcxpresso_5.0.12_1041/lpcxpresso/tools/bin/../lib/gcc/arm-none-eabi/4.6.2/../../../../arm-none-eabi/lib/armv6-m/libcr_c.a(memset.o)
 .comment       0x0000000000000000       0x71 /Applications/lpcxpresso_5.0.12_1041/lpcxpresso/tools/bin/../lib/gcc/arm-none-eabi/4.6.2/../../../../arm-none-eabi/lib/armv6-m/libcr_c.a(__weak__main.o)
 .comment       0x0000000000000000       0x71 /Applications/lpcxpresso_5.0.12_1041/lpcxpresso/tools/bin/../lib/gcc/arm-none-eabi/4.6.2/../../../../arm-none-eabi/lib/armv6-m/libcr_c.a(fpprintf.o)
 .comment       0x0000000000000000       0x71 /Applications/lpcxpresso_5.0.12_1041/lpcxpresso/tools/bin/../lib/gcc/arm-none-eabi/4.6.2/../../../../arm-none-eabi/lib/armv6-m/libcr_c.a(memcmp.o)
 .comment       0x0000000000000000       0x71 /Applications/lpcxpresso_5.0.12_1041/lpcxpresso/tools/bin/../lib/gcc/arm-none-eabi/4.6.2/../../../../arm-none-eabi/lib/armv6-m/libcr_c.a(printf.o)
 .comment       0x0000000000000000       0x71 /Applications/lpcxpresso_5.0.12_1041/lpcxpresso/tools/bin/../lib/gcc/arm-none-eabi/4.6.2/../../../../arm-none-eabi/lib/armv6-m/libcr_c.a(stdio.o)
 .comment       0x0000000000000000       0x71 /Applications/lpcxpresso_5.0.12_1041/lpcxpresso/tools/bin/../lib/gcc/arm-none-eabi/4.6.2/../../../../arm-none-eabi/lib/armv6-m/libcr_c.a(strcat.o)
 .comment       0x0000000000000000       0x71 /Applications/lpcxpresso_5.0.12_1041/lpcxpresso/tools/bin/../lib/gcc/arm-none-eabi/4.6.2/../../../../arm-none-eabi/lib/armv6-m/libcr_c.a(strlen.o)
 .comment       0x0000000000000000       0x71 /Applications/lpcxpresso_5.0.12_1041/lpcxpresso/tools/bin/../lib/gcc/arm-none-eabi/4.6.2/../../../../arm-none-eabi/lib/armv6-m/libcr_c.a(strncpy.o)
 .comment       0x0000000000000000       0x71 /Applications/lpcxpresso_5.0.12_1041/lpcxpresso/tools/bin/../lib/gcc/arm-none-eabi/4.6.2/../../../../arm-none-eabi/lib/armv6-m/libcr_c.a(__fillbuf.o)
 .comment       0x0000000000000000       0x71 /Applications/lpcxpresso_5.0.12_1041/lpcxpresso/tools/bin/../lib/gcc/arm-none-eabi/4.6.2/../../../../arm-none-eabi/lib/armv6-m/libcr_c.a(_deferredlazyseek.o)
 .comment       0x0000000000000000       0x71 /Applications/lpcxpresso_5.0.12_1041/lpcxpresso/tools/bin/../lib/gcc/arm-none-eabi/4.6.2/../../../../arm-none-eabi/lib/armv6-m/libcr_c.a(_fflush.o)
 .comment       0x0000000000000000       0x71 /Applications/lpcxpresso_5.0.12_1041/lpcxpresso/tools/bin/../lib/gcc/arm-none-eabi/4.6.2/../../../../arm-none-eabi/lib/armv6-m/libcr_c.a(_frexpl.o)
 .comment       0x0000000000000000       0x71 /Applications/lpcxpresso_5.0.12_1041/lpcxpresso/tools/bin/../lib/gcc/arm-none-eabi/4.6.2/../../../../arm-none-eabi/lib/armv6-m/libcr_c.a(_ldexpl.o)
 .comment       0x0000000000000000       0x71 /Applications/lpcxpresso_5.0.12_1041/lpcxpresso/tools/bin/../lib/gcc/arm-none-eabi/4.6.2/../../../../arm-none-eabi/lib/armv6-m/libcr_c.a(_writebuf.o)
 .comment       0x0000000000000000       0x71 /Applications/lpcxpresso_5.0.12_1041/lpcxpresso/tools/bin/../lib/gcc/arm-none-eabi/4.6.2/../../../../arm-none-eabi/lib/armv6-m/libcr_c.a(alloc.o)
 .comment       0x0000000000000000       0x71 /Applications/lpcxpresso_5.0.12_1041/lpcxpresso/tools/bin/../lib/gcc/arm-none-eabi/4.6.2/../../../../arm-none-eabi/lib/armv6-m/libcr_c.a(errno.o)
 .comment       0x0000000000000000       0x71 /Applications/lpcxpresso_5.0.12_1041/lpcxpresso/tools/bin/../lib/gcc/arm-none-eabi/4.6.2/../../../../arm-none-eabi/lib/armv6-m/libcr_c.a(fseek.o)
 .comment       0x0000000000000000       0x71 /Applications/lpcxpresso_5.0.12_1041/lpcxpresso/tools/bin/../lib/gcc/arm-none-eabi/4.6.2/../../../../arm-none-eabi/lib/armv6-m/libcr_c.a(ftell.o)
 .comment       0x0000000000000000       0x71 /Applications/lpcxpresso_5.0.12_1041/lpcxpresso/tools/bin/../lib/gcc/arm-none-eabi/4.6.2/../../../../arm-none-eabi/lib/armv6-m/libcr_c.a(__init_alloc.o)
 .comment       0x0000000000000000       0x71 /Applications/lpcxpresso_5.0.12_1041/lpcxpresso/tools/bin/../lib/gcc/arm-none-eabi/4.6.2/../../../../arm-none-eabi/lib/armv6-m/libcr_c.a(_hugeval.o)
 .comment       0x0000000000000000       0x71 /Applications/lpcxpresso_5.0.12_1041/lpcxpresso/tools/bin/../lib/gcc/arm-none-eabi/4.6.2/armv6-m/libcr_eabihelpers.a(double.o)

.ARM.attributes
                0x0000000000000000       0x2f
 .ARM.attributes
                0x0000000000000000       0x33 ./Source/driver/adc.o
 .ARM.attributes
                0x0000000000000033       0x33 ./Source/driver/can.o
 .ARM.attributes
                0x0000000000000066       0x33 ./Source/driver/clkconfig.o
 .ARM.attributes
                0x0000000000000099       0x33 ./Source/driver/crp.o
 .ARM.attributes
                0x00000000000000cc       0x33 ./Source/driver/debug_printf.o
 .ARM.attributes
                0x00000000000000ff       0x33 ./Source/driver/gpio.o
 .ARM.attributes
                0x0000000000000132       0x33 ./Source/driver/i2c.o
 .ARM.attributes
                0x0000000000000165       0x33 ./Source/driver/i2cslave.o
 .ARM.attributes
                0x0000000000000198       0x33 ./Source/driver/lpc_swu.o
 .ARM.attributes
                0x00000000000001cb       0x33 ./Source/driver/rs485.o
 .ARM.attributes
                0x00000000000001fe       0x33 ./Source/driver/small_gpio.o
 .ARM.attributes
                0x0000000000000231       0x33 ./Source/driver/ssp.o
 .ARM.attributes
                0x0000000000000264       0x33 ./Source/driver/timer16.o
 .ARM.attributes
                0x0000000000000297       0x33 ./Source/driver/timer32.o
 .ARM.attributes
                0x00000000000002ca       0x33 ./Source/driver/uart.o
 .ARM.attributes
                0x00000000000002fd       0x33 ./Source/driver/wdt.o
 .ARM.attributes
                0x0000000000000330       0x33 ./Source/FreeRTOS_Source/portable/MemMang/heap_1.o
 .ARM.attributes
                0x0000000000000363       0x33 ./Source/FreeRTOS_Source/portable/GCC/ARM_CM0/port.o
 .ARM.attributes
                0x0000000000000396       0x33 ./Source/FreeRTOS_Source/croutine.o
 .ARM.attributes
                0x00000000000003c9       0x33 ./Source/FreeRTOS_Source/list.o
 .ARM.attributes
                0x00000000000003fc       0x33 ./Source/FreeRTOS_Source/queue.o
 .ARM.attributes
                0x000000000000042f       0x33 ./Source/FreeRTOS_Source/tasks.o
 .ARM.attributes
                0x0000000000000462       0x33 ./Source/FreeRTOS_Source/timers.o
 .ARM.attributes
                0x0000000000000495       0x33 ./Source/Sensors.o
 .ARM.attributes
                0x00000000000004c8       0x33 ./Source/UartPacket.o
 .ARM.attributes
                0x00000000000004fb       0x33 ./Source/cr_startup_lpc11.o
 .ARM.attributes
                0x000000000000052e       0x33 ./Source/main.o
 .ARM.attributes
                0x0000000000000561       0x33 /Users/vivid/Dropbox/My files/code/BubbleArm/CMSISv2p00_LPC11xx/Debug/libCMSISv2p00_LPC11xx.a(system_LPC11xx.o)
 .ARM.attributes
                0x0000000000000594       0x31 /Applications/lpcxpresso_5.0.12_1041/lpcxpresso/tools/bin/../lib/gcc/arm-none-eabi/4.6.2/../../../../arm-none-eabi/lib/armv6-m/libcr_c.a(memcpy.o)
 .ARM.attributes
                0x00000000000005c5       0x31 /Applications/lpcxpresso_5.0.12_1041/lpcxpresso/tools/bin/../lib/gcc/arm-none-eabi/4.6.2/../../../../arm-none-eabi/lib/armv6-m/libcr_c.a(memset.o)
 .ARM.attributes
                0x00000000000005f6       0x31 /Applications/lpcxpresso_5.0.12_1041/lpcxpresso/tools/bin/../lib/gcc/arm-none-eabi/4.6.2/../../../../arm-none-eabi/lib/armv6-m/libcr_c.a(__weak__main.o)
 .ARM.attributes
                0x0000000000000627       0x31 /Applications/lpcxpresso_5.0.12_1041/lpcxpresso/tools/bin/../lib/gcc/arm-none-eabi/4.6.2/../../../../arm-none-eabi/lib/armv6-m/libcr_c.a(fpprintf.o)
 .ARM.attributes
                0x0000000000000658       0x31 /Applications/lpcxpresso_5.0.12_1041/lpcxpresso/tools/bin/../lib/gcc/arm-none-eabi/4.6.2/../../../../arm-none-eabi/lib/armv6-m/libcr_c.a(memcmp.o)
 .ARM.attributes
                0x0000000000000689       0x31 /Applications/lpcxpresso_5.0.12_1041/lpcxpresso/tools/bin/../lib/gcc/arm-none-eabi/4.6.2/../../../../arm-none-eabi/lib/armv6-m/libcr_c.a(printf.o)
 .ARM.attributes
                0x00000000000006ba       0x31 /Applications/lpcxpresso_5.0.12_1041/lpcxpresso/tools/bin/../lib/gcc/arm-none-eabi/4.6.2/../../../../arm-none-eabi/lib/armv6-m/libcr_c.a(stdio.o)
 .ARM.attributes
                0x00000000000006eb       0x31 /Applications/lpcxpresso_5.0.12_1041/lpcxpresso/tools/bin/../lib/gcc/arm-none-eabi/4.6.2/../../../../arm-none-eabi/lib/armv6-m/libcr_c.a(strcat.o)
 .ARM.attributes
                0x000000000000071c       0x31 /Applications/lpcxpresso_5.0.12_1041/lpcxpresso/tools/bin/../lib/gcc/arm-none-eabi/4.6.2/../../../../arm-none-eabi/lib/armv6-m/libcr_c.a(strlen.o)
 .ARM.attributes
                0x000000000000074d       0x31 /Applications/lpcxpresso_5.0.12_1041/lpcxpresso/tools/bin/../lib/gcc/arm-none-eabi/4.6.2/../../../../arm-none-eabi/lib/armv6-m/libcr_c.a(strncpy.o)
 .ARM.attributes
                0x000000000000077e       0x31 /Applications/lpcxpresso_5.0.12_1041/lpcxpresso/tools/bin/../lib/gcc/arm-none-eabi/4.6.2/../../../../arm-none-eabi/lib/armv6-m/libcr_c.a(__fillbuf.o)
 .ARM.attributes
                0x00000000000007af       0x31 /Applications/lpcxpresso_5.0.12_1041/lpcxpresso/tools/bin/../lib/gcc/arm-none-eabi/4.6.2/../../../../arm-none-eabi/lib/armv6-m/libcr_c.a(_deferredlazyseek.o)
 .ARM.attributes
                0x00000000000007e0       0x31 /Applications/lpcxpresso_5.0.12_1041/lpcxpresso/tools/bin/../lib/gcc/arm-none-eabi/4.6.2/../../../../arm-none-eabi/lib/armv6-m/libcr_c.a(_fflush.o)
 .ARM.attributes
                0x0000000000000811       0x31 /Applications/lpcxpresso_5.0.12_1041/lpcxpresso/tools/bin/../lib/gcc/arm-none-eabi/4.6.2/../../../../arm-none-eabi/lib/armv6-m/libcr_c.a(_frexpl.o)
 .ARM.attributes
                0x0000000000000842       0x31 /Applications/lpcxpresso_5.0.12_1041/lpcxpresso/tools/bin/../lib/gcc/arm-none-eabi/4.6.2/../../../../arm-none-eabi/lib/armv6-m/libcr_c.a(_ldexpl.o)
 .ARM.attributes
                0x0000000000000873       0x31 /Applications/lpcxpresso_5.0.12_1041/lpcxpresso/tools/bin/../lib/gcc/arm-none-eabi/4.6.2/../../../../arm-none-eabi/lib/armv6-m/libcr_c.a(_writebuf.o)
 .ARM.attributes
                0x00000000000008a4       0x31 /Applications/lpcxpresso_5.0.12_1041/lpcxpresso/tools/bin/../lib/gcc/arm-none-eabi/4.6.2/../../../../arm-none-eabi/lib/armv6-m/libcr_c.a(alloc.o)
 .ARM.attributes
                0x00000000000008d5       0x31 /Applications/lpcxpresso_5.0.12_1041/lpcxpresso/tools/bin/../lib/gcc/arm-none-eabi/4.6.2/../../../../arm-none-eabi/lib/armv6-m/libcr_c.a(errno.o)
 .ARM.attributes
                0x0000000000000906       0x31 /Applications/lpcxpresso_5.0.12_1041/lpcxpresso/tools/bin/../lib/gcc/arm-none-eabi/4.6.2/../../../../arm-none-eabi/lib/armv6-m/libcr_c.a(fseek.o)
 .ARM.attributes
                0x0000000000000937       0x31 /Applications/lpcxpresso_5.0.12_1041/lpcxpresso/tools/bin/../lib/gcc/arm-none-eabi/4.6.2/../../../../arm-none-eabi/lib/armv6-m/libcr_c.a(ftell.o)
 .ARM.attributes
                0x0000000000000968       0x31 /Applications/lpcxpresso_5.0.12_1041/lpcxpresso/tools/bin/../lib/gcc/arm-none-eabi/4.6.2/../../../../arm-none-eabi/lib/armv6-m/libcr_c.a(__init_alloc.o)
 .ARM.attributes
                0x0000000000000999       0x31 /Applications/lpcxpresso_5.0.12_1041/lpcxpresso/tools/bin/../lib/gcc/arm-none-eabi/4.6.2/../../../../arm-none-eabi/lib/armv6-m/libcr_c.a(_hugeval.o)
 .ARM.attributes
                0x00000000000009ca       0x21 /Applications/lpcxpresso_5.0.12_1041/lpcxpresso/tools/bin/../lib/gcc/arm-none-eabi/4.6.2/armv6-m/libcr_eabihelpers.a(division.o)
 .ARM.attributes
                0x00000000000009eb       0x31 /Applications/lpcxpresso_5.0.12_1041/lpcxpresso/tools/bin/../lib/gcc/arm-none-eabi/4.6.2/armv6-m/libcr_eabihelpers.a(double.o)
 .ARM.attributes
                0x0000000000000a1c       0x21 /Applications/lpcxpresso_5.0.12_1041/lpcxpresso/tools/bin/../lib/gcc/arm-none-eabi/4.6.2/armv6-m/libcr_eabihelpers.a(llong.o)
 .ARM.attributes
                0x0000000000000a3d       0x21 /Applications/lpcxpresso_5.0.12_1041/lpcxpresso/tools/bin/../lib/gcc/arm-none-eabi/4.6.2/armv6-m/libcr_eabihelpers.a(memcpy.o)

.debug_loc      0x0000000000000000     0x2005
 .debug_loc     0x0000000000000000      0x1b4 ./Source/driver/gpio.o
 .debug_loc     0x00000000000001b4      0x138 ./Source/driver/i2c.o
 .debug_loc     0x00000000000002ec      0x188 ./Source/driver/timer32.o
 .debug_loc     0x0000000000000474      0x10c ./Source/driver/uart.o
 .debug_loc     0x0000000000000580       0xc8 ./Source/FreeRTOS_Source/portable/MemMang/heap_1.o
 .debug_loc     0x0000000000000648      0x178 ./Source/FreeRTOS_Source/portable/GCC/ARM_CM0/port.o
 .debug_loc     0x00000000000007c0      0x188 ./Source/FreeRTOS_Source/croutine.o
 .debug_loc     0x0000000000000948      0x118 ./Source/FreeRTOS_Source/list.o
 .debug_loc     0x0000000000000a60      0x578 ./Source/FreeRTOS_Source/queue.o
 .debug_loc     0x0000000000000fd8      0x85a ./Source/FreeRTOS_Source/tasks.o
 .debug_loc     0x0000000000001832      0x150 ./Source/Sensors.o
 .debug_loc     0x0000000000001982       0xe0 ./Source/UartPacket.o
 .debug_loc     0x0000000000001a62      0x3a7 ./Source/cr_startup_lpc11.o
 .debug_loc     0x0000000000001e09      0x164 ./Source/main.o
 .debug_loc     0x0000000000001f6d       0x98 /Users/vivid/Dropbox/My files/code/BubbleArm/CMSISv2p00_LPC11xx/Debug/libCMSISv2p00_LPC11xx.a(system_LPC11xx.o)

.debug_aranges  0x0000000000000000      0x5f8
 .debug_aranges
                0x0000000000000000       0x58 ./Source/driver/gpio.o
 .debug_aranges
                0x0000000000000058       0x48 ./Source/driver/i2c.o
 .debug_aranges
                0x00000000000000a0       0x50 ./Source/driver/timer32.o
 .debug_aranges
                0x00000000000000f0       0x40 ./Source/driver/uart.o
 .debug_aranges
                0x0000000000000130       0x38 ./Source/FreeRTOS_Source/portable/MemMang/heap_1.o
 .debug_aranges
                0x0000000000000168       0x70 ./Source/FreeRTOS_Source/portable/GCC/ARM_CM0/port.o
 .debug_aranges
                0x00000000000001d8       0x50 ./Source/FreeRTOS_Source/croutine.o
 .debug_aranges
                0x0000000000000228       0x40 ./Source/FreeRTOS_Source/list.o
 .debug_aranges
                0x0000000000000268       0xe0 ./Source/FreeRTOS_Source/queue.o
 .debug_aranges
                0x0000000000000348      0x150 ./Source/FreeRTOS_Source/tasks.o
 .debug_aranges
                0x0000000000000498       0x48 ./Source/Sensors.o
 .debug_aranges
                0x00000000000004e0       0x38 ./Source/UartPacket.o
 .debug_aranges
                0x0000000000000518       0x68 ./Source/cr_startup_lpc11.o
 .debug_aranges
                0x0000000000000580       0x50 ./Source/main.o
 .debug_aranges
                0x00000000000005d0       0x28 /Users/vivid/Dropbox/My files/code/BubbleArm/CMSISv2p00_LPC11xx/Debug/libCMSISv2p00_LPC11xx.a(system_LPC11xx.o)

.debug_ranges   0x0000000000000000      0x508
 .debug_ranges  0x0000000000000000       0x48 ./Source/driver/gpio.o
 .debug_ranges  0x0000000000000048       0x38 ./Source/driver/i2c.o
 .debug_ranges  0x0000000000000080       0x40 ./Source/driver/timer32.o
 .debug_ranges  0x00000000000000c0       0x30 ./Source/driver/uart.o
 .debug_ranges  0x00000000000000f0       0x28 ./Source/FreeRTOS_Source/portable/MemMang/heap_1.o
 .debug_ranges  0x0000000000000118       0x60 ./Source/FreeRTOS_Source/portable/GCC/ARM_CM0/port.o
 .debug_ranges  0x0000000000000178       0x40 ./Source/FreeRTOS_Source/croutine.o
 .debug_ranges  0x00000000000001b8       0x30 ./Source/FreeRTOS_Source/list.o
 .debug_ranges  0x00000000000001e8       0xd0 ./Source/FreeRTOS_Source/queue.o
 .debug_ranges  0x00000000000002b8      0x140 ./Source/FreeRTOS_Source/tasks.o
 .debug_ranges  0x00000000000003f8       0x38 ./Source/Sensors.o
 .debug_ranges  0x0000000000000430       0x28 ./Source/UartPacket.o
 .debug_ranges  0x0000000000000458       0x58 ./Source/cr_startup_lpc11.o
 .debug_ranges  0x00000000000004b0       0x40 ./Source/main.o
 .debug_ranges  0x00000000000004f0       0x18 /Users/vivid/Dropbox/My files/code/BubbleArm/CMSISv2p00_LPC11xx/Debug/libCMSISv2p00_LPC11xx.a(system_LPC11xx.o)

.debug_frame    0x0000000000000000     0x1264
 .debug_frame   0x0000000000000000      0x10c ./Source/driver/gpio.o
 .debug_frame   0x000000000000010c       0xc8 ./Source/driver/i2c.o
 .debug_frame   0x00000000000001d4       0xf0 ./Source/driver/timer32.o
 .debug_frame   0x00000000000002c4       0xac ./Source/driver/uart.o
 .debug_frame   0x0000000000000370       0x88 ./Source/FreeRTOS_Source/portable/MemMang/heap_1.o
 .debug_frame   0x00000000000003f8      0x12c ./Source/FreeRTOS_Source/portable/GCC/ARM_CM0/port.o
 .debug_frame   0x0000000000000524       0xf0 ./Source/FreeRTOS_Source/croutine.o
 .debug_frame   0x0000000000000614       0xb0 ./Source/FreeRTOS_Source/list.o
 .debug_frame   0x00000000000006c4      0x330 ./Source/FreeRTOS_Source/queue.o
 .debug_frame   0x00000000000009f4      0x4e4 ./Source/FreeRTOS_Source/tasks.o
 .debug_frame   0x0000000000000ed8       0xd0 ./Source/Sensors.o
 .debug_frame   0x0000000000000fa8       0x90 ./Source/UartPacket.o
 .debug_frame   0x0000000000001038      0x104 ./Source/cr_startup_lpc11.o
 .debug_frame   0x000000000000113c       0xe4 ./Source/main.o
 .debug_frame   0x0000000000001220       0x44 /Users/vivid/Dropbox/My files/code/BubbleArm/CMSISv2p00_LPC11xx/Debug/libCMSISv2p00_LPC11xx.a(system_LPC11xx.o)
