Archive member included because of file (symbol)

/Applications/lpcxpresso_4.3.0_1033/lpcxpresso/tools/bin/../lib/gcc/arm-none-eabi/4.6.2/../../../../arm-none-eabi/lib/armv6-m/libcr_c.a(__weak__main.o)
                              ./startup/cr_startup_lpc11.o (__main)
/Applications/lpcxpresso_4.3.0_1033/lpcxpresso/tools/bin/../lib/gcc/arm-none-eabi/4.6.2/armv6-m/libcr_eabihelpers.a(division.o)
                              ./driver/timer32.o (__aeabi_uidiv)
/Applications/lpcxpresso_4.3.0_1033/lpcxpresso/tools/bin/../lib/gcc/arm-none-eabi/4.6.2/armv6-m/libcr_eabihelpers.a(thumb1_switch_helpers.o)
                              ./src/Pumps.o (__gnu_thumb1_case_uqi)

Allocating common symbols
Common symbol       size              file

I2CReadLength       0x4               ./driver/i2c.o
I2CSlaveBuffer      0x40              ./driver/i2c.o
RxSum               0x2               ./src/Pumps_main.o
UARTBuffer          0x40              ./driver/uart.o
RxCount             0x4               ./src/Pumps_main.o
Flowrate            0x20              ./src/Flowrate.o
I2CMode             0x4               ./driver/i2c.o
I2CMasterBuffer     0x40              ./driver/i2c.o
TxSum               0x2               ./src/Pumps_main.o
UARTStatus          0x4               ./driver/uart.o
RxBuffer            0x14              ./src/Pumps_main.o
TxCount             0x4               ./src/Pumps_main.o
I2CWriteLength      0x4               ./driver/i2c.o
TxBuffer            0x14              ./src/Pumps_main.o
count               0x20              ./src/Flowrate.o
PumpsSpeed          0x10              ./src/Pumps.o
NewSpeed            0x10              ./src/Pumps_main.o
NewSpeedData        0x4               ./src/Pumps_main.o

Discarded input sections

 .text          0x0000000000000000        0x0 ./startup/cr_startup_lpc11.o
 .data          0x0000000000000000        0x0 ./startup/cr_startup_lpc11.o
 .bss           0x0000000000000000        0x0 ./startup/cr_startup_lpc11.o
 .text          0x0000000000000000        0x0 ./src/Flowrate.o
 .data          0x0000000000000000        0x0 ./src/Flowrate.o
 .bss           0x0000000000000000        0x0 ./src/Flowrate.o
 .text          0x0000000000000000        0x0 ./src/Pumps.o
 .data          0x0000000000000000        0x0 ./src/Pumps.o
 .bss           0x0000000000000000        0x0 ./src/Pumps.o
 .text.PumpsGetSpeed
                0x0000000000000000       0x18 ./src/Pumps.o
 .text          0x0000000000000000        0x0 ./src/Pumps_main.o
 .data          0x0000000000000000        0x0 ./src/Pumps_main.o
 .bss           0x0000000000000000        0x0 ./src/Pumps_main.o
 .text          0x0000000000000000        0x0 ./driver/adc.o
 .data          0x0000000000000000        0x0 ./driver/adc.o
 .bss           0x0000000000000000        0x0 ./driver/adc.o
 .text          0x0000000000000000        0x0 ./driver/can.o
 .data          0x0000000000000000        0x0 ./driver/can.o
 .bss           0x0000000000000000        0x0 ./driver/can.o
 .text          0x0000000000000000        0x0 ./driver/clkconfig.o
 .data          0x0000000000000000        0x0 ./driver/clkconfig.o
 .bss           0x0000000000000000        0x0 ./driver/clkconfig.o
 .text          0x0000000000000000        0x0 ./driver/crp.o
 .data          0x0000000000000000        0x0 ./driver/crp.o
 .bss           0x0000000000000000        0x0 ./driver/crp.o
 .text          0x0000000000000000        0x0 ./driver/debug_printf.o
 .data          0x0000000000000000        0x0 ./driver/debug_printf.o
 .bss           0x0000000000000000        0x0 ./driver/debug_printf.o
 .text          0x0000000000000000        0x0 ./driver/gpio.o
 .data          0x0000000000000000        0x0 ./driver/gpio.o
 .bss           0x0000000000000000        0x0 ./driver/gpio.o
 .text.GPIOIntDisable
                0x0000000000000000       0x40 ./driver/gpio.o
 .text.GPIOIntStatus
                0x0000000000000000       0x48 ./driver/gpio.o
 .text          0x0000000000000000        0x0 ./driver/i2c.o
 .data          0x0000000000000000        0x0 ./driver/i2c.o
 .bss           0x0000000000000000        0x0 ./driver/i2c.o
 .text.I2CStart
                0x0000000000000000       0x24 ./driver/i2c.o
 .text.I2CStop  0x0000000000000000       0x18 ./driver/i2c.o
 .bss.I2CSlaveState
                0x0000000000000000        0x4 ./driver/i2c.o
 .bss.I2CCount  0x0000000000000000        0x4 ./driver/i2c.o
 .text          0x0000000000000000        0x0 ./driver/i2cslave.o
 .data          0x0000000000000000        0x0 ./driver/i2cslave.o
 .bss           0x0000000000000000        0x0 ./driver/i2cslave.o
 .text          0x0000000000000000        0x0 ./driver/lpc_swu.o
 .data          0x0000000000000000        0x0 ./driver/lpc_swu.o
 .bss           0x0000000000000000        0x0 ./driver/lpc_swu.o
 .text          0x0000000000000000        0x0 ./driver/rs485.o
 .data          0x0000000000000000        0x0 ./driver/rs485.o
 .bss           0x0000000000000000        0x0 ./driver/rs485.o
 .text          0x0000000000000000        0x0 ./driver/small_gpio.o
 .data          0x0000000000000000        0x0 ./driver/small_gpio.o
 .bss           0x0000000000000000        0x0 ./driver/small_gpio.o
 .text          0x0000000000000000        0x0 ./driver/ssp.o
 .data          0x0000000000000000        0x0 ./driver/ssp.o
 .bss           0x0000000000000000        0x0 ./driver/ssp.o
 .text          0x0000000000000000        0x0 ./driver/timer16.o
 .data          0x0000000000000000        0x0 ./driver/timer16.o
 .bss           0x0000000000000000        0x0 ./driver/timer16.o
 .text          0x0000000000000000        0x0 ./driver/timer32.o
 .data          0x0000000000000000        0x0 ./driver/timer32.o
 .bss           0x0000000000000000        0x0 ./driver/timer32.o
 .text.delay32Ms
                0x0000000000000000       0x84 ./driver/timer32.o
 .text.disable_timer32
                0x0000000000000000       0x1c ./driver/timer32.o
 .text.reset_timer32
                0x0000000000000000       0x20 ./driver/timer32.o
 .text.init_timer32PWM
                0x0000000000000000      0x134 ./driver/timer32.o
 .text.setMatch_timer32PWM
                0x0000000000000000       0x38 ./driver/timer32.o
 .bss.timer32_1_period
                0x0000000000000000        0x4 ./driver/timer32.o
 .bss.timer32_0_period
                0x0000000000000000        0x4 ./driver/timer32.o
 .text          0x0000000000000000        0x0 ./driver/uart.o
 .data          0x0000000000000000        0x0 ./driver/uart.o
 .bss           0x0000000000000000        0x0 ./driver/uart.o
 .text.ModemInit
                0x0000000000000000       0x7c ./driver/uart.o
 .text.UARTSend
                0x0000000000000000       0x24 ./driver/uart.o
 COMMON         0x0000000000000000       0x44 ./driver/uart.o
 .text          0x0000000000000000        0x0 ./driver/wdt.o
 .data          0x0000000000000000        0x0 ./driver/wdt.o
 .bss           0x0000000000000000        0x0 ./driver/wdt.o
 .text          0x0000000000000000        0x0 ./cmsis/core_cm0.o
 .data          0x0000000000000000        0x0 ./cmsis/core_cm0.o
 .bss           0x0000000000000000        0x0 ./cmsis/core_cm0.o
 .text.__get_PSP
                0x0000000000000000        0x8 ./cmsis/core_cm0.o
 .text.__set_PSP
                0x0000000000000000        0x6 ./cmsis/core_cm0.o
 .text.__get_MSP
                0x0000000000000000        0x8 ./cmsis/core_cm0.o
 .text.__set_MSP
                0x0000000000000000        0x6 ./cmsis/core_cm0.o
 .text.__get_PRIMASK
                0x0000000000000000        0x6 ./cmsis/core_cm0.o
 .text.__set_PRIMASK
                0x0000000000000000        0x6 ./cmsis/core_cm0.o
 .text.__get_CONTROL
                0x0000000000000000        0x6 ./cmsis/core_cm0.o
 .text.__set_CONTROL
                0x0000000000000000        0x6 ./cmsis/core_cm0.o
 .text.__REV    0x0000000000000000        0x4 ./cmsis/core_cm0.o
 .text.__REV16  0x0000000000000000        0x4 ./cmsis/core_cm0.o
 .text.__REVSH  0x0000000000000000        0x4 ./cmsis/core_cm0.o
 .text          0x0000000000000000        0x0 ./cmsis/system_LPC11xx.o
 .data          0x0000000000000000        0x0 ./cmsis/system_LPC11xx.o
 .bss           0x0000000000000000        0x0 ./cmsis/system_LPC11xx.o
 .text.SystemCoreClockUpdate
                0x0000000000000000       0xc0 ./cmsis/system_LPC11xx.o
 .text.SystemInit
                0x0000000000000000       0xb0 ./cmsis/system_LPC11xx.o
 .rodata.CSWTCH.7
                0x0000000000000000       0x40 ./cmsis/system_LPC11xx.o
 .text          0x0000000000000000        0x0 /Applications/lpcxpresso_4.3.0_1033/lpcxpresso/tools/bin/../lib/gcc/arm-none-eabi/4.6.2/../../../../arm-none-eabi/lib/armv6-m/libcr_c.a(__weak__main.o)
 .data          0x0000000000000000        0x0 /Applications/lpcxpresso_4.3.0_1033/lpcxpresso/tools/bin/../lib/gcc/arm-none-eabi/4.6.2/../../../../arm-none-eabi/lib/armv6-m/libcr_c.a(__weak__main.o)
 .bss           0x0000000000000000        0x0 /Applications/lpcxpresso_4.3.0_1033/lpcxpresso/tools/bin/../lib/gcc/arm-none-eabi/4.6.2/../../../../arm-none-eabi/lib/armv6-m/libcr_c.a(__weak__main.o)
 .text          0x0000000000000000        0x0 /Applications/lpcxpresso_4.3.0_1033/lpcxpresso/tools/bin/../lib/gcc/arm-none-eabi/4.6.2/armv6-m/libcr_eabihelpers.a(division.o)
 .data          0x0000000000000000        0x0 /Applications/lpcxpresso_4.3.0_1033/lpcxpresso/tools/bin/../lib/gcc/arm-none-eabi/4.6.2/armv6-m/libcr_eabihelpers.a(division.o)
 .bss           0x0000000000000000        0x0 /Applications/lpcxpresso_4.3.0_1033/lpcxpresso/tools/bin/../lib/gcc/arm-none-eabi/4.6.2/armv6-m/libcr_eabihelpers.a(division.o)
 .text.__aeabi_division_idivmod
                0x0000000000000000        0x6 /Applications/lpcxpresso_4.3.0_1033/lpcxpresso/tools/bin/../lib/gcc/arm-none-eabi/4.6.2/armv6-m/libcr_eabihelpers.a(division.o)
 .text.__aeabi_division_uldivmod
                0x0000000000000000       0x5a /Applications/lpcxpresso_4.3.0_1033/lpcxpresso/tools/bin/../lib/gcc/arm-none-eabi/4.6.2/armv6-m/libcr_eabihelpers.a(division.o)
 .text.__aeabi_division_ldivmod
                0x0000000000000000       0x32 /Applications/lpcxpresso_4.3.0_1033/lpcxpresso/tools/bin/../lib/gcc/arm-none-eabi/4.6.2/armv6-m/libcr_eabihelpers.a(division.o)
 .text.__aeabi_division_ldiv0
                0x0000000000000000        0x2 /Applications/lpcxpresso_4.3.0_1033/lpcxpresso/tools/bin/../lib/gcc/arm-none-eabi/4.6.2/armv6-m/libcr_eabihelpers.a(division.o)
 .text.__aeabi_division_idivq31+15
                0x0000000000000000      0x188 /Applications/lpcxpresso_4.3.0_1033/lpcxpresso/tools/bin/../lib/gcc/arm-none-eabi/4.6.2/armv6-m/libcr_eabihelpers.a(division.o)
 .text          0x0000000000000000        0x0 /Applications/lpcxpresso_4.3.0_1033/lpcxpresso/tools/bin/../lib/gcc/arm-none-eabi/4.6.2/armv6-m/libcr_eabihelpers.a(thumb1_switch_helpers.o)
 .data          0x0000000000000000        0x0 /Applications/lpcxpresso_4.3.0_1033/lpcxpresso/tools/bin/../lib/gcc/arm-none-eabi/4.6.2/armv6-m/libcr_eabihelpers.a(thumb1_switch_helpers.o)
 .bss           0x0000000000000000        0x0 /Applications/lpcxpresso_4.3.0_1033/lpcxpresso/tools/bin/../lib/gcc/arm-none-eabi/4.6.2/armv6-m/libcr_eabihelpers.a(thumb1_switch_helpers.o)
 .text.__gnu_thumb1_case_sqi
                0x0000000000000000       0x10 /Applications/lpcxpresso_4.3.0_1033/lpcxpresso/tools/bin/../lib/gcc/arm-none-eabi/4.6.2/armv6-m/libcr_eabihelpers.a(thumb1_switch_helpers.o)
 .text.__gnu_thumb1_case_shi
                0x0000000000000000       0x10 /Applications/lpcxpresso_4.3.0_1033/lpcxpresso/tools/bin/../lib/gcc/arm-none-eabi/4.6.2/armv6-m/libcr_eabihelpers.a(thumb1_switch_helpers.o)
 .text.__gnu_thumb1_case_uhi
                0x0000000000000000       0x10 /Applications/lpcxpresso_4.3.0_1033/lpcxpresso/tools/bin/../lib/gcc/arm-none-eabi/4.6.2/armv6-m/libcr_eabihelpers.a(thumb1_switch_helpers.o)
 .text.__gnu_thumb1_case_si
                0x0000000000000000       0x18 /Applications/lpcxpresso_4.3.0_1033/lpcxpresso/tools/bin/../lib/gcc/arm-none-eabi/4.6.2/armv6-m/libcr_eabihelpers.a(thumb1_switch_helpers.o)

Memory Configuration

Name             Origin             Length             Attributes
MFlash32         0x0000000000000000 0x0000000000008000 xr
RamLoc8          0x0000000010000000 0x0000000000002000 xrw
*default*        0x0000000000000000 0xffffffffffffffff

Linker script and memory map

LOAD ./startup/cr_startup_lpc11.o
LOAD ./src/Flowrate.o
LOAD ./src/Pumps.o
LOAD ./src/Pumps_main.o
LOAD ./driver/adc.o
LOAD ./driver/can.o
LOAD ./driver/clkconfig.o
LOAD ./driver/crp.o
LOAD ./driver/debug_printf.o
LOAD ./driver/gpio.o
LOAD ./driver/i2c.o
LOAD ./driver/i2cslave.o
LOAD ./driver/lpc_swu.o
LOAD ./driver/rs485.o
LOAD ./driver/small_gpio.o
LOAD ./driver/ssp.o
LOAD ./driver/timer16.o
LOAD ./driver/timer32.o
LOAD ./driver/uart.o
LOAD ./driver/wdt.o
LOAD ./cmsis/core_cm0.o
LOAD ./cmsis/system_LPC11xx.o
START GROUP
LOAD /Applications/lpcxpresso_4.3.0_1033/lpcxpresso/tools/bin/../lib/gcc/arm-none-eabi/4.6.2/../../../../arm-none-eabi/lib/armv6-m/libcr_c.a
LOAD /Applications/lpcxpresso_4.3.0_1033/lpcxpresso/tools/bin/../lib/gcc/arm-none-eabi/4.6.2/../../../../arm-none-eabi/lib/armv6-m/libcr_semihost.a
LOAD /Applications/lpcxpresso_4.3.0_1033/lpcxpresso/tools/bin/../lib/gcc/arm-none-eabi/4.6.2/armv6-m/libcr_eabihelpers.a
END GROUP
                0x0000000000008000                __top_MFlash32 = 0x8000
                0x0000000010002000                __top_RamLoc8 = 0x10002000

.text           0x0000000000000000     0x108c
 FILL mask 0xff
 *(.isr_vector)
 .isr_vector    0x0000000000000000       0xc0 ./startup/cr_startup_lpc11.o
                0x0000000000000000                g_pfnVectors
 *(.text.Reset_Handler .text.SystemInit)
                0x00000000000002fc                . = 0x2fc
 *fill*         0x00000000000000c0      0x23c ff
 *(.crp)
 .crp           0x00000000000002fc        0x4 ./driver/crp.o
                0x00000000000002fc                CRP_WORD
 *(.text*)
 .text.NMI_Handler
                0x0000000000000300        0x4 ./startup/cr_startup_lpc11.o
                0x0000000000000300                NMI_Handler
 .text.HardFault_Handler
                0x0000000000000304        0x4 ./startup/cr_startup_lpc11.o
                0x0000000000000304                HardFault_Handler
 .text.SVCall_Handler
                0x0000000000000308        0x4 ./startup/cr_startup_lpc11.o
                0x0000000000000308                SVCall_Handler
 .text.PendSV_Handler
                0x000000000000030c        0x4 ./startup/cr_startup_lpc11.o
                0x000000000000030c                PendSV_Handler
 .text.SysTick_Handler
                0x0000000000000310        0x4 ./startup/cr_startup_lpc11.o
                0x0000000000000310                SysTick_Handler
 .text.ResetISR
                0x0000000000000314       0x40 ./startup/cr_startup_lpc11.o
                0x0000000000000314                ResetISR
 .text.IntDefaultHandler
                0x0000000000000354        0x4 ./startup/cr_startup_lpc11.o
                0x0000000000000354                PIOINT3_IRQHandler
                0x0000000000000354                IntDefaultHandler
                0x0000000000000354                PIOINT1_IRQHandler
                0x0000000000000354                CAN_IRQHandler
                0x0000000000000354                SSP0_IRQHandler
                0x0000000000000354                TIMER16_1_IRQHandler
                0x0000000000000354                ADC_IRQHandler
                0x0000000000000354                SSP1_IRQHandler
                0x0000000000000354                BOD_IRQHandler
                0x0000000000000354                WAKEUP_IRQHandler
                0x0000000000000354                PIOINT0_IRQHandler
                0x0000000000000354                WDT_IRQHandler
                0x0000000000000354                TIMER16_0_IRQHandler
 .text.FlowrateInit
                0x0000000000000358      0x18c ./src/Flowrate.o
                0x0000000000000358                FlowrateInit
 .text.PIOINT2_IRQHandler
                0x00000000000004e4       0x80 ./src/Flowrate.o
                0x00000000000004e4                PIOINT2_IRQHandler
 .text.TIMER32_1_IRQHandler
                0x0000000000000564       0x40 ./src/Flowrate.o
                0x0000000000000564                TIMER32_1_IRQHandler
 .text.PumpsInit
                0x00000000000005a4      0x134 ./src/Pumps.o
                0x00000000000005a4                PumpsInit
 .text.PumpsSetSpeed
                0x00000000000006d8       0xf0 ./src/Pumps.o
                0x00000000000006d8                PumpsSetSpeed
 .text.startup.main
                0x00000000000007c8      0x154 ./src/Pumps_main.o
                0x00000000000007c8                main
 .text.TIMER32_0_IRQHandler
                0x000000000000091c       0x7c ./src/Pumps_main.o
                0x000000000000091c                TIMER32_0_IRQHandler
 .text.UART_IRQHandler
                0x0000000000000998      0x128 ./src/Pumps_main.o
                0x0000000000000998                UART_IRQHandler
 .text.GPIOInit
                0x0000000000000ac0       0x10 ./driver/gpio.o
                0x0000000000000ac0                GPIOInit
 .text.GPIOSetInterrupt
                0x0000000000000ad0       0xdc ./driver/gpio.o
                0x0000000000000ad0                GPIOSetInterrupt
 .text.GPIOIntEnable
                0x0000000000000bac       0x40 ./driver/gpio.o
                0x0000000000000bac                GPIOIntEnable
 .text.GPIOIntClear
                0x0000000000000bec       0x40 ./driver/gpio.o
                0x0000000000000bec                GPIOIntClear
 .text.GPIOSetValue
                0x0000000000000c2c       0x14 ./driver/gpio.o
                0x0000000000000c2c                GPIOSetValue
 .text.GPIOSetDir
                0x0000000000000c40       0x30 ./driver/gpio.o
                0x0000000000000c40                GPIOSetDir
 .text.I2C_IRQHandler
                0x0000000000000c70      0x134 ./driver/i2c.o
                0x0000000000000c70                I2C_IRQHandler
 .text.I2CInit  0x0000000000000da4       0x6c ./driver/i2c.o
                0x0000000000000da4                I2CInit
 .text.I2CEngine
                0x0000000000000e10       0x5c ./driver/i2c.o
                0x0000000000000e10                I2CEngine
 .text.enable_timer32
                0x0000000000000e6c       0x1c ./driver/timer32.o
                0x0000000000000e6c                enable_timer32
 .text.init_timer32
                0x0000000000000e88       0xa4 ./driver/timer32.o
                0x0000000000000e88                init_timer32
 .text.UARTInit
                0x0000000000000f2c       0xc4 ./driver/uart.o
                0x0000000000000f2c                UARTInit
 .text.__weak_main
                0x0000000000000ff0        0x8 /Applications/lpcxpresso_4.3.0_1033/lpcxpresso/tools/bin/../lib/gcc/arm-none-eabi/4.6.2/../../../../arm-none-eabi/lib/armv6-m/libcr_c.a(__weak__main.o)
                0x0000000000000ff0                __main
                0x0000000000000ff0                __weak_main
 .text.__aeabi_division_uidivmod
                0x0000000000000ff8       0x72 /Applications/lpcxpresso_4.3.0_1033/lpcxpresso/tools/bin/../lib/gcc/arm-none-eabi/4.6.2/armv6-m/libcr_eabihelpers.a(division.o)
                0x0000000000000ff8                __aeabi_uidiv
                0x0000000000000ff8                __aeabi_uidivmod
 .text.__aeabi_division_idiv0
                0x000000000000106a        0x2 /Applications/lpcxpresso_4.3.0_1033/lpcxpresso/tools/bin/../lib/gcc/arm-none-eabi/4.6.2/armv6-m/libcr_eabihelpers.a(division.o)
                0x000000000000106a                __aeabi_idiv0
 .text.__gnu_thumb1_case_uqi
                0x000000000000106c       0x10 /Applications/lpcxpresso_4.3.0_1033/lpcxpresso/tools/bin/../lib/gcc/arm-none-eabi/4.6.2/armv6-m/libcr_eabihelpers.a(thumb1_switch_helpers.o)
                0x000000000000106c                __gnu_thumb1_case_uqi
 *(.rodata*)
 .rodata.LPC_GPIO
                0x000000000000107c       0x10 ./driver/gpio.o

.glue_7         0x000000000000108c        0x0
 .glue_7        0x0000000000000000        0x0 linker stubs

.glue_7t        0x000000000000108c        0x0
 .glue_7t       0x0000000000000000        0x0 linker stubs

.vfp11_veneer   0x000000000000108c        0x0
 .vfp11_veneer  0x0000000000000000        0x0 linker stubs

.v4_bx          0x000000000000108c        0x0
 .v4_bx         0x0000000000000000        0x0 linker stubs

.ARM.extab
 *(.ARM.extab* .gnu.linkonce.armextab.*)
                0x000000000000108c                __exidx_start = .

.ARM.exidx
 *(.ARM.exidx* .gnu.linkonce.armexidx.*)
                0x000000000000108c                __exidx_end = .
                0x000000000000108c                _etext = .

.data           0x0000000010000000        0x8 load address 0x000000000000108c
                0x0000000010000000                _data = .
 *(vtable)
 *(.data*)
 .data.UARTTxEmpty
                0x0000000010000000        0x1 ./driver/uart.o
                0x0000000010000000                UARTTxEmpty
 *fill*         0x0000000010000001        0x3 00
 .data.SystemCoreClock
                0x0000000010000004        0x4 ./cmsis/system_LPC11xx.o
                0x0000000010000004                SystemCoreClock
                0x0000000010000008                _edata = .

.bss            0x0000000010000008      0x140 load address 0x0000000000001094
                0x0000000010000008                _bss = .
 *(.bss*)
 .bss.timer0_count
                0x0000000010000008        0x4 ./src/Pumps_main.o
                0x0000000010000008                timer0_count
 .bss.RdIndex   0x000000001000000c        0x4 ./driver/i2c.o
                0x000000001000000c                RdIndex
 .bss.I2CMasterState
                0x0000000010000010        0x4 ./driver/i2c.o
                0x0000000010000010                I2CMasterState
 .bss.WrIndex   0x0000000010000014        0x4 ./driver/i2c.o
                0x0000000010000014                WrIndex
 .bss.timeout   0x0000000010000018        0x4 ./driver/i2c.o
                0x0000000010000018                timeout
 .bss.UARTCount
                0x000000001000001c        0x4 ./driver/uart.o
                0x000000001000001c                UARTCount
 *(COMMON)
 COMMON         0x0000000010000020       0x40 ./src/Flowrate.o
                0x0000000010000020                Flowrate
                0x0000000010000040                count
 COMMON         0x0000000010000060       0x10 ./src/Pumps.o
                0x0000000010000060                PumpsSpeed
 COMMON         0x0000000010000070       0x4c ./src/Pumps_main.o
                0x0000000010000070                RxSum
                0x0000000010000074                RxCount
                0x0000000010000078                TxSum
                0x000000001000007a                RxBuffer
                0x0000000010000090                TxCount
                0x0000000010000094                TxBuffer
                0x00000000100000a8                NewSpeed
                0x00000000100000b8                NewSpeedData
 COMMON         0x00000000100000bc       0x8c ./driver/i2c.o
                0x00000000100000bc                I2CReadLength
                0x00000000100000c0                I2CSlaveBuffer
                0x0000000010000100                I2CMode
                0x0000000010000104                I2CMasterBuffer
                0x0000000010000144                I2CWriteLength
                0x0000000010000148                _ebss = .

.cr_heap        0x0000000010000148        0x0 load address 0x0000000000001094
                0x0000000010000148                end = .
                0x0000000010000148                _pvHeapStart = .
                0x0000000010002000                _vRamTop = __top_RamLoc8
                0x0000000010002000                _vStackTop = _vRamTop
OUTPUT(blinky.axf elf32-littlearm)

.debug_info     0x0000000000000000     0x4fcd
 .debug_info    0x0000000000000000      0x1b2 ./startup/cr_startup_lpc11.o
 .debug_info    0x00000000000001b2      0x623 ./src/Flowrate.o
 .debug_info    0x00000000000007d5      0x5f0 ./src/Pumps.o
 .debug_info    0x0000000000000dc5      0x909 ./src/Pumps_main.o
 .debug_info    0x00000000000016ce       0x6c ./driver/adc.o
 .debug_info    0x000000000000173a       0x6c ./driver/can.o
 .debug_info    0x00000000000017a6       0x6c ./driver/clkconfig.o
 .debug_info    0x0000000000001812       0x8e ./driver/crp.o
 .debug_info    0x00000000000018a0       0x6c ./driver/debug_printf.o
 .debug_info    0x000000000000190c      0x806 ./driver/gpio.o
 .debug_info    0x0000000000002112      0xca5 ./driver/i2c.o
 .debug_info    0x0000000000002db7       0x6c ./driver/i2cslave.o
 .debug_info    0x0000000000002e23       0x6c ./driver/lpc_swu.o
 .debug_info    0x0000000000002e8f       0x6c ./driver/rs485.o
 .debug_info    0x0000000000002efb       0x6c ./driver/small_gpio.o
 .debug_info    0x0000000000002f67       0x6c ./driver/ssp.o
 .debug_info    0x0000000000002fd3       0x6c ./driver/timer16.o
 .debug_info    0x000000000000303f      0xa7b ./driver/timer32.o
 .debug_info    0x0000000000003aba      0xc79 ./driver/uart.o
 .debug_info    0x0000000000004733       0x6c ./driver/wdt.o
 .debug_info    0x000000000000479f      0x2aa ./cmsis/core_cm0.o
 .debug_info    0x0000000000004a49      0x584 ./cmsis/system_LPC11xx.o

.debug_abbrev   0x0000000000000000     0x107b
 .debug_abbrev  0x0000000000000000       0xa7 ./startup/cr_startup_lpc11.o
 .debug_abbrev  0x00000000000000a7      0x1dd ./src/Flowrate.o
 .debug_abbrev  0x0000000000000284      0x155 ./src/Pumps.o
 .debug_abbrev  0x00000000000003d9      0x1ff ./src/Pumps_main.o
 .debug_abbrev  0x00000000000005d8       0x2a ./driver/adc.o
 .debug_abbrev  0x0000000000000602       0x2a ./driver/can.o
 .debug_abbrev  0x000000000000062c       0x2a ./driver/clkconfig.o
 .debug_abbrev  0x0000000000000656       0x4f ./driver/crp.o
 .debug_abbrev  0x00000000000006a5       0x2a ./driver/debug_printf.o
 .debug_abbrev  0x00000000000006cf      0x1c5 ./driver/gpio.o
 .debug_abbrev  0x0000000000000894      0x1b5 ./driver/i2c.o
 .debug_abbrev  0x0000000000000a49       0x2a ./driver/i2cslave.o
 .debug_abbrev  0x0000000000000a73       0x2a ./driver/lpc_swu.o
 .debug_abbrev  0x0000000000000a9d       0x2a ./driver/rs485.o
 .debug_abbrev  0x0000000000000ac7       0x2a ./driver/small_gpio.o
 .debug_abbrev  0x0000000000000af1       0x2a ./driver/ssp.o
 .debug_abbrev  0x0000000000000b1b       0x2a ./driver/timer16.o
 .debug_abbrev  0x0000000000000b45      0x155 ./driver/timer32.o
 .debug_abbrev  0x0000000000000c9a      0x1cf ./driver/uart.o
 .debug_abbrev  0x0000000000000e69       0x2a ./driver/wdt.o
 .debug_abbrev  0x0000000000000e93       0xad ./cmsis/core_cm0.o
 .debug_abbrev  0x0000000000000f40      0x13b ./cmsis/system_LPC11xx.o

.debug_loc      0x0000000000000000      0xc40
 .debug_loc     0x0000000000000000      0x129 ./startup/cr_startup_lpc11.o
 .debug_loc     0x0000000000000129       0xc0 ./src/Flowrate.o
 .debug_loc     0x00000000000001e9       0xaf ./src/Pumps.o
 .debug_loc     0x0000000000000298      0x15c ./src/Pumps_main.o
 .debug_loc     0x00000000000003f4      0x340 ./driver/gpio.o
 .debug_loc     0x0000000000000734       0xf9 ./driver/i2c.o
 .debug_loc     0x000000000000082d      0x1c5 ./driver/timer32.o
 .debug_loc     0x00000000000009f2       0xa4 ./driver/uart.o
 .debug_loc     0x0000000000000a96      0x112 ./cmsis/core_cm0.o
 .debug_loc     0x0000000000000ba8       0x98 ./cmsis/system_LPC11xx.o

.debug_aranges  0x0000000000000000      0x290
 .debug_aranges
                0x0000000000000000       0x50 ./startup/cr_startup_lpc11.o
 .debug_aranges
                0x0000000000000050       0x30 ./src/Flowrate.o
 .debug_aranges
                0x0000000000000080       0x30 ./src/Pumps.o
 .debug_aranges
                0x00000000000000b0       0x30 ./src/Pumps_main.o
 .debug_aranges
                0x00000000000000e0       0x58 ./driver/gpio.o
 .debug_aranges
                0x0000000000000138       0x40 ./driver/i2c.o
 .debug_aranges
                0x0000000000000178       0x50 ./driver/timer32.o
 .debug_aranges
                0x00000000000001c8       0x30 ./driver/uart.o
 .debug_aranges
                0x00000000000001f8       0x70 ./cmsis/core_cm0.o
 .debug_aranges
                0x0000000000000268       0x28 ./cmsis/system_LPC11xx.o

.debug_ranges   0x0000000000000000      0x1f0
 .debug_ranges  0x0000000000000000       0x40 ./startup/cr_startup_lpc11.o
 .debug_ranges  0x0000000000000040       0x20 ./src/Flowrate.o
 .debug_ranges  0x0000000000000060       0x20 ./src/Pumps.o
 .debug_ranges  0x0000000000000080       0x20 ./src/Pumps_main.o
 .debug_ranges  0x00000000000000a0       0x48 ./driver/gpio.o
 .debug_ranges  0x00000000000000e8       0x30 ./driver/i2c.o
 .debug_ranges  0x0000000000000118       0x40 ./driver/timer32.o
 .debug_ranges  0x0000000000000158       0x20 ./driver/uart.o
 .debug_ranges  0x0000000000000178       0x60 ./cmsis/core_cm0.o
 .debug_ranges  0x00000000000001d8       0x18 ./cmsis/system_LPC11xx.o

.debug_line     0x0000000000000000     0x151f
 .debug_line    0x0000000000000000       0xd2 ./startup/cr_startup_lpc11.o
 .debug_line    0x00000000000000d2      0x28c ./src/Flowrate.o
 .debug_line    0x000000000000035e      0x1d9 ./src/Pumps.o
 .debug_line    0x0000000000000537      0x295 ./src/Pumps_main.o
 .debug_line    0x00000000000007cc       0x1d ./driver/adc.o
 .debug_line    0x00000000000007e9       0x1d ./driver/can.o
 .debug_line    0x0000000000000806       0x1d ./driver/clkconfig.o
 .debug_line    0x0000000000000823       0xbd ./driver/crp.o
 .debug_line    0x00000000000008e0       0x1d ./driver/debug_printf.o
 .debug_line    0x00000000000008fd      0x1d5 ./driver/gpio.o
 .debug_line    0x0000000000000ad2      0x1cb ./driver/i2c.o
 .debug_line    0x0000000000000c9d       0x1d ./driver/i2cslave.o
 .debug_line    0x0000000000000cba       0x1d ./driver/lpc_swu.o
 .debug_line    0x0000000000000cd7       0x1d ./driver/rs485.o
 .debug_line    0x0000000000000cf4       0x1d ./driver/small_gpio.o
 .debug_line    0x0000000000000d11       0x1d ./driver/ssp.o
 .debug_line    0x0000000000000d2e       0x1d ./driver/timer16.o
 .debug_line    0x0000000000000d4b      0x25d ./driver/timer32.o
 .debug_line    0x0000000000000fa8      0x205 ./driver/uart.o
 .debug_line    0x00000000000011ad       0x1d ./driver/wdt.o
 .debug_line    0x00000000000011ca      0x18f ./cmsis/core_cm0.o
 .debug_line    0x0000000000001359      0x1c6 ./cmsis/system_LPC11xx.o

.debug_str      0x0000000000000000      0xeea
 .debug_str     0x0000000000000000      0x152 ./startup/cr_startup_lpc11.o
                                        0x171 (size before relaxing)
 .debug_str     0x0000000000000152      0x344 ./src/Flowrate.o
                                        0x403 (size before relaxing)
 .debug_str     0x0000000000000496      0x212 ./src/Pumps.o
                                        0x359 (size before relaxing)
 .debug_str     0x00000000000006a8       0xdb ./src/Pumps_main.o
                                        0x49b (size before relaxing)
 .debug_str     0x0000000000000783       0x10 ./driver/adc.o
                                        0x10d (size before relaxing)
 .debug_str     0x0000000000000793       0x10 ./driver/can.o
                                        0x10d (size before relaxing)
 .debug_str     0x00000000000007a3       0x16 ./driver/clkconfig.o
                                        0x113 (size before relaxing)
 .debug_str     0x00000000000007b9       0x19 ./driver/crp.o
                                        0x11f (size before relaxing)
 .debug_str     0x00000000000007d2       0x19 ./driver/debug_printf.o
                                        0x116 (size before relaxing)
 .debug_str     0x00000000000007eb      0x312 ./driver/gpio.o
                                        0x47e (size before relaxing)
 .debug_str     0x0000000000000afd      0x108 ./driver/i2c.o
                                        0x884 (size before relaxing)
 .debug_str     0x0000000000000c05       0x15 ./driver/i2cslave.o
                                        0x112 (size before relaxing)
 .debug_str     0x0000000000000c1a       0x14 ./driver/lpc_swu.o
                                        0x111 (size before relaxing)
 .debug_str     0x0000000000000c2e       0x12 ./driver/rs485.o
                                        0x10f (size before relaxing)
 .debug_str     0x0000000000000c40       0x17 ./driver/small_gpio.o
                                        0x114 (size before relaxing)
 .debug_str     0x0000000000000c57       0x10 ./driver/ssp.o
                                        0x10d (size before relaxing)
 .debug_str     0x0000000000000c67       0x14 ./driver/timer16.o
                                        0x111 (size before relaxing)
 .debug_str     0x0000000000000c7b       0xd6 ./driver/timer32.o
                                        0x638 (size before relaxing)
 .debug_str     0x0000000000000d51       0x81 ./driver/uart.o
                                        0x80f (size before relaxing)
 .debug_str     0x0000000000000dd2       0x10 ./driver/wdt.o
                                        0x10d (size before relaxing)
 .debug_str     0x0000000000000de2       0xbf ./cmsis/core_cm0.o
                                        0x1e4 (size before relaxing)
 .debug_str     0x0000000000000ea1       0x49 ./cmsis/system_LPC11xx.o
                                        0x40b (size before relaxing)

.comment        0x0000000000000000       0x9a
 .comment       0x0000000000000000       0x70 ./startup/cr_startup_lpc11.o
                                         0x71 (size before relaxing)
 .comment       0x0000000000000000       0x71 ./src/Flowrate.o
 .comment       0x0000000000000000       0x71 ./src/Pumps.o
 .comment       0x0000000000000000       0x71 ./src/Pumps_main.o
 .comment       0x0000000000000000       0x71 ./driver/adc.o
 .comment       0x0000000000000000       0x71 ./driver/can.o
 .comment       0x0000000000000000       0x71 ./driver/clkconfig.o
 .comment       0x0000000000000000       0x71 ./driver/crp.o
 .comment       0x0000000000000000       0x71 ./driver/debug_printf.o
 .comment       0x0000000000000000       0x71 ./driver/gpio.o
 .comment       0x0000000000000000       0x71 ./driver/i2c.o
 .comment       0x0000000000000000       0x71 ./driver/i2cslave.o
 .comment       0x0000000000000000       0x71 ./driver/lpc_swu.o
 .comment       0x0000000000000000       0x71 ./driver/rs485.o
 .comment       0x0000000000000000       0x71 ./driver/small_gpio.o
 .comment       0x0000000000000000       0x71 ./driver/ssp.o
 .comment       0x0000000000000000       0x71 ./driver/timer16.o
 .comment       0x0000000000000000       0x71 ./driver/timer32.o
 .comment       0x0000000000000000       0x71 ./driver/uart.o
 .comment       0x0000000000000000       0x71 ./driver/wdt.o
 .comment       0x0000000000000000       0x71 ./cmsis/core_cm0.o
 .comment       0x0000000000000000       0x71 ./cmsis/system_LPC11xx.o
 .comment       0x0000000000000070       0x2a /Applications/lpcxpresso_4.3.0_1033/lpcxpresso/tools/bin/../lib/gcc/arm-none-eabi/4.6.2/../../../../arm-none-eabi/lib/armv6-m/libcr_c.a(__weak__main.o)
                                         0x2b (size before relaxing)

.ARM.attributes
                0x0000000000000000       0x31
 .ARM.attributes
                0x0000000000000000       0x33 ./startup/cr_startup_lpc11.o
 .ARM.attributes
                0x0000000000000033       0x33 ./src/Flowrate.o
 .ARM.attributes
                0x0000000000000066       0x33 ./src/Pumps.o
 .ARM.attributes
                0x0000000000000099       0x33 ./src/Pumps_main.o
 .ARM.attributes
                0x00000000000000cc       0x33 ./driver/adc.o
 .ARM.attributes
                0x00000000000000ff       0x33 ./driver/can.o
 .ARM.attributes
                0x0000000000000132       0x33 ./driver/clkconfig.o
 .ARM.attributes
                0x0000000000000165       0x33 ./driver/crp.o
 .ARM.attributes
                0x0000000000000198       0x33 ./driver/debug_printf.o
 .ARM.attributes
                0x00000000000001cb       0x33 ./driver/gpio.o
 .ARM.attributes
                0x00000000000001fe       0x33 ./driver/i2c.o
 .ARM.attributes
                0x0000000000000231       0x33 ./driver/i2cslave.o
 .ARM.attributes
                0x0000000000000264       0x33 ./driver/lpc_swu.o
 .ARM.attributes
                0x0000000000000297       0x33 ./driver/rs485.o
 .ARM.attributes
                0x00000000000002ca       0x33 ./driver/small_gpio.o
 .ARM.attributes
                0x00000000000002fd       0x33 ./driver/ssp.o
 .ARM.attributes
                0x0000000000000330       0x33 ./driver/timer16.o
 .ARM.attributes
                0x0000000000000363       0x33 ./driver/timer32.o
 .ARM.attributes
                0x0000000000000396       0x33 ./driver/uart.o
 .ARM.attributes
                0x00000000000003c9       0x33 ./driver/wdt.o
 .ARM.attributes
                0x00000000000003fc       0x33 ./cmsis/core_cm0.o
 .ARM.attributes
                0x000000000000042f       0x33 ./cmsis/system_LPC11xx.o
 .ARM.attributes
                0x0000000000000462       0x33 /Applications/lpcxpresso_4.3.0_1033/lpcxpresso/tools/bin/../lib/gcc/arm-none-eabi/4.6.2/../../../../arm-none-eabi/lib/armv6-m/libcr_c.a(__weak__main.o)
 .ARM.attributes
                0x0000000000000495       0x23 /Applications/lpcxpresso_4.3.0_1033/lpcxpresso/tools/bin/../lib/gcc/arm-none-eabi/4.6.2/armv6-m/libcr_eabihelpers.a(division.o)
 .ARM.attributes
                0x00000000000004b8       0x23 /Applications/lpcxpresso_4.3.0_1033/lpcxpresso/tools/bin/../lib/gcc/arm-none-eabi/4.6.2/armv6-m/libcr_eabihelpers.a(thumb1_switch_helpers.o)

.debug_frame    0x0000000000000000      0x564
 .debug_frame   0x0000000000000000       0xb8 ./startup/cr_startup_lpc11.o
 .debug_frame   0x00000000000000b8       0x60 ./src/Flowrate.o
 .debug_frame   0x0000000000000118       0x64 ./src/Pumps.o
 .debug_frame   0x000000000000017c       0x68 ./src/Pumps_main.o
 .debug_frame   0x00000000000001e4       0xcc ./driver/gpio.o
 .debug_frame   0x00000000000002b0       0x88 ./driver/i2c.o
 .debug_frame   0x0000000000000338       0xc4 ./driver/timer32.o
 .debug_frame   0x00000000000003fc       0x60 ./driver/uart.o
 .debug_frame   0x000000000000045c       0xc0 ./cmsis/core_cm0.o
 .debug_frame   0x000000000000051c       0x48 ./cmsis/system_LPC11xx.o
